
    -----------------------------------------------------------------------
          Psi4: An Open-Source Ab Initio Electronic Structure Package
                               Psi4 1.4a2.dev313 

                         Git: Rev {master} 65c0921 


    R. M. Parrish, L. A. Burns, D. G. A. Smith, A. C. Simmonett,
    A. E. DePrince III, E. G. Hohenstein, U. Bozkaya, A. Yu. Sokolov,
    R. Di Remigio, R. M. Richard, J. F. Gonthier, A. M. James,
    H. R. McAlexander, A. Kumar, M. Saitow, X. Wang, B. P. Pritchard,
    P. Verma, H. F. Schaefer III, K. Patkowski, R. A. King, E. F. Valeev,
    F. A. Evangelista, J. M. Turney, T. D. Crawford, and C. D. Sherrill,
    J. Chem. Theory Comput. 13(7) pp 3185--3197 (2017).
    (doi: 10.1021/acs.jctc.7b00174)


                         Additional Contributions by
    P. Kraus, H. Kruse, M. H. Lechner, M. C. Schieber, R. A. Shaw,
    A. Alenaizan, R. Galvelis, Z. L. Glick, S. Lehtola, and J. P. Misiewicz

    -----------------------------------------------------------------------


    Psi4 started on: Saturday, 21 March 2020 12:44AM

    Process ID: 46313
    Host:       Yorks-Mac.local
    PSIDATADIR: /Users/york/src/psi4group/psi4/share/psi4
    Memory:     500.0 MiB
    Threads:    1
    
  ==> Input File <==

--------------------------------------------------------------------------
#! Generated using commit GITCOMMIT

import forte

refcas   =  -99.939316382624014
refpt2   = -100.102891134624784

memory 500 mb

molecule HF{
  0 1
  F
  H  1 R
  R = 1.50
}

set globals{
  basis                   cc-pvdz
  reference               twocon
  scf_type                pk
  d_convergence           12
  e_convergence           15
}

set mcscf{
  docc                    [2,0,1,1]
  socc                    [2,0,0,0]
  maxiter                 1000
  level_shift             1.0
}
Emcscf, wfn = energy('mcscf', return_wfn=True)
compare_values(refcas, Emcscf, 10, "CASSCF(2,2) (PSI4 MCSCF) energy")

set globals {
  scf_type               direct
  reference              rhf
}
set forte{
  job_type               casscf
  casscf_ci_solver       fci
  restricted_docc        [2,0,1,1]
  active                 [2,0,0,0]
  e_convergence          12
  r_convergence          8
  casscf_g_convergence   1e-8
  casscf_e_convergence   1e-12
}
Escf, wfn = energy('scf', return_wfn=True)
Ecas, wfn = energy('forte', ref_wfn=wfn, return_wfn=True)
compare_values(refcas, Emcscf, 10, "CASSCF(2,2) (FORTE) energy")

set forte{
  job_type                newdriver
  active_space_solver     cas
  correlation_solver      sa-mrdsrg
  corr_level              pt2
  frozen_docc             [0,0,0,0]
  restricted_docc         [2,0,1,1]
  active                  [2,0,0,0]
  dsrg_s                  1.0
  e_convergence           10
}

Ept2 = energy('forte', ref_wfn=wfn)
compare_values(refpt2, Ept2, 10, "DSRG-MRPT2 energy")

set forte{
  int_type           cholesky
  cholesky_tolerance 1e-12
}
Ept2_cholesky = energy('forte', ref_wfn=wfn)
compare_values(refpt2, Ept2_cholesky, 10, "CD-DSRG-MRPT2 energy")
--------------------------------------------------------------------------

  Memory set to 476.837 MiB by Python driver.

Scratch directory: /Users/york/scratch/psi4/
   => Loading Basis Set <=

    Name: CC-PVDZ
    Role: ORBITAL
    Keyword: BASIS
    atoms 1 entry F          line   228 file /Users/york/src/psi4group/psi4/share/psi4/basis/cc-pvdz.gbs 
    atoms 2 entry H          line    22 file /Users/york/src/psi4group/psi4/share/psi4/basis/cc-pvdz.gbs 


*** tstart() called on Yorks-Mac.local
*** at Sat Mar 21 00:44:14 2020


         ------------------------------------------
           MCSCF: a self-consistent field program
            written by Francesco A. Evangelista
         ------------------------------------------

  MOs per irrep:                                      A1  A2  B1  B2 Total
  ----------------------------------------------------------------------------
  Total                                               10    1    4    4    19
  Doubly Occupied                                      2    0    1    1     4
  Active/Singly Occupied                               2    0    0    0     2
  ----------------------------------------------------------------------------

  Running an SCF calculation
  TWOCON MOs = [2 (A1),3 (A1)]

  Generated 190 pairs
  Distributed as [76 A1][26 A2][44 B1][44 B2]
  batch   0 pq = [       0,      76] index = [               0,            2926]

  Allocated the PK matrix (2926 elements) 
  Allocated the  K matrix (2926 elements) 
  Reading the two-electron integrals to form PK and K ... 
  batch   0 ... done.


  =========================================================================================
         Cycle          Energy               D(Energy)            D(Density)            DIIS
  ===========================================================================================
  Setting level shift to 1.000 S
  @SCF    0      -93.745779861830     -93.745779861830       0.147704439122
    ci      = [ 0.00000000, 0.00000000]
    ci_grad = [ 0.00000000, 0.00000000]
  Setting level shift to 1.000 S
  @SCF    1      -99.351077508388      -5.605297646558       0.133311794885
    ci      = [ 0.00000000, 0.00000000]
    ci_grad = [ 0.00000000, 0.00000000]
  Setting level shift to 1.000 S
  @SCF    2      -99.620406918137      -0.269329409749       0.008351867727
    ci      = [ 0.00000000, 0.00000000]
    ci_grad = [ 0.00000000, 0.00000000]
  Setting level shift to 1.000 S
  @SCF    3      -99.654963314989      -0.034556396852       0.002499066020
    ci      = [ 0.00000000, 0.00000000]
    ci_grad = [ 0.00000000, 0.00000000]
  Setting level shift to 1.000 S
  @SCF    4      -99.671045171076      -0.016081856087       0.001027452450
    ci      = [ 0.00000000, 0.00000000]
    ci_grad = [ 0.00000000, 0.00000000]
  Setting level shift to 1.000 S
  @SCF    5      -99.669199700442       0.001845470634       0.000559363313
    ci      = [ 0.00000000, 0.00000000]
    ci_grad = [ 0.00000000, 0.00000000]
  Setting level shift to 1.000 S
  @SCF    6      -99.672673699033      -0.003473998592       0.000349728305
    ci      = [ 0.00000000, 0.00000000]
    ci_grad = [ 0.00000000, 0.00000000]
  Setting level shift to 1.000 S/E
  @SCF    7      -99.670950000182       0.001723698851       0.000270540194
    ci      = [ 0.00000000, 0.00000000]
    ci_grad = [ 0.00000000, 0.00000000]
  Setting level shift to 1.000 S/E
  @SCF    8      -99.671894071304      -0.000944071122       0.000115222125
    ci      = [ 0.00000000, 0.00000000]
    ci_grad = [ 0.00000000, 0.00000000]
  Setting level shift to 1.000 S/E
  @SCF    9      -99.671913548482      -0.000019477179       0.000001846099
    ci      = [ 0.00000000, 0.00000000]
    ci_grad = [ 0.00000000, 0.00000000]
  Setting level shift to 1.000 S/E
  @SCF   10      -99.671913943377      -0.000000394894       0.000000375559
    ci      = [-0.95174821, 0.30688000]
    ci_grad = [ 0.00000000, 0.00000000]
  Setting level shift to 1.000 S/E
  @SCF   11      -99.671912789790       0.000001153587       0.000000154821
    ci      = [-0.95174800, 0.30688068]
    ci_grad = [-0.00000124,-0.00000008]
  Setting level shift to 1.000 S/E
  @SCF   12      -99.671913909061      -0.000001119271       0.000000059752
    ci      = [-0.95174805, 0.30688053]
    ci_grad = [ 0.00000110,-0.00000025]
  Setting level shift to 1.000 S/E
  @SCF   13      -99.671914625887      -0.000000716826       0.000000031311
    ci      = [-0.95174808, 0.30688042]
    ci_grad = [ 0.00000070,-0.00000016]
  Setting level shift to 1.000 S/E
  @SCF   14      -99.671916354987      -0.000001729100       0.000000115359
    ci      = [-0.95174826, 0.30687986]
    ci_grad = [ 0.00000176,-0.00000017]
  Setting level shift to 1.000 S/E
  @SCF   15      -99.671916293809       0.000000061179       0.000000138729
    ci      = [-0.95174821, 0.30688002]
    ci_grad = [-0.00000009,-0.00000008]
  Setting level shift to 1.000 S/E
  @SCF   16      -99.671915022766       0.000001271043       0.000000064787
    ci      = [-0.95174810, 0.30688035]
    ci_grad = [-0.00000128, 0.00000018]
  Setting level shift to 1.000 S/E
  @SCF   17      -99.671916669493      -0.000001646727       0.000000158647
    ci      = [-0.95174795, 0.30688083]
    ci_grad = [ 0.00000147,-0.00000081]
  Setting level shift to 1.000 S/E
  @SCF   18      -99.911104559699      -0.239187890206       0.023014338393
    ci      = [-0.95174795, 0.30688083]
    ci_grad = [ 0.23999183,-0.02587815]
  Setting level shift to 1.000 S/E
  @SCF   19      -99.927744896371      -0.016640336672       0.006179834738
    ci      = [-0.95174795, 0.30688083]
    ci_grad = [ 0.02241052, 0.01744979]
  Setting level shift to 1.000 S/E
  @SCF   20      -99.931949729598      -0.004204833227       0.002886653642
    ci      = [-0.95174795, 0.30688083]
    ci_grad = [ 0.01071403, 0.02177395]
  Setting level shift to 1.000 S/E
  @SCF   21      -99.933545094155      -0.001595364556       0.001651025856
    ci      = [-0.95174795, 0.30688083]
    ci_grad = [ 0.00694207, 0.01774749]
  Setting level shift to 1.000 S/E
  @SCF   22      -99.935891171876      -0.002346077721       0.002816657513
    ci      = [-0.95174795, 0.30688083]
    ci_grad = [ 0.00677845, 0.01434579]
  Setting level shift to 1.000 S/E
  @SCF   23      -99.938356202066      -0.002465030190       0.004733489980
    ci      = [-0.95174795, 0.30688083]
    ci_grad = [ 0.00532747, 0.00888697]
  Setting level shift to 1.000 S/E
  @SCF   24      -99.939137753765      -0.000781551698       0.003141516432
    ci      = [-0.95174795, 0.30688083]
    ci_grad = [ 0.00362614, 0.00906677]
  Setting level shift to 1.000 S/E
  @SCF   25      -99.939220506006      -0.000082752241       0.000664705090
    ci      = [-0.95174795, 0.30688083]
    ci_grad = [ 0.00272896, 0.00850301]
  Setting level shift to 1.000 S/E
  @SCF   26      -99.939276778118      -0.000056272112       0.000646707748
    ci      = [-0.95174795, 0.30688083]
    ci_grad = [ 0.00264520, 0.00831575]
  Setting level shift to 1.000 S/E
  @SCF   27      -99.939297144392      -0.000020366274       0.000344756466
    ci      = [-0.95174795, 0.30688083]
    ci_grad = [ 0.00247754, 0.00788287]
  Setting level shift to 1.000 S/E
  @SCF   28      -99.939304026322      -0.000006881930       0.000290950720
    ci      = [-0.95453539, 0.29809760]
    ci_grad = [ 0.00230118, 0.00734551]
  Setting level shift to 1.000 S/E
  @SCF   29      -99.939304986332      -0.000000960009       0.000227754201
    ci      = [-0.95441498, 0.29848292]
    ci_grad = [-0.00009951,-0.00032140]
  Setting level shift to 1.000 S/E
  @SCF   30      -99.939307552881      -0.000002566549       0.000034786254
    ci      = [-0.95447668, 0.29828554]
    ci_grad = [ 0.00005388, 0.00016380]
  Setting level shift to 1.000 S/E
  @SCF   31      -99.939307486894       0.000000065987       0.000048314218
    ci      = [-0.95448842, 0.29824797]
    ci_grad = [ 0.00000973, 0.00003135]
  Setting level shift to 1.000 S/E
  @SCF   32      -99.939313427859      -0.000005940964       0.000107502377
    ci      = [-0.95471676, 0.29751622]
    ci_grad = [ 0.00019607, 0.00060922]
  Setting level shift to 1.000 S/E
  @SCF   33      -99.939314627632      -0.000001199773       0.000043120880
    ci      = [-0.95479145, 0.29727644]
    ci_grad = [ 0.00006351, 0.00019995]
  Setting level shift to 1.000 S/E
  @SCF   34      -99.939316109585      -0.000001481953       0.000138858324
    ci      = [-0.95483913, 0.29712326]
    ci_grad = [ 0.00004126, 0.00012759]
  Setting level shift to 1.000 S/E
  @SCF   35      -99.939316277331      -0.000000167746       0.000042902115
    ci      = [-0.95486188, 0.29705013]
    ci_grad = [ 0.00001918, 0.00006109]
  Setting level shift to 1.000 S/E
  @SCF   36      -99.939316337894      -0.000000060563       0.000013100985
    ci      = [-0.95487901, 0.29699508]
    ci_grad = [ 0.00001438, 0.00004602]
  Setting level shift to 1.000 S/E
  @SCF   37      -99.939316367857      -0.000000029963       0.000012157338
    ci      = [-0.95488957, 0.29696111]
    ci_grad = [ 0.00000886, 0.00002840]
  Setting level shift to 1.000 S/E
  @SCF   38      -99.939316380274      -0.000000012417       0.000009501969
    ci      = [-0.95489820, 0.29693339]
    ci_grad = [ 0.00000722, 0.00002319]
  Setting level shift to 1.000 S/E
  @SCF   39      -99.939316381386      -0.000000001111       0.000003169093
    ci      = [-0.95489835, 0.29693288]
    ci_grad = [ 0.00000013, 0.00000043]
  Setting level shift to 1.000 S/E
  @SCF   40      -99.939316382343      -0.000000000957       0.000001641183
    ci      = [-0.95490065, 0.29692549]
    ci_grad = [ 0.00000192, 0.00000618]
  Setting level shift to 1.000 S/E
  @SCF   41      -99.939316382487      -0.000000000145       0.000000836081
    ci      = [-0.95490130, 0.29692339]
    ci_grad = [ 0.00000055, 0.00000176]
  Setting level shift to 1.000 S/E
  @SCF   42      -99.939316382560      -0.000000000073       0.000000633644
    ci      = [-0.95490161, 0.29692241]
    ci_grad = [ 0.00000026, 0.00000082]
  Setting level shift to 1.000 S/E
  @SCF   43      -99.939316382595      -0.000000000034       0.000000585941
    ci      = [-0.95490164, 0.29692231]
    ci_grad = [ 0.00000003, 0.00000008]
  Setting level shift to 1.000 S/E
  @SCF   44      -99.939316382607      -0.000000000013       0.000000355989
    ci      = [-0.95490157, 0.29692253]
    ci_grad = [-0.00000006,-0.00000018]
  Setting level shift to 1.000 S/E
  @SCF   45      -99.939316382617      -0.000000000010       0.000000249768
    ci      = [-0.95490170, 0.29692210]
    ci_grad = [ 0.00000011, 0.00000036]
  Setting level shift to 1.000 S/E
  @SCF   46      -99.939316382623      -0.000000000006       0.000000211817
    ci      = [-0.95490171, 0.29692208]
    ci_grad = [ 0.00000001, 0.00000002]
  Setting level shift to 1.000 S/E
  @SCF   47      -99.939316382624      -0.000000000001       0.000000100314
    ci      = [-0.95490174, 0.29692198]
    ci_grad = [ 0.00000003, 0.00000009]
  Setting level shift to 1.000 S/E
  @SCF   48      -99.939316382624      -0.000000000000       0.000000036722
    ci      = [-0.95490173, 0.29692201]
    ci_grad = [-0.00000001,-0.00000002]
  Setting level shift to 1.000 S/E
  @SCF   49      -99.939316382624      -0.000000000000       0.000000032156
    ci      = [-0.95490173, 0.29692201]
    ci_grad = [-0.00000000,-0.00000000]
  Setting level shift to 1.000 S/E
  @SCF   50      -99.939316382624      -0.000000000000       0.000000021359
    ci      = [-0.95490172, 0.29692206]
    ci_grad = [-0.00000001,-0.00000004]
  Setting level shift to 1.000 S/E
  @SCF   51      -99.939316382624      -0.000000000000       0.000000007710
    ci      = [-0.95490172, 0.29692206]
    ci_grad = [-0.00000000,-0.00000001]
  Setting level shift to 1.000 S/E
  @SCF   52      -99.939316382624       0.000000000000       0.000000004838
    ci      = [-0.95490171, 0.29692207]
    ci_grad = [-0.00000000,-0.00000001]
  Setting level shift to 1.000 S/E
  @SCF   53      -99.939316382624      -0.000000000000       0.000000006212
    ci      = [-0.95490171, 0.29692208]
    ci_grad = [-0.00000000,-0.00000001]
  Setting level shift to 1.000 S/E
  @SCF   54      -99.939316382624       0.000000000000       0.000000003254
    ci      = [-0.95490171, 0.29692208]
    ci_grad = [ 0.00000000, 0.00000000]
  Setting level shift to 1.000 S/E
  @SCF   55      -99.939316382624      -0.000000000000       0.000000004495
    ci      = [-0.95490171, 0.29692208]
    ci_grad = [ 0.00000000, 0.00000000]
  Setting level shift to 1.000 S/E
  @SCF   56      -99.939316382624      -0.000000000000       0.000000001577
    ci      = [-0.95490171, 0.29692208]
    ci_grad = [ 0.00000000, 0.00000000]
  Setting level shift to 1.000 S/E
  @SCF   57      -99.939316382624       0.000000000000       0.000000000245
    ci      = [-0.95490171, 0.29692208]
    ci_grad = [ 0.00000000, 0.00000000]
  Setting level shift to 1.000 S/E
  @SCF   58      -99.939316382624       0.000000000000       0.000000000185
    ci      = [-0.95490171, 0.29692208]
    ci_grad = [ 0.00000000, 0.00000000]
  Setting level shift to 1.000 S/E
  @SCF   59      -99.939316382624      -0.000000000000       0.000000000698
    ci      = [-0.95490171, 0.29692208]
    ci_grad = [ 0.00000000, 0.00000000]
  Setting level shift to 1.000 S/E
  @SCF   60      -99.939316382624      -0.000000000000       0.000000000157
    ci      = [-0.95490171, 0.29692208]
    ci_grad = [-0.00000000,-0.00000000]
  Setting level shift to 1.000 S/E
  @SCF   61      -99.939316382624       0.000000000000       0.000000000144
    ci      = [-0.95490171, 0.29692208]
    ci_grad = [-0.00000000,-0.00000000]
  Setting level shift to 1.000 S/E
  @SCF   62      -99.939316382624       0.000000000000       0.000000000095
    ci      = [-0.95490171, 0.29692208]
    ci_grad = [-0.00000000,-0.00000000]
  Setting level shift to 1.000 S/E
  @SCF   63      -99.939316382624      -0.000000000000       0.000000000150
    ci      = [-0.95490171, 0.29692208]
    ci_grad = [-0.00000000,-0.00000000]
  Setting level shift to 1.000 S/E
  @SCF   64      -99.939316382624      -0.000000000000       0.000000000038
    ci      = [-0.95490171, 0.29692208]
    ci_grad = [-0.00000000,-0.00000000]
  Setting level shift to 1.000 S/E
  @SCF   65      -99.939316382624       0.000000000000       0.000000000033
    ci      = [-0.95490171, 0.29692208]
    ci_grad = [ 0.00000000, 0.00000000]
  Setting level shift to 1.000 S/E
  @SCF   66      -99.939316382624      -0.000000000000       0.000000000015
    ci      = [-0.95490171, 0.29692208]
    ci_grad = [-0.00000000,-0.00000000]
  Setting level shift to 1.000 S/E
  @SCF   67      -99.939316382624      -0.000000000000       0.000000000007
    ci      = [-0.95490171, 0.29692208]
    ci_grad = [-0.00000000,-0.00000000]
  Setting level shift to 1.000 S/E
  @SCF   68      -99.939316382624       0.000000000000       0.000000000008
    ci      = [-0.95490171, 0.29692208]
    ci_grad = [-0.00000000,-0.00000000]
  Setting level shift to 1.000 S/E
  @SCF   69      -99.939316382624       0.000000000000       0.000000000006
    ci      = [-0.95490171, 0.29692208]
    ci_grad = [-0.00000000,-0.00000000]
  Setting level shift to 1.000 S/E
  @SCF   70      -99.939316382624       0.000000000000       0.000000000003
    ci      = [-0.95490171, 0.29692208]
    ci_grad = [-0.00000000,-0.00000000]
  Setting level shift to 1.000 S/E
  @SCF   71      -99.939316382624      -0.000000000000       0.000000000000
    ci      = [-0.95490171, 0.29692208]
    ci_grad = [ 0.00000000, 0.00000000]
  Setting level shift to 1.000 S/E
  @SCF   72      -99.939316382624      -0.000000000000       0.000000000000
    ci      = [-0.95490171, 0.29692208]
    ci_grad = [ 0.00000000,-0.00000000]
  Setting level shift to 1.000 S/E
  @SCF   73      -99.939316382624      -0.000000000000       0.000000000001
    ci      = [-0.95490171, 0.29692208]
    ci_grad = [ 0.00000000, 0.00000000]
  Setting level shift to 1.000 S/E
  @SCF   74      -99.939316382624       0.000000000000       0.000000000001
    ci      = [-0.95490171, 0.29692208]
    ci_grad = [ 0.00000000, 0.00000000]
  Setting level shift to 1.000 S/E
  @SCF   75      -99.939316382624       0.000000000000       0.000000000001
    ci      = [-0.95490171, 0.29692208]
    ci_grad = [ 0.00000000, 0.00000000]
  Setting level shift to 1.000 S/E
  @SCF   76      -99.939316382624       0.000000000000       0.000000000000
    ci      = [-0.95490171, 0.29692208]
    ci_grad = [-0.00000000,-0.00000000]
  =========================================================================================

      * SCF total energy   =     -99.939316382624


      CI coefficients  = [-0.954901713, 0.296922076]

  End of SCF
  MOs orthonormality check passed.

  Orbitals are canonicalized as:
  inactive (docc + uocc) : Fock(core)
  active   (actv)        : Fock(core)

  =========================================================================
  Eigenvalues (Eh)
  -------------------------------------------------------------------------
  Doubly occupied orbitals
      1    -26.322903  A1      2     -1.519005  A1      3     -0.638631  B1
      4     -0.638631  B2
  Active orbitals
      5     -0.537968  A1      6      0.087068  A1
  Unoccupied orbitals
      7      1.558369  A1      8      2.324242  B1      9      2.324242  B2
     10      2.444927  A1     11      2.586079  A1     12      2.602014  B2
     13      2.602014  B1     14      3.287527  A1     15      4.991409  B2
     16      4.991409  B1     17      4.995163  A2     18      4.995163  A1
     19      5.177516  A1
  =========================================================================


  MCSCF Execution Completed.


*** tstop() called on Yorks-Mac.local at Sat Mar 21 00:44:15 2020
Module time:
	user time   =       0.20 seconds =       0.00 minutes
	system time =       0.03 seconds =       0.00 minutes
	total time  =          1 seconds =       0.02 minutes
Total time:
	user time   =       0.20 seconds =       0.00 minutes
	system time =       0.03 seconds =       0.00 minutes
	total time  =          1 seconds =       0.02 minutes
    CASSCF(2,2) (PSI4 MCSCF) energy...................................PASSED

Scratch directory: /Users/york/scratch/psi4/

*** tstart() called on Yorks-Mac.local
*** at Sat Mar 21 00:44:15 2020

   => Loading Basis Set <=

    Name: CC-PVDZ
    Role: ORBITAL
    Keyword: BASIS
    atoms 1 entry F          line   228 file /Users/york/src/psi4group/psi4/share/psi4/basis/cc-pvdz.gbs 
    atoms 2 entry H          line    22 file /Users/york/src/psi4group/psi4/share/psi4/basis/cc-pvdz.gbs 


         ---------------------------------------------------------
                                   SCF
               by Justin Turney, Rob Parrish, Andy Simmonett
                          and Daniel G. A. Smith
                              RHF Reference
                        1 Threads,    476 MiB Core
         ---------------------------------------------------------

  ==> Geometry <==

    Molecular point group: c2v
    Full point group: C_inf_v

    Geometry (in Angstrom), charge = 0, multiplicity = 1:

       Center              X                  Y                   Z               Mass       
    ------------   -----------------  -----------------  -----------------  -----------------
         F            0.000000000000     0.000000000000    -0.075563346255    18.998403162730
         H            0.000000000000     0.000000000000     1.424436653745     1.007825032230

  Running in c2v symmetry.

  Rotational constants: A = ************  B =      7.82847  C =      7.82847 [cm^-1]
  Rotational constants: A = ************  B = 234691.66104  C = 234691.66104 [MHz]
  Nuclear repulsion =    3.175063264020000

  Charge       = 0
  Multiplicity = 1
  Electrons    = 10
  Nalpha       = 5
  Nbeta        = 5

  ==> Algorithm <==

  SCF Algorithm Type is DIRECT.
  DIIS enabled.
  MOM disabled.
  Fractional occupation disabled.
  Guess Type is SAD.
  Energy threshold   = 1.00e-15
  Density threshold  = 1.00e-12
  Integral threshold = 0.00e+00

  ==> Primary Basis <==

  Basis Set: CC-PVDZ
    Blend: CC-PVDZ
    Number of shells: 9
    Number of basis function: 19
    Number of Cartesian functions: 20
    Spherical Harmonics?: true
    Max angular momentum: 2

   => Loading Basis Set <=

    Name: (CC-PVDZ AUX)
    Role: JKFIT
    Keyword: DF_BASIS_SCF
    atoms 1 entry F          line   271 file /Users/york/src/psi4group/psi4/share/psi4/basis/cc-pvdz-jkfit.gbs 
    atoms 2 entry H          line    51 file /Users/york/src/psi4group/psi4/share/psi4/basis/cc-pvdz-jkfit.gbs 

  Starting with a DF guess...

  ==> Pre-Iterations <==

   -------------------------------------------------------
    Irrep   Nso     Nmo     Nalpha   Nbeta   Ndocc  Nsocc
   -------------------------------------------------------
     A1        10      10       0       0       0       0
     A2         1       1       0       0       0       0
     B1         4       4       0       0       0       0
     B2         4       4       0       0       0       0
   -------------------------------------------------------
    Total      19      19       5       5       5       0
   -------------------------------------------------------

  ==> Integral Setup <==

  DFHelper Memory: AOs need 0.000 GiB; user supplied 0.349 GiB. Using in-core AOs.

  ==> MemDFJK: Density-Fitted J/K Matrices <==

    J tasked:                   Yes
    K tasked:                   Yes
    wK tasked:                   No
    OpenMP threads:               1
    Memory [MiB]:               357
    Algorithm:                 Core
    Schwarz Cutoff:           1E-12
    Mask sparsity (%):       0.0000
    Fitting Condition:        1E-10

   => Auxiliary Basis Set <=

  Basis Set: (CC-PVDZ AUX)
    Blend: CC-PVDZ-JKFIT
    Number of shells: 33
    Number of basis function: 93
    Number of Cartesian functions: 106
    Spherical Harmonics?: true
    Max angular momentum: 3

  Minimum eigenvalue in the overlap matrix is 1.3340269817E-01.
  Reciprocal condition number of the overlap matrix is 5.7946734818E-02.
    Using symmetric orthogonalization.
  SCF Guess: Superposition of Atomic Densities via on-the-fly atomic UHF.

  ==> Iterations <==

                           Total Energy        Delta E     RMS |[F,P]|

   @DF-RHF iter SAD:   -99.27377095935125   -9.92738e+01   0.00000e+00 
   @DF-RHF iter   1:   -99.77292039981788   -4.99149e-01   3.58792e-02 DIIS
   @DF-RHF iter   2:   -99.82685767114265   -5.39373e-02   3.40175e-02 DIIS
   @DF-RHF iter   3:   -99.87047224199613   -4.36146e-02   4.81154e-03 DIIS
   @DF-RHF iter   4:   -99.87267238923239   -2.20015e-03   1.44616e-03 DIIS
   @DF-RHF iter   5:   -99.87284816450273   -1.75775e-04   1.38877e-04 DIIS
   @DF-RHF iter   6:   -99.87285074348256   -2.57898e-06   1.78380e-05 DIIS
   @DF-RHF iter   7:   -99.87285077621635   -3.27338e-08   2.42160e-06 DIIS
   @DF-RHF iter   8:   -99.87285077653904   -3.22686e-10   3.11253e-07 DIIS
   @DF-RHF iter   9:   -99.87285077654663   -7.58860e-12   2.52388e-08 DIIS
   @DF-RHF iter  10:   -99.87285077654674   -1.13687e-13   7.65775e-10 DIIS
   @DF-RHF iter  11:   -99.87285077654670    4.26326e-14   1.08833e-10 DIIS
   @DF-RHF iter  12:   -99.87285077654670    0.00000e+00   1.31935e-11 DIIS
   @DF-RHF iter  13:   -99.87285077654667    2.84217e-14   7.06460e-13 DIIS
   @DF-RHF iter  14:   -99.87285077654673   -5.68434e-14   5.86965e-14 DIIS
   @DF-RHF iter  15:   -99.87285077654678   -5.68434e-14   1.35979e-14 DIIS
   @DF-RHF iter  16:   -99.87285077654673    5.68434e-14   6.48802e-15 DIIS
   @DF-RHF iter  17:   -99.87285077654670    2.84217e-14   5.32567e-15 DIIS
   @DF-RHF iter  18:   -99.87285077654676   -5.68434e-14   3.59034e-15 DIIS
   @DF-RHF iter  19:   -99.87285077654677   -1.42109e-14   3.30724e-15 DIIS
   @DF-RHF iter  20:   -99.87285077654670    7.10543e-14   3.26059e-15 DIIS
   @DF-RHF iter  21:   -99.87285077654674   -4.26326e-14   3.46591e-15 DIIS
   @DF-RHF iter  22:   -99.87285077654666    8.52651e-14   3.71093e-15 DIIS
   @DF-RHF iter  23:   -99.87285077654671   -5.68434e-14   3.13452e-15 DIIS
   @DF-RHF iter  24:   -99.87285077654673   -1.42109e-14   2.94099e-15 DIIS
   @DF-RHF iter  25:   -99.87285077654674   -1.42109e-14   2.72486e-15 DIIS
   @DF-RHF iter  26:   -99.87285077654663    1.13687e-13   3.35286e-15 DIIS
   @DF-RHF iter  27:   -99.87285077654677   -1.42109e-13   3.29983e-15 DIIS
   @DF-RHF iter  28:   -99.87285077654670    7.10543e-14   3.81854e-15 DIIS
   @DF-RHF iter  29:   -99.87285077654681   -1.13687e-13   2.62438e-15 DIIS
   @DF-RHF iter  30:   -99.87285077654674    7.10543e-14   2.76407e-15 DIIS
   @DF-RHF iter  31:   -99.87285077654667    7.10543e-14   2.22757e-15 DIIS
   @DF-RHF iter  32:   -99.87285077654677   -9.94760e-14   3.18430e-15 DIIS
   @DF-RHF iter  33:   -99.87285077654668    8.52651e-14   3.19804e-15 DIIS
   @DF-RHF iter  34:   -99.87285077654673   -4.26326e-14   3.32340e-15 DIIS
   @DF-RHF iter  35:   -99.87285077654674   -1.42109e-14   2.32066e-15 DIIS
   @DF-RHF iter  36:   -99.87285077654677   -2.84217e-14   2.48482e-15 DIIS
   @DF-RHF iter  37:   -99.87285077654664    1.27898e-13   3.84172e-15 DIIS
   @DF-RHF iter  38:   -99.87285077654667   -2.84217e-14   2.49443e-15 DIIS
   @DF-RHF iter  39:   -99.87285077654676   -8.52651e-14   1.89891e-15 DIIS
   @DF-RHF iter  40:   -99.87285077654674    1.42109e-14   4.10675e-15 DIIS
   @DF-RHF iter  41:   -99.87285077654670    4.26326e-14   2.73113e-15 DIIS
   @DF-RHF iter  42:   -99.87285077654673   -2.84217e-14   3.25887e-15 DIIS
   @DF-RHF iter  43:   -99.87285077654670    2.84217e-14   2.71328e-15 DIIS
   @DF-RHF iter  44:   -99.87285077654673   -2.84217e-14   3.99373e-15 DIIS
   @DF-RHF iter  45:   -99.87285077654671    1.42109e-14   2.09697e-15 DIIS
   @DF-RHF iter  46:   -99.87285077654671    0.00000e+00   2.10488e-15 DIIS

  DF guess converged.

  ==> DirectJK: Integral-Direct J/K Matrices <==

    J tasked:                  Yes
    K tasked:                  Yes
    wK tasked:                  No
    Integrals threads:           1
    Schwarz Cutoff:          1E-12

   @RHF iter  47:   -99.87285247164381   -9.98729e+01   6.40106e-06 DIIS
   @RHF iter  48:   -99.87285247439937   -2.75556e-09   1.44887e-06 DIIS
   @RHF iter  49:   -99.87285247445982   -6.04530e-11   8.76948e-07 DIIS
   @RHF iter  50:   -99.87285247449518   -3.53566e-11   8.65207e-08 DIIS
   @RHF iter  51:   -99.87285247449567   -4.97380e-13   2.06410e-08 DIIS
   @RHF iter  52:   -99.87285247449564    2.84217e-14   5.62638e-09 DIIS
   @RHF iter  53:   -99.87285247449560    4.26326e-14   5.50037e-10 DIIS
   @RHF iter  54:   -99.87285247449570   -9.94760e-14   5.11769e-11 DIIS
   @RHF iter  55:   -99.87285247449569    1.42109e-14   2.46996e-12 DIIS
   @RHF iter  56:   -99.87285247449576   -7.10543e-14   4.76803e-13 DIIS
   @RHF iter  57:   -99.87285247449567    8.52651e-14   7.76870e-14 DIIS
   @RHF iter  58:   -99.87285247449567    0.00000e+00   1.21472e-14 DIIS
  Energy and wave function converged.


  ==> Post-Iterations <==

    Orbital Energies [Eh]
    ---------------------

    Doubly Occupied:                                                      

       1A1   -26.279422     2A1    -1.484580     1B2    -0.593977  
       1B1    -0.593977     3A1    -0.565055  

    Virtual:                                                              

       4A1     0.016621     5A1     0.576770     2B1     1.315282  
       2B2     1.315282     6A1     1.463904     3B1     1.599282  
       3B2     1.599282     7A1     1.633070     8A1     2.300773  
       4B1     4.038213     4B2     4.038213     9A1     4.041123  
       1A2     4.041123    10A1     4.220284  

    Final Occupation by Irrep:
             A1    A2    B1    B2 
    DOCC [     3,    0,    1,    1 ]

  @RHF Final Energy:   -99.87285247449567

   => Energetics <=

    Nuclear Repulsion Energy =              3.1750632640200003
    One-Electron Energy =                -147.0618097613904638
    Two-Electron Energy =                  44.0138940228747941
    Total Energy =                        -99.8728524744956729

Computation Completed


Properties will be evaluated at   0.000000,   0.000000,   0.000000 [a0]

Properties computed using the SCF density matrix

  Nuclear Dipole Moment: [e a0]
     X:     0.0000      Y:     0.0000      Z:     1.4066

  Electronic Dipole Moment: [e a0]
     X:     0.0000      Y:     0.0000      Z:    -0.2428

  Dipole Moment: [e a0]
     X:     0.0000      Y:     0.0000      Z:     1.1639     Total:     1.1639

  Dipole Moment: [D]
     X:     0.0000      Y:     0.0000      Z:     2.9583     Total:     2.9583


*** tstop() called on Yorks-Mac.local at Sat Mar 21 00:44:16 2020
Module time:
	user time   =       1.19 seconds =       0.02 minutes
	system time =       0.02 seconds =       0.00 minutes
	total time  =          1 seconds =       0.02 minutes
Total time:
	user time   =       1.42 seconds =       0.02 minutes
	system time =       0.05 seconds =       0.00 minutes
	total time  =          2 seconds =       0.03 minutes

Scratch directory: /Users/york/scratch/psi4/
   => Loading Basis Set <=

    Name: STO-3G
    Role: ORBITAL
    Keyword: MINAO_BASIS
    atoms 1 entry F          line    91 file /Users/york/src/psi4group/psi4/share/psi4/basis/sto-3g.gbs 
    atoms 2 entry H          line    19 file /Users/york/src/psi4group/psi4/share/psi4/basis/sto-3g.gbs 


  Forte
  ----------------------------------------------------------------------------
  A suite of quantum chemistry methods for strongly correlated electrons

    git branch: spin-adapted-dsrg - git commit: f405f75d

  Developed by:
    Francesco A. Evangelista, Chenyang Li, Kevin P. Hannon,
    Jeffrey B. Schriber, Tianyuan Zhang, Chenxi Cai,
    Nan He, Nicholas Stair, Shuhe Wang, Renke Huang
  ----------------------------------------------------------------------------

  Size of Determinant class: 128 bits
  Read options for space RESTRICTED_DOCC
  Read options for space ACTIVE

  ==> MO Space Information <==

  -------------------------------------------------
                       A1    A2    B1    B2   Sum
  -------------------------------------------------
    FROZEN_DOCC         0     0     0     0     0
    RESTRICTED_DOCC     2     0     1     1     4
    ACTIVE              2     0     0     0     2
    RESTRICTED_UOCC     6     1     3     3    13
    FROZEN_UOCC         0     0     0     0     0
    Total              10     1     4     4    19
  -------------------------------------------------

  ==> Integral Transformation <==

  Number of molecular orbitals:                    19
  Number of correlated molecular orbitals:         19
  Number of frozen occupied orbitals:               0
  Number of frozen unoccupied orbitals:             0
  Two-electron integral type:              Conventional


  Overall Conventional Integrals timings


  Conventional integrals take 0.06970315 s

                -----------------------------------------------
                  Complete Active Space Self Consistent Field
                                 Kevin Hannon
                -----------------------------------------------


  ==> CASSCF Iteration <==

 iter    ||g||           Delta_E            E_CASSCF       CONV_TYPE
 CSO2SO takes   0.0000 s.

  ==> Summary of Active Space Solver Input <==

    Irrep.  Multi.(2ms)      N
    --------------------------
       A1      1  (  0)      1
    --------------------------
    N: number of roots
    ms: spin z component
    Total number of roots:   1
    --------------------------


  ==> Energy Summary <==

    Multi.(2ms)  Irrep.  No.               Energy
    ---------------------------------------------
       1  (  0)    A1     0      -99.910210806037
    ---------------------------------------------
 Integrals are about to be computed.
 Integrals are about to be updated.
    0   0.026484923308   -99.910210806037   -99.910210806037    0.172070 s       ~
 CSO2SO takes   0.0000 s.

  ==> Summary of Active Space Solver Input <==

    Irrep.  Multi.(2ms)      N
    --------------------------
       A1      1  (  0)      1
    --------------------------
    N: number of roots
    ms: spin z component
    Total number of roots:   1
    --------------------------


  ==> Energy Summary <==

    Multi.(2ms)  Irrep.  No.               Energy
    ---------------------------------------------
       1  (  0)    A1     0      -99.936704645403
    ---------------------------------------------
 Integrals are about to be computed.
 Integrals are about to be updated.
    1   0.012800674336   -0.026493839366   -99.936704645403    0.175462 s       ~
 CSO2SO takes   0.0000 s.

  ==> Summary of Active Space Solver Input <==

    Irrep.  Multi.(2ms)      N
    --------------------------
       A1      1  (  0)      1
    --------------------------
    N: number of roots
    ms: spin z component
    Total number of roots:   1
    --------------------------


  ==> Energy Summary <==

    Multi.(2ms)  Irrep.  No.               Energy
    ---------------------------------------------
       1  (  0)    A1     0      -99.938896191099
    ---------------------------------------------
 Integrals are about to be computed.
 Integrals are about to be updated.
    2   0.004673670545   -0.002191545696   -99.938896191099    0.173122 s       ~
 CSO2SO takes   0.0000 s.

  ==> Summary of Active Space Solver Input <==

    Irrep.  Multi.(2ms)      N
    --------------------------
       A1      1  (  0)      1
    --------------------------
    N: number of roots
    ms: spin z component
    Total number of roots:   1
    --------------------------


  ==> Energy Summary <==

    Multi.(2ms)  Irrep.  No.               Energy
    ---------------------------------------------
       1  (  0)    A1     0      -99.939234002628
    ---------------------------------------------
 Integrals are about to be computed.
 Integrals are about to be updated.
    3   0.001885213783   -0.000337811529   -99.939234002628    0.171807 s       ~
 CSO2SO takes   0.0000 s.

  ==> Summary of Active Space Solver Input <==

    Irrep.  Multi.(2ms)      N
    --------------------------
       A1      1  (  0)      1
    --------------------------
    N: number of roots
    ms: spin z component
    Total number of roots:   1
    --------------------------


  ==> Energy Summary <==

    Multi.(2ms)  Irrep.  No.               Energy
    ---------------------------------------------
       1  (  0)    A1     0      -99.939298339841
    ---------------------------------------------
 Integrals are about to be computed.
 Integrals are about to be updated.
    4   0.000829793823   -0.000064337213   -99.939298339841    0.171220 s  DIIS ~
 CSO2SO takes   0.0000 s.

  ==> Summary of Active Space Solver Input <==

    Irrep.  Multi.(2ms)      N
    --------------------------
       A1      1  (  0)      1
    --------------------------
    N: number of roots
    ms: spin z component
    Total number of roots:   1
    --------------------------


  ==> Energy Summary <==

    Multi.(2ms)  Irrep.  No.               Energy
    ---------------------------------------------
       1  (  0)    A1     0      -99.939312101888
    ---------------------------------------------
 Integrals are about to be computed.
 Integrals are about to be updated.
    5   0.000385336969   -0.000013762047   -99.939312101888    0.171044 s  DIIS ~
 CSO2SO takes   0.0000 s.

  ==> Summary of Active Space Solver Input <==

    Irrep.  Multi.(2ms)      N
    --------------------------
       A1      1  (  0)      1
    --------------------------
    N: number of roots
    ms: spin z component
    Total number of roots:   1
    --------------------------


  ==> Energy Summary <==

    Multi.(2ms)  Irrep.  No.               Energy
    ---------------------------------------------
       1  (  0)    A1     0      -99.939316302809
    ---------------------------------------------
 Integrals are about to be computed.
 Integrals are about to be updated.
    6   0.000060543872   -0.000004200920   -99.939316302809    0.169734 s  DIIS ~
 CSO2SO takes   0.0000 s.

  ==> Summary of Active Space Solver Input <==

    Irrep.  Multi.(2ms)      N
    --------------------------
       A1      1  (  0)      1
    --------------------------
    N: number of roots
    ms: spin z component
    Total number of roots:   1
    --------------------------


  ==> Energy Summary <==

    Multi.(2ms)  Irrep.  No.               Energy
    ---------------------------------------------
       1  (  0)    A1     0      -99.939316380122
    ---------------------------------------------
 Integrals are about to be computed.
 Integrals are about to be updated.
    7   0.000010526218   -0.000000077314   -99.939316380122    0.176092 s  DIIS ~
 CSO2SO takes   0.0000 s.

  ==> Summary of Active Space Solver Input <==

    Irrep.  Multi.(2ms)      N
    --------------------------
       A1      1  (  0)      1
    --------------------------
    N: number of roots
    ms: spin z component
    Total number of roots:   1
    --------------------------


  ==> Energy Summary <==

    Multi.(2ms)  Irrep.  No.               Energy
    ---------------------------------------------
       1  (  0)    A1     0      -99.939316382589
    ---------------------------------------------
 Integrals are about to be computed.
 Integrals are about to be updated.
    8   0.000001876262   -0.000000002467   -99.939316382589    0.178050 s  DIIS ~
 CSO2SO takes   0.0000 s.

  ==> Summary of Active Space Solver Input <==

    Irrep.  Multi.(2ms)      N
    --------------------------
       A1      1  (  0)      1
    --------------------------
    N: number of roots
    ms: spin z component
    Total number of roots:   1
    --------------------------


  ==> Energy Summary <==

    Multi.(2ms)  Irrep.  No.               Energy
    ---------------------------------------------
       1  (  0)    A1     0      -99.939316382622
    ---------------------------------------------
 Integrals are about to be computed.
 Integrals are about to be updated.
    9   0.000000438145   -0.000000000033   -99.939316382622    0.176697 s  DIIS ~
 CSO2SO takes   0.0000 s.

  ==> Summary of Active Space Solver Input <==

    Irrep.  Multi.(2ms)      N
    --------------------------
       A1      1  (  0)      1
    --------------------------
    N: number of roots
    ms: spin z component
    Total number of roots:   1
    --------------------------


  ==> Energy Summary <==

    Multi.(2ms)  Irrep.  No.               Energy
    ---------------------------------------------
       1  (  0)    A1     0      -99.939316382624
    ---------------------------------------------
 Integrals are about to be computed.
 Integrals are about to be updated.
   10   0.000000092031   -0.000000000002   -99.939316382624    0.176262 s  DIIS ~
 CSO2SO takes   0.0000 s.

  ==> Summary of Active Space Solver Input <==

    Irrep.  Multi.(2ms)      N
    --------------------------
       A1      1  (  0)      1
    --------------------------
    N: number of roots
    ms: spin z component
    Total number of roots:   1
    --------------------------


  ==> Energy Summary <==

    Multi.(2ms)  Irrep.  No.               Energy
    ---------------------------------------------
       1  (  0)    A1     0      -99.939316382624
    ---------------------------------------------
 Integrals are about to be computed.
 Integrals are about to be updated.
   11   0.000000013047   -0.000000000000   -99.939316382624    0.177130 s  DIIS ~
 CSO2SO takes   0.0000 s.

  ==> Summary of Active Space Solver Input <==

    Irrep.  Multi.(2ms)      N
    --------------------------
       A1      1  (  0)      1
    --------------------------
    N: number of roots
    ms: spin z component
    Total number of roots:   1
    --------------------------


  ==> Energy Summary <==

    Multi.(2ms)  Irrep.  No.               Energy
    ---------------------------------------------
       1  (  0)    A1     0      -99.939316382624
    ---------------------------------------------
   12   0.000000004287   0.000000000000   -99.939316382624    0.107885 s

 A miracle has come to pass. The CASSCF iterations have converged.

  ==> Summary of Active Space Solver Input <==

    Irrep.  Multi.(2ms)      N
    --------------------------
       A1      1  (  0)      1
    --------------------------
    N: number of roots
    ms: spin z component
    Total number of roots:   1
    --------------------------


  ==> Energy Summary <==

    Multi.(2ms)  Irrep.  No.               Energy
    ---------------------------------------------
       1  (  0)    A1     0      -99.939316382624
    ---------------------------------------------
 @E(CASSCF) =   -99.939316382624 


  Time to prepare integrals: 0.07366299629211426 seconds
  Time to run job          : 2.2616240978240967 seconds
  Total                    : 2.2616240978240967 seconds    CASSCF(2,2) (FORTE) energy........................................PASSED

Scratch directory: /Users/york/scratch/psi4/
   => Loading Basis Set <=

    Name: STO-3G
    Role: ORBITAL
    Keyword: MINAO_BASIS
    atoms 1 entry F          line    91 file /Users/york/src/psi4group/psi4/share/psi4/basis/sto-3g.gbs 
    atoms 2 entry H          line    19 file /Users/york/src/psi4group/psi4/share/psi4/basis/sto-3g.gbs 


  Forte
  ----------------------------------------------------------------------------
  A suite of quantum chemistry methods for strongly correlated electrons

    git branch: spin-adapted-dsrg - git commit: f405f75d

  Developed by:
    Francesco A. Evangelista, Chenyang Li, Kevin P. Hannon,
    Jeffrey B. Schriber, Tianyuan Zhang, Chenxi Cai,
    Nan He, Nicholas Stair, Shuhe Wang, Renke Huang
  ----------------------------------------------------------------------------

  Size of Determinant class: 128 bits
  Read options for space FROZEN_DOCC
  Read options for space RESTRICTED_DOCC
  Read options for space ACTIVE

  ==> MO Space Information <==

  -------------------------------------------------
                       A1    A2    B1    B2   Sum
  -------------------------------------------------
    FROZEN_DOCC         0     0     0     0     0
    RESTRICTED_DOCC     2     0     1     1     4
    ACTIVE              2     0     0     0     2
    RESTRICTED_UOCC     6     1     3     3    13
    FROZEN_UOCC         0     0     0     0     0
    Total              10     1     4     4    19
  -------------------------------------------------

  ==> Integral Transformation <==

  Number of molecular orbitals:                    19
  Number of correlated molecular orbitals:         19
  Number of frozen occupied orbitals:               0
  Number of frozen unoccupied orbitals:             0
  Two-electron integral type:              Conventional


  Overall Conventional Integrals timings


  Conventional integrals take 0.06840164 s

  ==> Summary of Active Space Solver Input <==

    Irrep.  Multi.(2ms)      N
    --------------------------
       A1      1  (  0)      1
    --------------------------
    N: number of roots
    ms: spin z component
    Total number of roots:   1
    --------------------------


              ---------------------------------------------------
                Complete Active Space Configuration Interaction
                                  Chenyang Li
              ---------------------------------------------------

  Forming alpha and beta strings      ...  Done. Timing        0.000036 s
  Forming determinants                ...  Done. Timing        0.000008 s

  ==> Determinants Summary <==

    number of alpha active electrons         =     1
    number of beta active electrons          =     1
    root symmetry (zero based)               =     0
    number of determinants                   =     4

  Diagonalizing Hamiltonian           ...

  ==> Computing Coupling Lists <==
  --------------------------------
        α          0.000027 s
        β          0.000010 s
        αα         0.000008 s
        ββ         0.000003 s
        αβ         0.000016 s
  --------------------------------

  Davidson-Liu solver algorithm using SigmaVectorSparseList sigma algorithm
  Found 3 roots with 2S+1 = 1 *
  Found 1 roots with 2S+1 = 3  Done. Timing        0.000438 s

  * * * * * * * * * * * * * * * * *
  *  CI Vectors & Configurations  *
  * * * * * * * * * * * * * * * * *

  ==> Root No. 0 <==

    20          0.9491109569
    02         -0.2911313189
    ba         -0.0849439423
    ab         -0.0849439423

    Total Energy:   -99.939316382624028



  ==> Permanent Dipole Moments (A1) <==

  Only print nonzero (> 1.0e-5) elements.
  Permanent dipole moments (a.u.) 0 -> 0:  X:  0.0000  Y:  0.0000  Z:  0.6545  Total:  0.6545


  ==> Energy Summary <==

    Multi.(2ms)  Irrep.  No.               Energy
    ---------------------------------------------
       1  (  0)    A1     0      -99.939316382624
    ---------------------------------------------
 Computing  1RDMs (0 Singlet A1 - 0 Singlet A1) ... Done. Timing        0.000089 s
 Computing  2RDMs (0 Singlet A1 - 0 Singlet A1) ... Done. Timing        0.000064 s
 Computing  3RDMs (0 Singlet A1 - 0 Singlet A1) ... Done. Timing        0.000070 s

       -----------------------------------------------------------------
                            Semi-Canonical Orbitals
         Chenyang Li, Jeffrey B. Schriber and Francesco A. Evangelista
       -----------------------------------------------------------------

  Took 0.000187 s to build Fock matrix

  ==> Checking Fock Matrix Diagonal Blocks <==

    Off-Diag. Elements       Max           2-Norm
    ------------------------------------------------
    Fa actv              0.0070720625   0.0100014066
    Fb actv              0.0070720625   0.0100014066
    ------------------------------------------------
    Fa core              0.0001509307   0.0002134482
    Fb core              0.0001509307   0.0002134482
    ------------------------------------------------
    Fa virt              0.0442039132   0.1404492332
    Fb virt              0.0442039132   0.1404492332
    ------------------------------------------------
 Integrals are about to be computed.
 Integrals are about to be updated.

  ==> RDMs Transformation to Semicanonical Basis <==

    Transformed 1 RDM.
    Transformed 2 RDM.
    Transformed 3 RDM.
  SemiCanonicalize takes 0.644898 s.

    -----------------------------------------------------------------------
      Spin-Adapted Multireference Driven Similarity Renormalization Group
                            written by Chenyang Li
                                 1 OMP thread
    -----------------------------------------------------------------------

  Disclaimer:
    The spin-adapted DSRG code is largely adopted from the spin-integrated code developed by
    Chenyang Li, Kevin P. Hannon, Tianyuan Zhang, and Francesco A. Evangelista.

  ==> Multireference Driven Similarity Renormalization Group <==

    Reading DSRG options ............................ Done
    Setting ambit MO space .......................... Done
    Preparing tensors for density cumulants ......... Done
    Building Fock matrix ............................ Done

  ==> Density Cumulant Summary <==

             2-cumulant   3-cumulant
    --------------------------------
    max        0.561349     0.263152
    norm       0.976383     0.794583
    --------------------------------

  ==> Checking Semicanonical Orbitals <==

    Fock core, active, virtual blocks (Fij, i != j)
                      core          active         virtual
    ------------------------------------------------------
       max    0.0000000000    0.0000000000    0.0000000000
    1-norm    0.0000000000    0.0000000000    0.0000000000
    ------------------------------------------------------

    Orbitals are semi-canonicalized.

                  --------------------------------------------
                    MR-DSRG Second-Order Perturbation Theory
                  --------------------------------------------


  ==> Computation Information <==

    Integral type                               CONVENTIONAL
    Source operator                                 STANDARD
    Core-Virtual source type                          NORMAL
    Reference relaxation                                NONE
    Internal amplitudes                                 NONE
    State type                                  SINGLE STATE
    Flow parameter                                 1.000e+00
    Taylor expansion threshold                     1.000e-03
    Intruder amplitudes threshold                  1.000e-01
    Number of amplitudes for printing                     15


  ==> DSRG-MRPT2 Memory Information <==

    Memory assigned by the user                    500.00 MB
    Memory available for MR-DSRG                   488.96 MB
    Generalized Fock matrix                          3.04 KB
    1-, 2-, and 3-density cumulants                704.00  B
    2-electron (4-index) integrals                  64.80 KB
    T2 cluster amplitudes                           64.80 KB
    T1 cluster amplitudes                          720.00  B
    Local 1- and 2-body intermediates              160.00  B
    Max memory for local intermediates             160.00  B
    Memory currently available                     488.82 MB


  ==> First-Order Excitation Amplitudes Summary <==

    Active Indices:    2    3
    Largest T1 amplitudes (absolute values):
        i    a                i    a                i    a
    -----------------------------------------------------------------
    [   3    5] 0.1365606 [   3    4] 0.0675262 [   3    6] 0.0594346
    [   1    2] 0.0455348 [   2    5] 0.0253420 [   3    7] 0.0165962
    [   2    6] 0.0104637 [   1    3] 0.0060250 [   2    7] 0.0056553
    [   2    4] 0.0044873 [   2    9] 0.0010444 [  15   16] 0.0005833
    [  11   12] 0.0005833 [  15   17] 0.0003908 [  11   13] 0.0003908
    -----------------------------------------------------------------
    2-Norm of T1 vector:                            0.173009449272467
    Number of nonzero elements:                                    30
    -----------------------------------------------------------------
    Largest T2 amplitudes (absolute values):
        i    j    a    b                i    j    a    b                i    j    a    b
    -----------------------------------------------------------------------------------------------
    [   3    3    2    5] 0.0721205 [   2    3    2    5] 0.0684310 [   2    3    3    5] 0.0631041
    [   1    1    2    2] 0.0617192 [   3   15    2   16] 0.0602498 [   3   11    2   12] 0.0602498
    [   2   11    2   12] 0.0545247 [   2   15    2   16] 0.0545247 [   3    3    3    4] 0.0492960
    [   3    3    4    4] 0.0453009 [   3    3    5    5] 0.0452553 [   2    2    2    6] 0.0447028
    [   3    2    3    4] 0.0444919 [   2   15    2   17] 0.0443148 [   2   11    2   13] 0.0443148
    -----------------------------------------------------------------------------------------------
    2-Norm of T2 vector:                                                          0.434264148716408
    Number of nonzero elements:                                                                1538
    -----------------------------------------------------------------------------------------------

  ==> Possible Intruders <==

    T1 amplitudes larger than 0.1000:
     Amplitudes      Value                   Denominator
    ----------------------------------------------------------------
    [   3    5]   0.136560630 (  0.089097 -   1.444927 =  -1.355830)
    ----------------------------------------------------------------
    T2 amplitudes larger than 0.1000: NULL

  ==> DSRG-MRPT2 Energy Summary <==

    E0 (reference)                 =    -99.939316382624128
    < Phi_0 | [Fr, T1] | Phi_0 >   =     -0.013715302499520
    < Phi_0 | [Fr, T2] | Phi_0 >   =      0.012640148448865
    < Phi_0 | [Vr, T1] | Phi_0 >   =      0.012638723705587
    < Phi_0 | [Vr, T2] | Phi_0 >   =     -0.175138321602655
      - [Vr, T2] L1 contribution   =     -0.216434466134419
      - [Vr, T2] L2 contribution   =      0.044500922165330
      - [Vr, T2] L3 contribution   =     -0.003204777633566
    DSRG-MRPT2 correlation energy  =     -0.163574751947723
    DSRG-MRPT2 total energy        =   -100.102891134571848

  ==> Total Timings (s) for Computing Commutators <==

             [H1, T1]    [H1, T2]    [H2, T1]    [H2, T2]
    -----------------------------------------------------
    -> C0       0.001       0.001       0.001       0.025
    -> C1       0.000       0.000       0.000       0.000
    -> C2                   0.000       0.000       0.000
    -----------------------------------------------------


  Time to prepare integrals: 0.07231283187866211 seconds
  Time to run job          : 0.7100362777709961 seconds
  Total                    : 0.7100362777709961 seconds    DSRG-MRPT2 energy.................................................PASSED

Scratch directory: /Users/york/scratch/psi4/
   => Loading Basis Set <=

    Name: STO-3G
    Role: ORBITAL
    Keyword: MINAO_BASIS
    atoms 1 entry F          line    91 file /Users/york/src/psi4group/psi4/share/psi4/basis/sto-3g.gbs 
    atoms 2 entry H          line    19 file /Users/york/src/psi4group/psi4/share/psi4/basis/sto-3g.gbs 


  Forte
  ----------------------------------------------------------------------------
  A suite of quantum chemistry methods for strongly correlated electrons

    git branch: spin-adapted-dsrg - git commit: f405f75d

  Developed by:
    Francesco A. Evangelista, Chenyang Li, Kevin P. Hannon,
    Jeffrey B. Schriber, Tianyuan Zhang, Chenxi Cai,
    Nan He, Nicholas Stair, Shuhe Wang, Renke Huang
  ----------------------------------------------------------------------------

  Size of Determinant class: 128 bits
  Read options for space FROZEN_DOCC
  Read options for space RESTRICTED_DOCC
  Read options for space ACTIVE

  ==> MO Space Information <==

  -------------------------------------------------
                       A1    A2    B1    B2   Sum
  -------------------------------------------------
    FROZEN_DOCC         0     0     0     0     0
    RESTRICTED_DOCC     2     0     1     1     4
    ACTIVE              2     0     0     0     2
    RESTRICTED_UOCC     6     1     3     3    13
    FROZEN_UOCC         0     0     0     0     0
    Total              10     1     4     4    19
  -------------------------------------------------

  ==> Integral Transformation <==

  Number of molecular orbitals:                    19
  Number of correlated molecular orbitals:         19
  Number of frozen occupied orbitals:               0
  Number of frozen unoccupied orbitals:             0
  Two-electron integral type:              Cholesky decomposition


  Timing for computing Cholesky integrals:                    0.119 s.

  ==> Summary of Active Space Solver Input <==

    Irrep.  Multi.(2ms)      N
    --------------------------
       A1      1  (  0)      1
    --------------------------
    N: number of roots
    ms: spin z component
    Total number of roots:   1
    --------------------------


              ---------------------------------------------------
                Complete Active Space Configuration Interaction
                                  Chenyang Li
              ---------------------------------------------------

  Forming alpha and beta strings      ...  Done. Timing        0.000027 s
  Forming determinants                ...  Done. Timing        0.000007 s

  ==> Determinants Summary <==

    number of alpha active electrons         =     1
    number of beta active electrons          =     1
    root symmetry (zero based)               =     0
    number of determinants                   =     4

  Diagonalizing Hamiltonian           ...

  ==> Computing Coupling Lists <==
  --------------------------------
        α          0.000016 s
        β          0.000010 s
        αα         0.000005 s
        ββ         0.000002 s
        αβ         0.000010 s
  --------------------------------

  Davidson-Liu solver algorithm using SigmaVectorSparseList sigma algorithm
  Found 3 roots with 2S+1 = 1 *
  Found 1 roots with 2S+1 = 3  Done. Timing        0.000282 s

  * * * * * * * * * * * * * * * * *
  *  CI Vectors & Configurations  *
  * * * * * * * * * * * * * * * * *

  ==> Root No. 0 <==

    20          0.9508640239
    02         -0.2928843860
    ba         -0.0709800833
    ab         -0.0709800833

    Total Energy:   -99.939316382623872



  ==> Permanent Dipole Moments (A1) <==

  Only print nonzero (> 1.0e-5) elements.
  Permanent dipole moments (a.u.) 0 -> 0:  X:  0.0000  Y:  0.0000  Z:  0.6545  Total:  0.6545


  ==> Energy Summary <==

    Multi.(2ms)  Irrep.  No.               Energy
    ---------------------------------------------
       1  (  0)    A1     0      -99.939316382624
    ---------------------------------------------
 Computing  1RDMs (0 Singlet A1 - 0 Singlet A1) ... Done. Timing        0.000064 s
 Computing  2RDMs (0 Singlet A1 - 0 Singlet A1) ... Done. Timing        0.000059 s
 Computing  3RDMs (0 Singlet A1 - 0 Singlet A1) ... Done. Timing        0.000060 s

       -----------------------------------------------------------------
                            Semi-Canonical Orbitals
         Chenyang Li, Jeffrey B. Schriber and Francesco A. Evangelista
       -----------------------------------------------------------------

  Took 0.014211 s to build Fock matrix

  ==> Checking Fock Matrix Diagonal Blocks <==

    Off-Diag. Elements       Max           2-Norm
    ------------------------------------------------
    Fa actv              0.0000000000   0.0000000000
    Fb actv              0.0000000000   0.0000000000
    ------------------------------------------------
    Fa core              0.0000000000   0.0000000000
    Fb core              0.0000000000   0.0000000000
    ------------------------------------------------
    Fa virt              0.0000000000   0.0000000000
    Fb virt              0.0000000000   0.0000000000
    ------------------------------------------------
  Orbitals are already semicanonicalized.

    -----------------------------------------------------------------------
      Spin-Adapted Multireference Driven Similarity Renormalization Group
                            written by Chenyang Li
                                 1 OMP thread
    -----------------------------------------------------------------------

  Disclaimer:
    The spin-adapted DSRG code is largely adopted from the spin-integrated code developed by
    Chenyang Li, Kevin P. Hannon, Tianyuan Zhang, and Francesco A. Evangelista.

  ==> Multireference Driven Similarity Renormalization Group <==

    Reading DSRG options ............................ Done
    Setting ambit MO space .......................... Done
    Preparing tensors for density cumulants ......... Done
    Building Fock matrix ............................ Done

  ==> Density Cumulant Summary <==

             2-cumulant   3-cumulant
    --------------------------------
    max        0.561349     0.263152
    norm       0.976383     0.794583
    --------------------------------

  ==> Checking Semicanonical Orbitals <==

    Fock core, active, virtual blocks (Fij, i != j)
                      core          active         virtual
    ------------------------------------------------------
       max    0.0000000000    0.0000000000    0.0000000000
    1-norm    0.0000000000    0.0000000000    0.0000000000
    ------------------------------------------------------

    Orbitals are semi-canonicalized.

                  --------------------------------------------
                    MR-DSRG Second-Order Perturbation Theory
                  --------------------------------------------


  ==> Computation Information <==

    Integral type                                   CHOLESKY
    Source operator                                 STANDARD
    Core-Virtual source type                          NORMAL
    Reference relaxation                                NONE
    Internal amplitudes                                 NONE
    State type                                  SINGLE STATE
    Flow parameter                                 1.000e+00
    Taylor expansion threshold                     1.000e-03
    Intruder amplitudes threshold                  1.000e-01
    Cholesky tolerance                             1.000e-12
    Number of amplitudes for printing                     15


  ==> DSRG-MRPT2 Memory Information <==

    Memory assigned by the user                    500.00 MB
    Memory available for MR-DSRG                   489.50 MB
    Generalized Fock matrix                          3.04 KB
    1-, 2-, and 3-density cumulants                704.00  B
    2-electron (4-index) integrals                  10.46 KB
    T2 cluster amplitudes                           20.93 KB
    3-index auxiliary integrals                    124.56 KB
    T1 cluster amplitudes                          720.00  B
    Local integrals for CCVV energy                 38.69 KB
    Local integrals for CAVV energy                 59.42 KB
    Local integrals for CCAV energy                 17.15 KB
    Max memory for local intermediates              59.42 KB
    Memory currently available                     489.34 MB


  ==> First-Order Excitation Amplitudes Summary <==

    Active Indices:    2    3
    Largest T1 amplitudes (absolute values):
        i    a                i    a                i    a
    -----------------------------------------------------------------
    [   3    5] 0.1365606 [   3    4] 0.0675262 [   3    6] 0.0594346
    [   1    2] 0.0455348 [   2    5] 0.0253420 [   3    7] 0.0165962
    [   2    6] 0.0104637 [   1    3] 0.0060250 [   2    7] 0.0056553
    [   2    4] 0.0044873 [   2    9] 0.0010444 [  15   16] 0.0005833
    [  11   12] 0.0005833 [  15   17] 0.0003908 [  11   13] 0.0003908
    -----------------------------------------------------------------
    2-Norm of T1 vector:                            0.173009449272510
    Number of nonzero elements:                                    30
    -----------------------------------------------------------------
    Largest T2 amplitudes (absolute values):
        i    j    a    b                i    j    a    b                i    j    a    b
    -----------------------------------------------------------------------------------------------
    [   3    3    5    2] 0.0721205 [   3    2    5    2] 0.0684310 [   3    2    5    3] 0.0631041
    [   1    1    2    2] 0.0617192 [   3   11    2   12] 0.0602498 [   3   15    2   16] 0.0602498
    [   2   11    2   12] 0.0545247 [   2   15    2   16] 0.0545247 [   3    3    4    3] 0.0492960
    [   3    3    4    4] 0.0453009 [   3    3    5    5] 0.0452553 [   2    2    6    2] 0.0447028
    [   2    3    4    3] 0.0444919 [   2   15    2   17] 0.0443148 [   2   11    2   13] 0.0443148
    -----------------------------------------------------------------------------------------------
    2-Norm of T2 vector:                                                          0.304518628130847
    Number of nonzero elements:                                                                 388
    -----------------------------------------------------------------------------------------------

  ==> Possible Intruders <==

    T1 amplitudes larger than 0.1000:
     Amplitudes      Value                   Denominator
    ----------------------------------------------------------------
    [   3    5]   0.136560630 (  0.089097 -   1.444927 =  -1.355830)
    ----------------------------------------------------------------
    T2 amplitudes larger than 0.1000: NULL

  ==> DSRG-MRPT2 Energy Summary <==

    E0 (reference)                 =    -99.939316382623886
    < Phi_0 | [Fr, T1] | Phi_0 >   =     -0.013715302499547
    < Phi_0 | [Fr, T2] | Phi_0 >   =      0.012640148448876
    < Phi_0 | [Vr, T1] | Phi_0 >   =      0.012638723705608
    < Phi_0 | [Vr, T2] | Phi_0 >   =     -0.175138321602672
      - [Vr, T2] L1 contribution   =     -0.216434466134410
      - [Vr, T2] L2 contribution   =      0.044500922165300
      - [Vr, T2] L3 contribution   =     -0.003204777633562
    DSRG-MRPT2 correlation energy  =     -0.163574751947735
    DSRG-MRPT2 total energy        =   -100.102891134571621

  ==> Total Timings (s) for Computing Commutators <==

             [H1, T1]    [H1, T2]    [H2, T1]    [H2, T2]
    -----------------------------------------------------
    -> C0       0.001       0.001       0.001       0.000
    -> C1       0.000       0.000       0.000       0.000
    -> C2                   0.000       0.000       0.000
    -----------------------------------------------------


  Time to prepare integrals: 0.1226968765258789 seconds
  Time to run job          : 0.09818220138549805 seconds
  Total                    : 0.09818220138549805 seconds    CD-DSRG-MRPT2 energy..............................................PASSED

    Psi4 stopped on: Saturday, 21 March 2020 12:44AM
    Psi4 wall time for execution: 0:00:05.01

*** Psi4 exiting successfully. Buy a developer a beer!
