
    -----------------------------------------------------------------------
          Psi4: An Open-Source Ab Initio Electronic Structure Package
                               Psi4 undefined 

                         Git: Rev {master} 96046ad 


    R. M. Parrish, L. A. Burns, D. G. A. Smith, A. C. Simmonett,
    A. E. DePrince III, E. G. Hohenstein, U. Bozkaya, A. Yu. Sokolov,
    R. Di Remigio, R. M. Richard, J. F. Gonthier, A. M. James,
    H. R. McAlexander, A. Kumar, M. Saitow, X. Wang, B. P. Pritchard,
    P. Verma, H. F. Schaefer III, K. Patkowski, R. A. King, E. F. Valeev,
    F. A. Evangelista, J. M. Turney, T. D. Crawford, and C. D. Sherrill,
    J. Chem. Theory Comput. 13(7) pp 3185--3197 (2017).
    (doi: 10.1021/acs.jctc.7b00174)


                         Additional Contributions by
    P. Kraus, H. Kruse, M. H. Lechner, M. C. Schieber, and R. A. Shaw

    -----------------------------------------------------------------------


    Psi4 started on: Monday, 14 January 2019 05:04PM

    Process ID: 87323
    Host:       Nicks-MacBook-Pro.local
    PSIDATADIR: /Users/nstair/Src/new_psi4/std_instdir/share/psi4
    Memory:     500.0 MiB
    Threads:    1
    
  ==> Input File <==

--------------------------------------------------------------------------
#! Generated using commit GITCOMMIT

import forte

refscf = -14.54873910108353
reffci = -14.595808852754054

molecule {
0 1
Li
Li 1 R
R = 3.0
units bohr
}

set {
  basis sto-3g
  scf_type pk
  e_convergence 12
}

set forte {
  active_space_solver fci 
}

energy('scf')
compare_values(refscf, variable("CURRENT ENERGY"),11, "SCF energy") #TEST

energy('forte')
compare_values(reffci, variable("CURRENT ENERGY"),11, "FCI energy") #TEST
--------------------------------------------------------------------------

*** tstart() called on Nicks-MacBook-Pro.local
*** at Mon Jan 14 17:04:24 2019

   => Loading Basis Set <=

    Name: STO-3G
    Role: ORBITAL
    Keyword: BASIS
    atoms 1-2 entry LI         line    31 file /Users/nstair/Src/new_psi4/std_instdir/share/psi4/basis/sto-3g.gbs 


         ---------------------------------------------------------
                                   SCF
            by Justin Turney, Rob Parrish, Andy Simmonett
                             and Daniel Smith
                              RHF Reference
                        1 Threads,    500 MiB Core
         ---------------------------------------------------------

  ==> Geometry <==

    Molecular point group: d2h
    Full point group: D_inf_h

    Geometry (in Bohr), charge = 0, multiplicity = 1:

       Center              X                  Y                   Z               Mass       
    ------------   -----------------  -----------------  -----------------  -----------------
         LI           0.000000000000     0.000000000000    -1.500000000000     7.016003436600
         LI           0.000000000000     0.000000000000     1.500000000000     7.016003436600

  Running in d2h symmetry.

  Rotational constants: A = ************  B =      1.90674  C =      1.90674 [cm^-1]
  Rotational constants: A = ************  B =  57162.68592  C =  57162.68592 [MHz]
  Nuclear repulsion =    3.000000000000000

  Charge       = 0
  Multiplicity = 1
  Electrons    = 6
  Nalpha       = 3
  Nbeta        = 3

  ==> Algorithm <==

  SCF Algorithm Type is PK.
  DIIS enabled.
  MOM disabled.
  Fractional occupation disabled.
  Guess Type is SAD.
  Energy threshold   = 1.00e-12
  Density threshold  = 1.00e-06
  Integral threshold = 0.00e+00

  ==> Primary Basis <==

  Basis Set: STO-3G
    Blend: STO-3G
    Number of shells: 6
    Number of basis function: 10
    Number of Cartesian functions: 10
    Spherical Harmonics?: true
    Max angular momentum: 1

  ==> Pre-Iterations <==

   -------------------------------------------------------
    Irrep   Nso     Nmo     Nalpha   Nbeta   Ndocc  Nsocc
   -------------------------------------------------------
     Ag         3       3       0       0       0       0
     B1g        0       0       0       0       0       0
     B2g        1       1       0       0       0       0
     B3g        1       1       0       0       0       0
     Au         0       0       0       0       0       0
     B1u        3       3       0       0       0       0
     B2u        1       1       0       0       0       0
     B3u        1       1       0       0       0       0
   -------------------------------------------------------
    Total      10      10       3       3       3       0
   -------------------------------------------------------

  ==> Integral Setup <==

  Using in-core PK algorithm.
   Calculation information:
      Number of atoms:                   2
      Number of AO shells:               6
      Number of primitives:             18
      Number of atomic orbitals:        10
      Number of basis functions:        10

      Integral cutoff                 1.00e-12
      Number of threads:                 1

  Performing in-core PK
  Using 3080 doubles for integral storage.
  We computed 231 shell quartets total.
  Whereas there are 231 unique shell quartets.

  ==> DiskJK: Disk-Based J/K Matrices <==

    J tasked:                  Yes
    K tasked:                  Yes
    wK tasked:                  No
    Memory [MiB]:              375
    Schwarz Cutoff:          1E-12

    OpenMP threads:              1

  Minimum eigenvalue in the overlap matrix is 1.1364559165E-02.
  Using Symmetric Orthogonalization.

  SCF Guess: Superposition of Atomic Densities via on-the-fly atomic UHF.

  ==> Iterations <==

                        Total Energy        Delta E     RMS |[F,P]|

   @RHF iter   0:   -14.62555701674985   -1.46256e+01   8.67130e-02 
   @RHF iter   1:   -14.54854893996296    7.70081e-02   2.35592e-03 
   @RHF iter   2:   -14.54870680654730   -1.57867e-04   7.05331e-04 DIIS
   @RHF iter   3:   -14.54873679931869   -2.99928e-05   1.67462e-04 DIIS
   @RHF iter   4:   -14.54873909962261   -2.30030e-06   3.98883e-06 DIIS
   @RHF iter   5:   -14.54873910108338   -1.46077e-09   4.03925e-08 DIIS
   @RHF iter   6:   -14.54873910108352   -1.40332e-13   2.19444e-10 DIIS
  Energy converged.


  ==> Post-Iterations <==

    Orbital Energies [Eh]
    ---------------------

    Doubly Occupied:                                                      

       1Ag    -2.406336     1B1u   -2.377194     2Ag    -0.171891  

    Virtual:                                                              

       1B2u    0.078832     1B3u    0.078832     2B1u    0.088519  
       3Ag     0.200395     1B2g    0.296222     1B3g    0.296222  
       3B1u    0.859229  

    Final Occupation by Irrep:
             Ag   B1g   B2g   B3g    Au   B1u   B2u   B3u 
    DOCC [     2,    0,    0,    0,    0,    1,    0,    0 ]

  @RHF Final Energy:   -14.54873910108352

   => Energetics <=

    Nuclear Repulsion Energy =              3.0000000000000000
    One-Electron Energy =                 -25.1866354022314241
    Two-Electron Energy =                   7.6378963011479044
    Total Energy =                        -14.5487391010835196

Computation Completed


Properties will be evaluated at   0.000000,   0.000000,   0.000000 [a0]

Properties computed using the SCF density matrix

  Nuclear Dipole Moment: [e a0]
     X:     0.0000      Y:     0.0000      Z:     0.0000

  Electronic Dipole Moment: [e a0]
     X:     0.0000      Y:     0.0000      Z:     0.0000

  Dipole Moment: [e a0]
     X:     0.0000      Y:     0.0000      Z:     0.0000     Total:     0.0000

  Dipole Moment: [D]
     X:     0.0000      Y:     0.0000      Z:     0.0000     Total:     0.0000


*** tstop() called on Nicks-MacBook-Pro.local at Mon Jan 14 17:04:25 2019
Module time:
	user time   =       0.26 seconds =       0.00 minutes
	system time =       0.03 seconds =       0.00 minutes
	total time  =          1 seconds =       0.02 minutes
Total time:
	user time   =       0.26 seconds =       0.00 minutes
	system time =       0.03 seconds =       0.00 minutes
	total time  =          1 seconds =       0.02 minutes
	SCF energy........................................................PASSED

*** tstart() called on Nicks-MacBook-Pro.local
*** at Mon Jan 14 17:04:25 2019

   => Loading Basis Set <=

    Name: STO-3G
    Role: ORBITAL
    Keyword: BASIS
    atoms 1-2 entry LI         line    31 file /Users/nstair/Src/new_psi4/std_instdir/share/psi4/basis/sto-3g.gbs 


         ---------------------------------------------------------
                                   SCF
            by Justin Turney, Rob Parrish, Andy Simmonett
                             and Daniel Smith
                              RHF Reference
                        1 Threads,    500 MiB Core
         ---------------------------------------------------------

  ==> Geometry <==

    Molecular point group: d2h
    Full point group: D_inf_h

    Geometry (in Bohr), charge = 0, multiplicity = 1:

       Center              X                  Y                   Z               Mass       
    ------------   -----------------  -----------------  -----------------  -----------------
         LI           0.000000000000     0.000000000000    -1.500000000000     7.016003436600
         LI           0.000000000000     0.000000000000     1.500000000000     7.016003436600

  Running in d2h symmetry.

  Rotational constants: A = ************  B =      1.90674  C =      1.90674 [cm^-1]
  Rotational constants: A = ************  B =  57162.68592  C =  57162.68592 [MHz]
  Nuclear repulsion =    3.000000000000000

  Charge       = 0
  Multiplicity = 1
  Electrons    = 6
  Nalpha       = 3
  Nbeta        = 3

  ==> Algorithm <==

  SCF Algorithm Type is PK.
  DIIS enabled.
  MOM disabled.
  Fractional occupation disabled.
  Guess Type is SAD.
  Energy threshold   = 1.00e-12
  Density threshold  = 1.00e-08
  Integral threshold = 0.00e+00

  ==> Primary Basis <==

  Basis Set: STO-3G
    Blend: STO-3G
    Number of shells: 6
    Number of basis function: 10
    Number of Cartesian functions: 10
    Spherical Harmonics?: true
    Max angular momentum: 1

  ==> Pre-Iterations <==

   -------------------------------------------------------
    Irrep   Nso     Nmo     Nalpha   Nbeta   Ndocc  Nsocc
   -------------------------------------------------------
     Ag         3       3       0       0       0       0
     B1g        0       0       0       0       0       0
     B2g        1       1       0       0       0       0
     B3g        1       1       0       0       0       0
     Au         0       0       0       0       0       0
     B1u        3       3       0       0       0       0
     B2u        1       1       0       0       0       0
     B3u        1       1       0       0       0       0
   -------------------------------------------------------
    Total      10      10       3       3       3       0
   -------------------------------------------------------

  ==> Integral Setup <==

  Using in-core PK algorithm.
   Calculation information:
      Number of atoms:                   2
      Number of AO shells:               6
      Number of primitives:             18
      Number of atomic orbitals:        10
      Number of basis functions:        10

      Integral cutoff                 1.00e-12
      Number of threads:                 1

  Performing in-core PK
  Using 3080 doubles for integral storage.
  We computed 231 shell quartets total.
  Whereas there are 231 unique shell quartets.

  ==> DiskJK: Disk-Based J/K Matrices <==

    J tasked:                  Yes
    K tasked:                  Yes
    wK tasked:                  No
    Memory [MiB]:              375
    Schwarz Cutoff:          1E-12

    OpenMP threads:              1

  Minimum eigenvalue in the overlap matrix is 1.1364559165E-02.
  Using Symmetric Orthogonalization.

  SCF Guess: Superposition of Atomic Densities via on-the-fly atomic UHF.

  ==> Iterations <==

                        Total Energy        Delta E     RMS |[F,P]|

   @RHF iter   0:   -14.62555701674985   -1.46256e+01   8.67130e-02 
   @RHF iter   1:   -14.54854893996295    7.70081e-02   2.35592e-03 
   @RHF iter   2:   -14.54870680654730   -1.57867e-04   7.05331e-04 DIIS
   @RHF iter   3:   -14.54873679931869   -2.99928e-05   1.67462e-04 DIIS
   @RHF iter   4:   -14.54873909962261   -2.30030e-06   3.98883e-06 DIIS
   @RHF iter   5:   -14.54873910108338   -1.46077e-09   4.03925e-08 DIIS
   @RHF iter   6:   -14.54873910108353   -1.49214e-13   2.19443e-10 DIIS
  Energy converged.


  ==> Post-Iterations <==

    Orbital Energies [Eh]
    ---------------------

    Doubly Occupied:                                                      

       1Ag    -2.406336     1B1u   -2.377194     2Ag    -0.171891  

    Virtual:                                                              

       1B2u    0.078832     1B3u    0.078832     2B1u    0.088519  
       3Ag     0.200395     1B2g    0.296222     1B3g    0.296222  
       3B1u    0.859229  

    Final Occupation by Irrep:
             Ag   B1g   B2g   B3g    Au   B1u   B2u   B3u 
    DOCC [     2,    0,    0,    0,    0,    1,    0,    0 ]

  @RHF Final Energy:   -14.54873910108353

   => Energetics <=

    Nuclear Repulsion Energy =              3.0000000000000000
    One-Electron Energy =                 -25.1866354022314454
    Two-Electron Energy =                   7.6378963011479142
    Total Energy =                        -14.5487391010835303

Computation Completed


Properties will be evaluated at   0.000000,   0.000000,   0.000000 [a0]

Properties computed using the SCF density matrix

  Nuclear Dipole Moment: [e a0]
     X:     0.0000      Y:     0.0000      Z:     0.0000

  Electronic Dipole Moment: [e a0]
     X:     0.0000      Y:     0.0000      Z:     0.0000

  Dipole Moment: [e a0]
     X:     0.0000      Y:     0.0000      Z:     0.0000     Total:     0.0000

  Dipole Moment: [D]
     X:     0.0000      Y:     0.0000      Z:     0.0000     Total:     0.0000


*** tstop() called on Nicks-MacBook-Pro.local at Mon Jan 14 17:04:25 2019
Module time:
	user time   =       0.24 seconds =       0.00 minutes
	system time =       0.01 seconds =       0.00 minutes
	total time  =          0 seconds =       0.00 minutes
Total time:
	user time   =       0.50 seconds =       0.01 minutes
	system time =       0.04 seconds =       0.00 minutes
	total time  =          1 seconds =       0.02 minutes
   => Loading Basis Set <=

    Name: STO-3G
    Role: ORBITAL
    Keyword: MINAO_BASIS
    atoms 1-2 entry LI         line    31 file /Users/nstair/Src/new_psi4/std_instdir/share/psi4/basis/sto-3g.gbs 


  Forte
  ----------------------------------------------------------------------------
  A suite of quantum chemistry methods for strongly correlated electrons

    git branch: astests - git commit: 572beab3

  Developed by:
    Francesco A. Evangelista, Chenyang Li, Kevin P. Hannon,
    Jeffrey B. Schriber, Tianyuan Zhang, Chenxi Cai,    Nan He, Nicholas Stair, Shuhe Wang, Renke Huang
  ----------------------------------------------------------------------------

  Size of Determinant class: 16

  ==> MO Space Information <==

  -------------------------------------------------------------------------
                       Ag   B1g   B2g   B3g    Au   B1u   B2u   B3u   Sum
  -------------------------------------------------------------------------
    FROZEN_DOCC         0     0     0     0     0     0     0     0     0
    RESTRICTED_DOCC     0     0     0     0     0     0     0     0     0
    ACTIVE              3     0     1     1     0     3     1     1    10
    RESTRICTED_UOCC     0     0     0     0     0     0     0     0     0
    FROZEN_UOCC         0     0     0     0     0     0     0     0     0
    Total               3     0     1     1     0     3     1     1    10
  -------------------------------------------------------------------------

  ==> Integral Transformation <==

  Number of molecular orbitals:                    10
  Number of correlated molecular orbitals:         10
  Number of frozen occupied orbitals:               0
  Number of frozen unoccupied orbitals:             0
  Two-electron integral type:              Conventional


  Overall Conventional Integrals timings


  Conventional integrals take 0.02473519 s	FCI energy........................................................PASSED

    Psi4 stopped on: Monday, 14 January 2019 05:04PM
    Psi4 wall time for execution: 0:00:01.00

*** Psi4 exiting successfully. Buy a developer a beer!
