
    -----------------------------------------------------------------------
          Psi4: An Open-Source Ab Initio Electronic Structure Package
                               Psi4 1.2a1.dev704 

                         Git: Rev {master} a7fc050 


    R. M. Parrish, L. A. Burns, D. G. A. Smith, A. C. Simmonett,
    A. E. DePrince III, E. G. Hohenstein, U. Bozkaya, A. Yu. Sokolov,
    R. Di Remigio, R. M. Richard, J. F. Gonthier, A. M. James,
    H. R. McAlexander, A. Kumar, M. Saitow, X. Wang, B. P. Pritchard,
    P. Verma, H. F. Schaefer III, K. Patkowski, R. A. King, E. F. Valeev,
    F. A. Evangelista, J. M. Turney, T. D. Crawford, and C. D. Sherrill,
    J. Chem. Theory Comput. 13(7) pp 3185--3197 (2017).
    (doi: 10.1021/acs.jctc.7b00174)

    -----------------------------------------------------------------------


    Psi4 started on: Monday, 04 December 2017 12:17PM

    Process ID:  33517
    PSIDATADIR: /Users/york/src/psi4new/psi4/share/psi4
    Memory:     500.0 MiB
    Threads:    1
    
  ==> Input File <==

--------------------------------------------------------------------------
#! Generated using commit GITCOMMIT

ref_cas = -77.748792522752652
ref_pt2 = -78.320027291052526

import forte

molecule C2H4{
0 1
H  0.000000  0.923274  1.238289
H  0.000000 -0.923274  1.238289
H  0.000000  0.923274 -1.238289
H  0.000000 -0.923274 -1.238289
C  0.000000  0.000000  0.668188
C  0.000000  0.000000 -0.668188
symmetry c2v
}

set {
  reference           rhf
  scf_type            out_of_core
  basis               cc-pvdz
  e_convergence       10
  d_convergence       12
  maxiter             100
  docc                [5,0,1,2]
  restricted_docc     [5,0,0,2]
  active              [0,0,2,0]
  mcscf_r_convergence 8
  mcscf_e_convergence 10
  mcscf_maxiter       200
  mcscf_diis_start    15
  mcscf_max_rot       0.1
  num_roots           3
  avg_states          [0,1,2]
}
Ecas, wfn = energy('casscf', return_wfn=True)
compare_values(ref_cas,Ecas,10,"CASSCF energy")

set forte{
  job_type             dsrg-mrpt2
  frozen_docc          [2,0,0,0]
  restricted_docc      [3,0,0,2]
  active               [0,0,2,0]
  frozen_uocc          [0,0,0,0]
  dsrg_s               0.5
  cas_type             cas
  avg_state            [[0,1,3]]
  dsrg_dipole          true
}
Esapt2 = energy('forte', ref_wfn = wfn)
compare_values(ref_pt2,Esapt2,8,"SA-DSRG-PT2 energy root 0")
--------------------------------------------------------------------------

*** tstart() called on yorks-mac.wireless.emory.edu
*** at Mon Dec  4 12:17:30 2017

   => Loading Basis Set <=

    Name: CC-PVDZ
    Role: ORBITAL
    Keyword: BASIS
    atoms 1-4 entry H          line    22 file /Users/york/src/psi4new/psi4/share/psi4/basis/cc-pvdz.gbs 
    atoms 5-6 entry C          line   138 file /Users/york/src/psi4new/psi4/share/psi4/basis/cc-pvdz.gbs 


         ---------------------------------------------------------
                                   SCF
            by Justin Turney, Rob Parrish, Andy Simmonett
                             and Daniel Smith
                              RHF Reference
                        1 Threads,    500 MiB Core
         ---------------------------------------------------------

  ==> Geometry <==

    Molecular point group: c2v
    Full point group: D2h

    Geometry (in Angstrom), charge = 0, multiplicity = 1:

       Center              X                  Y                   Z               Mass       
    ------------   -----------------  -----------------  -----------------  -----------------
           H         -0.000000000000     0.923274000000     1.238289000000     1.007825032070
           H          0.000000000000    -0.923274000000     1.238289000000     1.007825032070
           H         -0.000000000000     0.923274000000    -1.238289000000     1.007825032070
           H          0.000000000000    -0.923274000000    -1.238289000000     1.007825032070
           C          0.000000000000     0.000000000000     0.668188000000    12.000000000000
           C          0.000000000000     0.000000000000    -0.668188000000    12.000000000000

  Running in c2v symmetry.

  Rotational constants: A =      4.90558  B =      0.99768  C =      0.82907 [cm^-1]
  Rotational constants: A = 147065.51639  B =  29909.67957  C =  24854.79644 [MHz]
  Nuclear repulsion =   33.298097662285691

  Charge       = 0
  Multiplicity = 1
  Electrons    = 16
  Nalpha       = 8
  Nbeta        = 8

  ==> Algorithm <==

  SCF Algorithm Type is OUT_OF_CORE.
  DIIS enabled.
  MOM disabled.
  Fractional occupation disabled.
  Guess Type is SAD.
  Energy threshold   = 1.00e-10
  Density threshold  = 1.00e-12
  Integral threshold = 0.00e+00

  ==> Primary Basis <==

  Basis Set: CC-PVDZ
    Blend: CC-PVDZ
    Number of shells: 24
    Number of basis function: 48
    Number of Cartesian functions: 50
    Spherical Harmonics?: true
    Max angular momentum: 2

  ==> Pre-Iterations <==

   -------------------------------------------------------
    Irrep   Nso     Nmo     Nalpha   Nbeta   Ndocc  Nsocc
   -------------------------------------------------------
     A1        22      22       5       5       5       0
     A2         4       4       0       0       0       0
     B1         8       8       1       1       1       0
     B2        14      14       2       2       2       0
   -------------------------------------------------------
    Total      48      48       8       8       8       0
   -------------------------------------------------------

  ==> Integral Setup <==

  ==> DiskJK: Disk-Based J/K Matrices <==

    J tasked:                  Yes
    K tasked:                  Yes
    wK tasked:                  No
    Memory (MB):               375
    Schwarz Cutoff:          1E-12

  Minimum eigenvalue in the overlap matrix is 4.8552890517E-03.
  Using Symmetric Orthogonalization.

  SCF Guess: Superposition of Atomic Densities via on-the-fly atomic UHF.

  ==> Iterations <==

                        Total Energy        Delta E     RMS |[F,P]|

   @RHF iter   0:   -78.57661164184709   -7.85766e+01   9.31369e-02 
   @RHF iter   1:   -78.00216643506202    5.74445e-01   7.52048e-03 
   @RHF iter   2:   -78.03593901071159   -3.37726e-02   2.41019e-03 DIIS
   @RHF iter   3:   -78.03940193117877   -3.46292e-03   8.20283e-04 DIIS
   @RHF iter   4:   -78.03983901574153   -4.37085e-04   9.63744e-05 DIIS
   @RHF iter   5:   -78.03984830410127   -9.28836e-06   9.90753e-06 DIIS
   @RHF iter   6:   -78.03984838791108   -8.38098e-08   1.25874e-06 DIIS
   @RHF iter   7:   -78.03984838921049   -1.29941e-09   1.32883e-07 DIIS
   @RHF iter   8:   -78.03984838922536   -1.48646e-11   2.26912e-08 DIIS
   @RHF iter   9:   -78.03984838922587   -5.11591e-13   2.85604e-09 DIIS
   @RHF iter  10:   -78.03984838922584    2.84217e-14   2.43929e-10 DIIS
   @RHF iter  11:   -78.03984838922584    0.00000e+00   3.35702e-11 DIIS
   @RHF iter  12:   -78.03984838922582    1.42109e-14   4.05576e-12 DIIS
   @RHF iter  13:   -78.03984838922581    1.42109e-14   6.84114e-13 DIIS

  ==> Post-Iterations <==

    Orbital Energies (a.u.)
    -----------------------

    Doubly Occupied:                                                      

       1A1   -11.237132     2A1   -11.235505     3A1    -1.030189  
       4A1    -0.789942     1B2    -0.637452     5A1    -0.583297  
       2B2    -0.502717     1B1    -0.373390  

    Virtual:                                                              

       2B1     0.167257     6A1     0.203559     3B2     0.232823  
       7A1     0.237644     4B2     0.303090     8A1     0.463083  
       9A1     0.580387     5B2     0.609438     3B1     0.689610  
      10A1     0.709028    11A1     0.779796     4B1     0.807307  
       6B2     0.861157     7B2     0.932382    12A1     0.970837  
      13A1     1.008640     1A2     1.131643    14A1     1.234271  
       8B2     1.240802     5B1     1.261600     2A2     1.292745  
      15A1     1.599391     9B2     1.737713    10B2     1.752975  
       6B1     1.814177    16A1     1.849372    17A1     1.860320  
      11B2     1.907415     3A2     1.968897     7B1     1.979535  
       8B1     2.226403    18A1     2.250735     4A2     2.363897  
      12B2     2.439418    19A1     2.507675    20A1     2.637327  
      21A1     2.702843    13B2     2.814595    22A1     3.116593  
      14B2     3.390147  

    Final Occupation by Irrep:
             A1    A2    B1    B2 
    DOCC [     5,    0,    1,    2 ]

  Energy converged.

  @RHF Final Energy:   -78.03984838922581

   => Energetics <=

    Nuclear Repulsion Energy =             33.2980976622856915
    One-Electron Energy =                -169.8966436681192249
    Two-Electron Energy =                  58.5586976166077164
    PCM Polarization Energy =               0.0000000000000000
    Total Energy =                        -78.0398483892258099

    Alert: EFP and PCM quantities not currently incorporated into SCF psivars.

Properties will be evaluated at   0.000000,   0.000000,   0.000000 Bohr

Properties computed using the SCF density matrix

  Nuclear Dipole Moment: (a.u.)
     X:     0.0000      Y:     0.0000      Z:     0.0000

  Electronic Dipole Moment: (a.u.)
     X:     0.0000      Y:     0.0000      Z:     0.0000

  Dipole Moment: (a.u.)
     X:     0.0000      Y:     0.0000      Z:     0.0000     Total:     0.0000

  Dipole Moment: (Debye)
     X:     0.0000      Y:     0.0000      Z:     0.0000     Total:     0.0000


*** tstop() called on yorks-mac.wireless.emory.edu at Mon Dec  4 12:17:32 2017
Module time:
	user time   =       1.38 seconds =       0.02 minutes
	system time =       0.08 seconds =       0.00 minutes
	total time  =          2 seconds =       0.03 minutes
Total time:
	user time   =       1.38 seconds =       0.02 minutes
	system time =       0.08 seconds =       0.00 minutes
	total time  =          2 seconds =       0.03 minutes
 MINTS: Wrapper to libmints.
   by Justin Turney

   Calculation information:
      Number of threads:                 1
      Number of atoms:                   6
      Number of AO shells:              24
      Number of SO shells:              18
      Number of primitives:             64
      Number of atomic orbitals:        50
      Number of basis functions:        48

      Number of irreps:                  4
      Integral cutoff                 1.00e-12
      Number of functions per irrep: [  22    4    8   14 ]

 OEINTS: Overlap, kinetic, potential, dipole, and quadrupole integrals
         stored in file 35.

      Computing two-electron integrals...done
      Computed 182944 non-zero two-electron integrals.
        Stored in file 33.


         ---------------------------------------------------------
                Multi-Configurational Self-Consistent Field
                            (a 'D E T C I' module)

                 Daniel G. A. Smith, C. David Sherrill, and
                              Matt L. Leininger
         ---------------------------------------------------------


   ==> Parameters <==

    EX LEVEL       =        2      H0 BLOCKSIZE  =     1000
    VAL EX LEVEL   =        0      H0 GUESS SIZE =     1000
    H0COUPLINGSIZE =        0      H0 COUPLING   =       NO
    MAXITER        =       12      NUM PRINT     =       20
    NUM ROOTS      =        3      ICORE         =        1
    PRINT LVL      =        1      FCI           =      YES
    R CONV         = 1.00e-07      MIXED         =      YES
    E CONV         = 1.00e-10      MIXED4        =      YES
    R4S            =       NO      REPL OTF      =       NO
    DIAG METHOD    =      SEM      FOLLOW ROOT   =        0
    PRECONDITIONER = DAVIDSON      UPDATE        = DAVIDSON
    S              =   0.0000      Ms0           =      YES
    GUESS VECTOR   =  H0BLOCK      OPENTYPE      =     NONE
    COLLAPSE SIZE  =        1      HD AVG        = EVANGELISTI
    MAX NUM VECS   =       39      REF SYM       =     AUTO
    IOPEN        =       NO

    EX ALLOW       =  1  1 
    STATE AVERAGE  =  0(0.33)  1(0.33)  2(0.33) 

   ==> CI Orbital and Space information <==

   ------------------------------------------------------
               Space    Total    A1    A2    B1    B2
   ------------------------------------------------------
                 Nso       48    22     4     8    14
                 Nmo       48    22     4     8    14
               Ndocc        8     5     0     1     2
               Nsocc        0     0     0     0     0
   ------------------------------------------------------
                        MCSCF Spaces
   ------------------------------------------------------
         Frozen DOCC        0     0     0     0     0
     Restricted DOCC        7     5     0     0     2
              Active        2     0     0     2     0
     Restricted UOCC       39    17     4     6    12
         Frozen UOCC        0     0     0     0     0
   ------------------------------------------------------

   ==> Setting up CI strings <==

    There are 2 alpha and 2 beta strings
    The CI space requires 4 (4.00E+00) determinants and 1 blocks

   ==> Setting up MCSCF integrals <==

  ==> DiskJK: Disk-Based J/K Matrices <==

    J tasked:                  Yes
    K tasked:                  Yes
    wK tasked:                  No
    Memory (MB):              3200
    Schwarz Cutoff:          1E-12


   ==> Starting MCSCF iterations <==

        Iter         Total Energy       Delta E   Orb RMS    CI RMS  NCI NORB
(sem_iter): H0block_->H0b_diag[1][1] - H0block_->H0b_diag[2][1] = 0.707107 - -0.707107 = 1.414214 > 1.0E-8
   @MCSCF  1:    -77.741580348940    2.9827e-01  2.50e-02  9.88e-15    1    1  Initial CI
   @MCSCF  2:    -77.747992238078   -6.4119e-03  8.76e-03  9.65e-15    1    1  TS
   @MCSCF  3:    -77.748669244080   -6.7701e-04  3.32e-03  9.86e-15    1    1  TS
   @MCSCF  4:    -77.748773043333   -1.0380e-04  1.40e-03  1.00e-14    1    1  TS
   @MCSCF  5:    -77.748789358654   -1.6315e-05  5.51e-04  9.97e-15    1    1  TS
   @MCSCF  6:    -77.748792003805   -2.6452e-06  2.34e-04  1.01e-14    1    1  TS
   @MCSCF  7:    -77.748792436873   -4.3307e-07  9.23e-05  1.01e-14    1    1  TS
   @MCSCF  8:    -77.748792508479   -7.1606e-08  3.90e-05  9.90e-15    1    1  TS
   @MCSCF  9:    -77.748792520373   -1.1893e-08  1.55e-05  9.85e-15    1    1  TS
   @MCSCF 10:    -77.748792522355   -1.9824e-09  6.53e-06  9.60e-15    1    1  TS
   @MCSCF 11:    -77.748792522686   -3.3107e-10  2.60e-06  9.93e-15    1    1  TS
   @MCSCF 12:    -77.748792522742   -5.5394e-11  1.09e-06  9.91e-15    1    1  TS
   @MCSCF 13:    -77.748792522751   -9.3650e-12  4.38e-07  1.00e-14    1    1  TS
   @MCSCF 14:    -77.748792522752   -1.4495e-12  1.83e-07  1.03e-14    1    1  TS
   @MCSCF 15:    -77.748792522753   -3.1264e-13  7.35e-08  1.01e-14    1    1  TS
   @MCSCF 16:    -77.748792522753   -7.1054e-14  3.06e-08  1.05e-14    1    1  TS, DIIS
   @MCSCF 17:    -77.748792522753    1.4211e-14  1.24e-08  9.88e-15    1    1  TS, DIIS
   @MCSCF 18:    -77.748792522753    2.8422e-14  7.33e-09  9.67e-15    1    1  TS, DIIS

          @MCSCF has converged!

   @MCSCF Final Energy:  -77.748792522752694

   Computing CI Semicanonical Orbitals

   ==> Energetics <==

    SCF energy =          -78.039848389225810
    Total MCSCF energy =  -77.748792522752694

   ==> MCSCF root 0 information <==

    MCSCF Root 0 energy =   -78.054893417975308

   Active Space Natural occupation numbers:

        B1   1.927656        B1   0.072344

   The 4 most important determinants:

    *   1   -0.981747  (    0,    0)  1B1X 
    *   2    0.190189  (    1,    1)  2B1X 


   ==> MCSCF root 1 information <==

    MCSCF Root 1 energy =   -77.689989506989235

   Active Space Natural occupation numbers:

        B1   1.000000        B1   1.000000

   The 4 most important determinants:

    *   1    0.707107  (    1,    0)  1B1B 2B1A 
    *   2    0.707107  (    0,    1)  1B1A 2B1B 


   ==> MCSCF root 2 information <==

    MCSCF Root 2 energy =   -77.501494643293597

   Active Space Natural occupation numbers:

        B1   1.927656        B1   0.072344

   The 4 most important determinants:

    *   1    0.981747  (    1,    1)  2B1X 
    *   2    0.190189  (    0,    0)  1B1X 



Properties will be evaluated at   0.000000,   0.000000,   0.000000 Bohr

Properties computed using the CASSCF density matrix

  Nuclear Dipole Moment: (a.u.)
     X:     0.0000      Y:     0.0000      Z:     0.0000

  Electronic Dipole Moment: (a.u.)
     X:     0.0000      Y:     0.0000      Z:     0.0000

  Dipole Moment: (a.u.)
     X:     0.0000      Y:     0.0000      Z:     0.0000     Total:     0.0000

  Dipole Moment: (Debye)
     X:     0.0000      Y:     0.0000      Z:     0.0000     Total:     0.0000

	CASSCF energy.....................................................PASSED
   => Loading Basis Set <=

    Name: STO-3G
    Role: ORBITAL
    Keyword: MINAO_BASIS
    atoms 1-4 entry H          line    19 file /Users/york/src/psi4new/psi4/share/psi4/basis/sto-3g.gbs 
    atoms 5-6 entry C          line    61 file /Users/york/src/psi4new/psi4/share/psi4/basis/sto-3g.gbs 


Reading options from the FORTE block
Calling plugin forte.so.



  Forte
  ----------------------------------------------------------------------------
  A suite of quantum chemistry methods for strongly correlated electrons

    git branch: master - git commit: 1c92254a

  Developed by:
    Francesco A. Evangelista, Chenyang Li, Kevin P. Hannon,
    Jeffrey B. Schriber, Tianyuan Zhang, Chenxi Cai
  ----------------------------------------------------------------------------

  Size of Determinant class: 32

  ==> MO Space Information <==

  Read options for space FROZEN_DOCC
  Read options for space RESTRICTED_DOCC
  Read options for space ACTIVE
  Read options for space FROZEN_UOCC
 Removing orbital 0
 Removing orbital 1
  -------------------------------------------------
                       A1    A2    B1    B2   Sum
  -------------------------------------------------
    FROZEN_DOCC         2     0     0     0     2
    RESTRICTED_DOCC     3     0     0     2     5
    ACTIVE              0     0     2     0     2
    RESTRICTED_UOCC    17     4     6    12    39
    FROZEN_UOCC         0     0     0     0     0
    Total              22     4     8    14    48
  -------------------------------------------------

  ==> Integral Transformation <==

  Number of molecular orbitals:               48
  Number of correlated molecular orbitals:    46
  Number of frozen occupied orbitals:          2
  Number of frozen unoccupied orbitals:        0


  Overall Conventional Integrals timings

	Presorting SO-basis two-electron integrals.
	Sorting File: SO Ints (nn|nn) nbuckets = 1
	Transforming the one-electron integrals and constructing Fock matrices
	Starting first half-transformation.
	Sorting half-transformed integrals.
	First half integral transformation complete.
	Starting second half-transformation.
	Two-electron integral transformation complete.

  Integral transformation done. 0.19952700 s
  Reading the two-electron integrals from disk
  Size of two-electron integrals:   0.118652 GB
  Frozen-core energy            -78.536663613353 a.u.

  FrozenOneBody Operator takes  0.44783200 s
  Resorting integrals after freezing core.
  Conventional integrals take 1.72105100 s

              ---------------------------------------------------
                Complete Active Space Configuration Interaction
                                  Chenyang Li
              ---------------------------------------------------


  ==> Input Summary <==

    No. a electrons in active      =     1
    No. b electrons in active      =     1
    multiplicity                   =     1
    spin ms (2 * Sz)               =     0

  ==> Orbital Spaces <==

    TOTAL MO                      [   22     4     8    14 ]
    FROZEN CORE                   [    2     0     0     0 ]
    FROZEN VIRTUAL                [    0     0     0     0 ]
    CORRELATED MO                 [   20     4     8    14 ]
    CORE                          [    3     0     0     2 ]
    ACTIVE                        [    0     0     2     0 ]
    VIRTUAL                       [   17     4     6    12 ]

  ==> State Averaging Summary <==

    Irrep.  Multi.  Nstates            Weights
    ------------------------------------------
      A1       1        3    0.333 0.333 0.333
    ------------------------------------------
    Total number of states: 3
    ------------------------------------------

  Forming alpha and beta strings      ...  Done. Timing        0.000051 s
  Forming determinants                ...  Done. Timing        0.000019 s

  ==> Determinants Summary <==

    number of alpha active electrons    =     1
    number of beta active electrons     =     1
    root symmetry (zero based)          =     0
    number of determinants              =     4

  Diagonalizing Hamiltonian           ...
  Found 3 roots with 2S+1 = 1 *
  Found 1 roots with 2S+1 = 3  Done. Timing        0.000362 s

  * * * * * * * * * * * * * * * * *
  *  CI Vectors & Configurations  *
  * * * * * * * * * * * * * * * * *

  ==> Root No. 0 <==

    20          0.9817474498
    02         -0.1901892341

    Total Energy:   -78.054893417975336


  ==> Root No. 1 <==

    ba         -0.7071067812
    ab         -0.7071067812

    Total Energy:   -77.689989506989221


  ==> Root No. 2 <==

    02         -0.9817474498
    20         -0.1901892341

    Total Energy:   -77.501494643293583



  ==> Permanent Dipole Moments (A1) <==

  Only print nonzero (> 1.0e-5) elements.


  ==> Transition Dipole Moments (A1 -> A1) <==

  Only print nonzero (> 1.0e-5) elements.
  Transition dipole moments (a.u.) 0 -> 1:  X: -0.0000  Y:  0.0000  Z:  1.5317  Total:  1.5317
  Transition dipole moments (a.u.) 1 -> 2:  X:  0.0000  Y:  0.0000  Z: -2.2677  Total:  2.2677


  ==> Oscillator Strength (A1 -> A1) <==

  Only print nonzero (> 1.0e-5) elements.
  Oscillator strength (a.u.) 0 -> 1:  X:  0.0000  Y:  0.0000  Z:  0.5707  Total:  0.5707
  Oscillator strength (a.u.) 1 -> 2:  X:  0.0000  Y:  0.0000  Z:  0.6462  Total:  0.6462

  Total Energy (averaged over 3 states):  -77.748792522752709

  Computing 1-, 2- and 3-cumulants ... Done. Timing        0.010880 s


       -----------------------------------------------------------------
                            Semi-Canonical Orbitals
         Chenyang Li, Jeffrey B. Schriber and Francesco A. Evangelista
       -----------------------------------------------------------------

  Took 0.001953 s to build Fock matrix

  ==> Checking Fock Matrix Diagonal Blocks <==

    Off-Diag. Elements       Max           2-Norm
    ------------------------------------------------
    Fa actv              0.0000000000   0.0000000000
    Fb actv              0.0000000000   0.0000000000
    ------------------------------------------------
    Fa core              0.0000000000   0.0000000000
    Fb core              0.0000000000   0.0000000000
    ------------------------------------------------
    Fa virt              0.0000000000   0.0000000000
    Fb virt              0.0000000000   0.0000000000
    ------------------------------------------------
  Orbitals are already semicanonicalized.

  ==> Multireference Driven Similarity Renormalization Group <==

    Reading DSRG options ............................ Done
    Setting ambit MO space .......................... Done
    Preparing tensors for density cumulants ......... Done
    Building Fock matrix ............................ Done
    Preparing ambit tensors for dipole moments ...... Done

              ----------------------------------------------------
                    MR-DSRG Second-Order Perturbation Theory
                Chenyang Li, Kevin Hannon, Francesco Evangelista
              ----------------------------------------------------

    References:
      u-DSRG-MRPT2:    J. Chem. Theory Comput. 2015, 11, 2097.
      (pr-)DSRG-MRPT2: J. Chem. Phys. 2017, 146, 124132.

  ==> Calculation Information <==

    ntamp                                                 15
    flow parameter                                 5.000e-01
    taylor expansion threshold                     1.000e-03
    intruder_tamp                                  1.000e-01
    int_type                                    CONVENTIONAL
    source operator                                 STANDARD
    reference relaxation                                NONE
    state_type                                   MULTI-STATE
    multi-state type                                 SA_FULL
    form Hbar3                                         FALSE

  ==> Checking Semicanonical Orbitals <==

    Abs. max of Fock core, active, virtual blocks (Fij, i != j)
                  core          active         virtual
    --------------------------------------------------
    Fα    0.0000000000    0.0000000000    0.0000000000
    Fβ    0.0000000000    0.0000000000    0.0000000000
    --------------------------------------------------

    1-Norm of Fock core, active, virtual blocks (Fij, i != j)
                  core          active         virtual
    --------------------------------------------------
    Fα    0.0000000000    0.0000000000    0.0000000000
    Fβ    0.0000000000    0.0000000000    0.0000000000
    --------------------------------------------------

    Orbitals are semi-canonicalized.

  ==> Computing DSRG-MRPT2 ... <==

    Computing T2 amplitudes                  ...  Done. Timing        0.059995 s
    Computing T1 amplitudes                  ...  Done. Timing        0.003375 s
    Renormalizing two-electron integrals     ...  Done. Timing        0.049570 s
    Renormalizing Fock matrix elements       ...  Done. Timing        0.003628 s
    Computing <[F, T1]>                      ...  Done. Timing        0.001714 s
    Computing <[F, T2]>                      ...  Done. Timing        0.003600 s
    Computing <[V, T1]>                      ...  Done. Timing        0.003468 s
    Computing <[V, T2]> (C_2)^4              ...  Done. Timing        0.030077 s
    Computing <[V, T2]> C_4 (C_2)^2 HH       ...  Done. Timing        0.005986 s
    Computing <[V, T2]> C_4 (C_2)^2 PP       ...  Done. Timing        0.005618 s
    Computing <[V, T2]> C_4 (C_2)^2 PH       ...  Done. Timing        0.022298 s
    Computing <[V, T2]> C_6 C_2              ...  Done. Timing        0.010001 s

  ==> Excitation Amplitudes Summary <==

    Active Indices:   24   25 
    Largest T1 amplitudes for spin case A:
       i       a                  i       a                  i       a               
    --------------------------------------------------------------------------------
    [ 24      28    ]-0.019067 [ 24      30    ] 0.005708 [ 25      27    ]-0.003244 
    [ 24      26    ] 0.003086 [ 25      31    ] 0.003013 [ 25      29    ] 0.001842 
    [ 33      38    ] 0.000000 [ 32      37    ] 0.000000 [  2       6    ]-0.000000 
    [  0      10    ] 0.000000 [ 32      34    ]-0.000000 [  1      11    ]-0.000000 
    [  2       7    ] 0.000000 [  1       4    ] 0.000000 [  0       6    ] 0.000000 
    --------------------------------------------------------------------------------
    Norm of T1A vector: (nonzero elements: 43)                    0.020703248592115.
    --------------------------------------------------------------------------------
    Largest T1 amplitudes for spin case B:
       _       _                  _       _                  _       _               
       i       a                  i       a                  i       a               
    --------------------------------------------------------------------------------
    [ 24      28    ]-0.019067 [ 24      30    ] 0.005708 [ 25      27    ]-0.003244 
    [ 24      26    ] 0.003086 [ 25      31    ] 0.003013 [ 25      29    ] 0.001842 
    [ 33      38    ] 0.000000 [ 32      37    ] 0.000000 [  2       6    ]-0.000000 
    [  0      10    ] 0.000000 [ 32      34    ]-0.000000 [  1      11    ]-0.000000 
    [  2       7    ] 0.000000 [  1       4    ] 0.000000 [  0       6    ] 0.000000 
    --------------------------------------------------------------------------------
    Norm of T1B vector: (nonzero elements: 43)                    0.020703248592115.
    --------------------------------------------------------------------------------
    Largest T2 amplitudes for spin case AA:
       i   j   a   b              i   j   a   b              i   j   a   b           
    --------------------------------------------------------------------------------
    [ 24  25  25  28] 0.025635 [ 24  33  24  38] 0.025346 [  2  24   6  24]-0.024978 
    [ 24  32  24  37] 0.022924 [ 24  32  24  34]-0.022036 [  2  24   9  25] 0.021553 
    [  2  25   9  24] 0.019775 [ 25  33  25  38] 0.019690 [  0  24  10  24] 0.019066 
    [ 24  33  24  35]-0.018733 [  0  24   7  24]-0.018527 [  2  25   6  25]-0.018271 
    [ 25  32  25  37] 0.018005 [  2  25   8  28] 0.017985 [  1  24   4  24] 0.017875 
    --------------------------------------------------------------------------------
    Norm of T2AA vector: (nonzero elements: 8828)                 0.325265495810177.
    --------------------------------------------------------------------------------
    Largest T2 amplitudes for spin case AB:
           _       _                  _       _                  _       _           
       i   j   a   b              i   j   a   b              i   j   a   b           
    --------------------------------------------------------------------------------
    [ 24  24  24  26] 0.032473 [ 24  25  24  27]-0.031840 [  0   0  24  24]-0.031590 
    [ 25  25  27  27]-0.031144 [ 24  24  26  26]-0.029241 [ 24  25  26  27] 0.028438 
    [ 24  33  24  38] 0.026877 [ 24  25  25  28] 0.026501 [ 25  25  25  27]-0.026255 
    [  2  24   6  24]-0.024939 [ 24  32  24  34]-0.024024 [ 24  32  24  37] 0.023259 
    [  2  24   9  25] 0.022923 [  2  25   9  24] 0.022648 [ 25  25  24  28] 0.022613 
    --------------------------------------------------------------------------------
    Norm of T2AB vector: (nonzero elements: 10705)                0.361647353389052.
    --------------------------------------------------------------------------------
    Largest T2 amplitudes for spin case BB:
       _   _   _   _              _   _   _   _              _   _   _   _           
       i   j   a   b              i   j   a   b              i   j   a   b           
    --------------------------------------------------------------------------------
    [ 24  25  25  28] 0.025635 [ 24  33  24  38] 0.025346 [  2  24   6  24]-0.024978 
    [ 24  32  24  37] 0.022924 [ 24  32  24  34]-0.022036 [  2  24   9  25] 0.021553 
    [  2  25   9  24] 0.019775 [ 25  33  25  38] 0.019690 [  0  24  10  24] 0.019066 
    [ 24  33  24  35]-0.018733 [  0  24   7  24]-0.018527 [  2  25   6  25]-0.018271 
    [ 25  32  25  37] 0.018005 [  2  25   8  28] 0.017985 [  1  24   4  24] 0.017875 
    --------------------------------------------------------------------------------
    Norm of T2BB vector: (nonzero elements: 8828)                 0.325265495810177.
    --------------------------------------------------------------------------------

  ==> Possible Intruders <==

    T1 amplitudes larger than 0.1000 for spin case A: NULL
    T1 amplitudes larger than 0.1000 for spin case B: NULL
    T2 amplitudes larger than 0.1000 for spin case AA: NULL
    T2 amplitudes larger than 0.1000 for spin case AB: NULL
    T2 amplitudes larger than 0.1000 for spin case BB: NULL

  ==> DSRG-MRPT2 Energy Summary <==

    E0 (reference)                 =    -77.748792522752709
    <[F, T1]>                      =     -0.001300903233443
    <[F, T2]>                      =      0.001300903068949
    <[V, T1]>                      =      0.001300903068949
    <[V, T2]> (C_2)^4              =     -0.296567250945805
    <[V, T2]> C_4 (C_2)^2 HH       =     -0.000550804849621
    <[V, T2]> C_4 (C_2)^2 PP       =     -0.002678263410362
    <[V, T2]> C_4 (C_2)^2 PH       =      0.006376599586533
    <[V, T2]> C_6 C_2              =      0.000000000000000
    <[V, T2]>                      =     -0.293419719619255
    DSRG-MRPT2 correlation energy  =     -0.292118816714799
    DSRG-MRPT2 total energy        =    -78.040911339467513
    max(T1)                        =      0.019066522163490
    max(T2)                        =      0.032473032462285
    ||T1||                         =      0.029278814944151
    ||T2||                         =      0.857175896991104

  Energy took      0.252 s


  ==> Transforming Dipole Integrals ...  <==

    Computing direction X          ...  Done. Timing        0.550202 s
    Computing direction Y          ...  Done. Timing        0.495508 s
    Computing direction Z          ...  Done. Timing        0.525979 s

  ==> DSRG-MRPT2 (unrelaxed) Dipole Moments (a.u.) <==

    Nuclear dipole moment:
      X:   0.000000  Y:   0.000000  Z:   0.000000

    Reference electronic dipole moment:
      X:   0.000000  Y:   0.000000  Z:   0.000000

    DSRG-MRPT2 electronic dipole moment:
      X:   0.000000  Y:   0.000000  Z:   0.000000

    Reference dipole moment:
      X:   0.000000  Y:   0.000000  Z:   0.000000  Total:   0.000000

    DSRG-MRPT2 dipole moment:
      X:   0.000000  Y:   0.000000  Z:   0.000000  Total:   0.000000


  ==> De-Normal-Order DSRG Transformed Hamiltonian <==

    Computing the scalar term                ... Done. Timing    0.002 s
    Computing the 1-body term                ... Done. Timing    0.001 s

  ==> Rotate DSRG Transformed Hamiltonian back to Original Basis <==

    Rotating 1-body term to original basis   ... Done. Timing    0.001 s
    Rotating 2-body term to original basis   ... Done. Timing    0.018 s

              ---------------------------------------------------
                Complete Active Space Configuration Interaction
                                  Chenyang Li
              ---------------------------------------------------


  ==> Input Summary <==

    No. a electrons in active      =     1
    No. b electrons in active      =     1
    multiplicity                   =     1
    spin ms (2 * Sz)               =     0

  ==> Orbital Spaces <==

    TOTAL MO                      [   22     4     8    14 ]
    FROZEN CORE                   [    2     0     0     0 ]
    FROZEN VIRTUAL                [    0     0     0     0 ]
    CORRELATED MO                 [   20     4     8    14 ]
    CORE                          [    3     0     0     2 ]
    ACTIVE                        [    0     0     2     0 ]
    VIRTUAL                       [   17     4     6    12 ]

  ==> State Averaging Summary <==

    Irrep.  Multi.  Nstates            Weights
    ------------------------------------------
      A1       1        3    0.333 0.333 0.333
    ------------------------------------------
    Total number of states: 3
    ------------------------------------------

  Forming alpha and beta strings      ...  Done. Timing        0.000031 s
  Forming determinants                ...  Done. Timing        0.000012 s

  ==> Determinants Summary <==

    number of alpha active electrons    =     1
    number of beta active electrons     =     1
    root symmetry (zero based)          =     0
    number of determinants              =     4

  Diagonalizing Hamiltonian           ...
  Found 3 roots with 2S+1 = 1 *
  Found 1 roots with 2S+1 = 3  Done. Timing        0.000299 s

  * * * * * * * * * * * * * * * * *
  *  CI Vectors & Configurations  *
  * * * * * * * * * * * * * * * * *

  ==> Root No. 0 <==

    20          0.9890195701
    02         -0.1477846065

    Total Energy:   -78.320027291052611


  ==> Root No. 1 <==

    ba         -0.7071067812
    ab         -0.7071067812

    Total Energy:   -77.997599514342966


  ==> Root No. 2 <==

    02         -0.9890195701
    20         -0.1477846065

    Total Energy:   -77.805107213006977



  ==> Permanent Dipole Moments (A1) <==

  Only print nonzero (> 1.0e-5) elements.


  ==> Transition Dipole Moments (A1 -> A1) <==

  Only print nonzero (> 1.0e-5) elements.
  Transition dipole moments (a.u.) 0 -> 1:  X:  0.0000  Y:  0.0000  Z:  1.6278  Total:  1.6278
  Transition dipole moments (a.u.) 1 -> 2:  X:  0.0000  Y: -0.0000  Z: -2.1997  Total:  2.1997


  ==> Oscillator Strength (A1 -> A1) <==

  Only print nonzero (> 1.0e-5) elements.
  Oscillator strength (a.u.) 0 -> 1:  X:  0.0000  Y:  0.0000  Z:  0.5695  Total:  0.5695
  Oscillator strength (a.u.) 1 -> 2:  X:  0.0000  Y:  0.0000  Z:  0.6209  Total:  0.6209

  Total Energy (averaged over 3 states):  -78.040911339467513


  ==> De-Normal-Order DSRG Transformed Dipole X Integrals <==

    Computing the scalar term                ... Done. Timing    0.002 s
    Computing the 1-body term                ... Done. Timing    0.001 s

  ==> Rotate DSRG Transformed Dipole X Integrals back to Original Basis <==

    Rotating 1-body term to original basis   ... Done. Timing    0.001 s
    Rotating 2-body term to original basis   ... Done. Timing    0.018 s

  ==> De-Normal-Order DSRG Transformed Dipole Y Integrals <==

    Computing the scalar term                ... Done. Timing    0.002 s
    Computing the 1-body term                ... Done. Timing    0.001 s

  ==> Rotate DSRG Transformed Dipole Y Integrals back to Original Basis <==

    Rotating 1-body term to original basis   ... Done. Timing    0.001 s
    Rotating 2-body term to original basis   ... Done. Timing    0.018 s

  ==> De-Normal-Order DSRG Transformed Dipole Z Integrals <==

    Computing the scalar term                ... Done. Timing    0.002 s
    Computing the 1-body term                ... Done. Timing    0.001 s

  ==> Rotate DSRG Transformed Dipole Z Integrals back to Original Basis <==

    Rotating 1-body term to original basis   ... Done. Timing    0.001 s
    Rotating 2-body term to original basis   ... Done. Timing    0.018 s

  ==> SA-DSRG-PT2 Dipole Moment (in a.u.) Summary <==

             State           X           Y           Z
    --------------------------------------------------
      0 Singlet A1    0.000000    0.000000    0.000000
      1 Singlet A1    0.000000    0.000000    0.000000
      2 Singlet A1    0.000000    0.000000    0.000000
    --------------------------------------------------

  ==> SA-DSRG-PT2 Oscillator Strength (in a.u.) Summary <==

                               State           X           Y           Z       Total
    --------------------------------------------------------------------------------
       0 Singlet A1 ->  1 Singlet A1    0.000000    0.000000    0.503846    0.503846
       0 Singlet A1 ->  2 Singlet A1    0.000000    0.000000    0.000000    0.000000
       1 Singlet A1 ->  2 Singlet A1    0.000000    0.000000    0.490639    0.490639
    --------------------------------------------------------------------------------

  ==> Multi-State DSRG-MRPT2 Energy Summary <==

    Multi.  Irrep.  No.    DSRG-MRPT2 Energy
    -----------------------------------------
       1      A1     0       -78.320027291053
       1      A1     1       -77.997599514343
       1      A1     2       -77.805107213007
    -----------------------------------------

  ==> Total Timings (s) for Computing Commutators <==

             [H1, T1]    [H1, T2]    [H2, T1]    [H2, T2]
    -----------------------------------------------------
    -> C0       0.013       0.024       0.014       0.303
    -> C1       0.022       0.168       0.026       0.512
    -> C2                   0.559       0.024       0.168
    -----------------------------------------------------
	SA-DSRG-PT2 energy root 0.........................................PASSED

*** Psi4 exiting successfully. Buy a developer a beer!
