
    -----------------------------------------------------------------------
          Psi4: An Open-Source Ab Initio Electronic Structure Package
                               Psi4 undefined 

                         Git: Rev {master} 67a0d70 dirty


    D. G. A. Smith, L. A. Burns, A. C. Simmonett, R. M. Parrish,
    M. C. Schieber, R. Galvelis, P. Kraus, H. Kruse, R. Di Remigio,
    A. Alenaizan, A. M. James, S. Lehtola, J. P. Misiewicz, M. Scheurer,
    R. A. Shaw, J. B. Schriber, Y. Xie, Z. L. Glick, D. A. Sirianni,
    J. S. O'Brien, J. M. Waldrop, A. Kumar, E. G. Hohenstein,
    B. P. Pritchard, B. R. Brooks, H. F. Schaefer III, A. Yu. Sokolov,
    K. Patkowski, A. E. DePrince III, U. Bozkaya, R. A. King,
    F. A. Evangelista, J. M. Turney, T. D. Crawford, C. D. Sherrill,
    J. Chem. Phys. 152(18) 184108 (2020). https://doi.org/10.1063/5.0006002

                            Additional Code Authors
    E. T. Seidl, C. L. Janssen, E. F. Valeev, M. L. Leininger,
    J. F. Gonthier, R. M. Richard, H. R. McAlexander, M. Saitow, X. Wang,
    P. Verma, and M. H. Lechner

             Previous Authors, Complete List of Code Contributors,
                       and Citations for Specific Modules
    https://github.com/psi4/psi4/blob/master/codemeta.json
    https://github.com/psi4/psi4/graphs/contributors
    http://psicode.org/psi4manual/master/introduction.html#citing-psifour

    -----------------------------------------------------------------------


    Psi4 started on: Tuesday, 16 March 2021 06:05PM

    Process ID: 52549
    Host:       CHE-FEVANGE
    PSIDATADIR: /Users/fevange/Source/psi4/objdir-Debug/stage/share/psi4
    Memory:     500.0 MiB
    Threads:    1
    
  ==> Input File <==

--------------------------------------------------------------------------
#! This tests the DF-DSRG-MRPT2 on BeH2
#! Generated using commit GITCOMMIT
df_mp2 = -74.858749324164549
import forte
molecule {
  0 1
  O  0.0  0.0 0.0
  H  0.0  0.0 -1.0
  H  0.0  0.0  1.0
  units bohr
  no_reorient
  symmetry c1
}

set globals{
   reference    RHF
   scf_type     df
   d_convergence           10
   e_convergence           12
   df_basis_mp2            cc-pvdz-ri
   df_basis_scf            cc-pvdz-ri
   basis                   6-31g
}
energy('scf')


set forte{
   #restricted_docc      [2,0,0,0]
   #active               [1,0,0,1]
   restricted_docc       [5]
   active                [0]
   root_sym              0
   nroot                 1
   dsrg_s                10000000.0
   dsrgpt                true
   int_type              df
   job_type              three-dsrg-mrpt2
   print                 0
   AO_DSRG_MRPT2         true
   active_space_solver              fci
}
#
#ref = energy('scf')
forte_energy = energy('forte')
compare_values(df_mp2,variable("CURRENT ENERGY"),10,"DSRG-MRPT2 energy")


--------------------------------------------------------------------------

Scratch directory: /tmp/

*** tstart() called on CHE-FEVANGE
*** at Tue Mar 16 18:05:39 2021

   => Loading Basis Set <=

    Name: 6-31G
    Role: ORBITAL
    Keyword: BASIS
    atoms 1   entry O          line   117 file /Users/fevange/Source/psi4/objdir-Debug/stage/share/psi4/basis/6-31g.gbs 
    atoms 2-3 entry H          line    26 file /Users/fevange/Source/psi4/objdir-Debug/stage/share/psi4/basis/6-31g.gbs 


         ---------------------------------------------------------
                                   SCF
               by Justin Turney, Rob Parrish, Andy Simmonett
                          and Daniel G. A. Smith
                              RHF Reference
                        1 Threads,    500 MiB Core
         ---------------------------------------------------------

  ==> Geometry <==

    Molecular point group: c1
    Full point group: D_inf_h

    Geometry (in Bohr), charge = 0, multiplicity = 1:

       Center              X                  Y                   Z               Mass       
    ------------   -----------------  -----------------  -----------------  -----------------
         O            0.000000000000     0.000000000000     0.000000000000    15.994914619570
         H            0.000000000000     0.000000000000    -1.000000000000     1.007825032230
         H            0.000000000000     0.000000000000     1.000000000000     1.007825032230

  Running in c1 symmetry.

  Rotational constants: A = ************  B =     29.86614  C =     29.86614 [cm^-1]
  Rotational constants: A = ************  B = 895364.34709  C = 895364.34709 [MHz]
  Nuclear repulsion =   16.500000000000000

  Charge       = 0
  Multiplicity = 1
  Electrons    = 10
  Nalpha       = 5
  Nbeta        = 5

  ==> Algorithm <==

  SCF Algorithm Type is DF.
  DIIS enabled.
  MOM disabled.
  Fractional occupation disabled.
  Guess Type is SAD.
  Energy threshold   = 1.00e-12
  Density threshold  = 1.00e-10
  Integral threshold = 1.00e-12

  ==> Primary Basis <==

  Basis Set: 6-31G
    Blend: 6-31G
    Number of shells: 9
    Number of basis function: 13
    Number of Cartesian functions: 13
    Spherical Harmonics?: false
    Max angular momentum: 1

   => Loading Basis Set <=

    Name: CC-PVDZ-RI
    Role: JKFIT
    Keyword: DF_BASIS_SCF
    atoms 1   entry O          line   235 file /Users/fevange/Source/psi4/objdir-Debug/stage/share/psi4/basis/cc-pvdz-ri.gbs 
    atoms 2-3 entry H          line    19 file /Users/fevange/Source/psi4/objdir-Debug/stage/share/psi4/basis/cc-pvdz-ri.gbs 

  ==> Integral Setup <==

  DFHelper Memory: AOs need 0.000 GiB; user supplied 0.366 GiB. Using in-core AOs.

  ==> MemDFJK: Density-Fitted J/K Matrices <==

    J tasked:                   Yes
    K tasked:                   Yes
    wK tasked:                   No
    OpenMP threads:               1
    Memory [MiB]:               375
    Algorithm:                 Core
    Schwarz Cutoff:           1E-12
    Mask sparsity (%):       0.0000
    Fitting Condition:        1E-10

   => Auxiliary Basis Set <=

  Basis Set: CC-PVDZ-RI
    Blend: CC-PVDZ-RI
    Number of shells: 30
    Number of basis function: 96
    Number of Cartesian functions: 96
    Spherical Harmonics?: false
    Max angular momentum: 3

  Minimum eigenvalue in the overlap matrix is 2.0688787518E-02.
  Reciprocal condition number of the overlap matrix is 4.9844652769E-03.
    Using symmetric orthogonalization.

  ==> Pre-Iterations <==

  SCF Guess: Superposition of Atomic Densities via on-the-fly atomic UHF (no occupation information).

   -------------------------
    Irrep   Nso     Nmo    
   -------------------------
     A         13      13 
   -------------------------
    Total      13      13
   -------------------------

  ==> Iterations <==

                           Total Energy        Delta E     RMS |[F,P]|

   @DF-RHF iter SAD:   -75.04951070428282   -7.50495e+01   0.00000e+00 
   @DF-RHF iter   1:   -74.66153584721658    3.87975e-01   4.21920e-02 DIIS
   @DF-RHF iter   2:   -74.75140388677254   -8.98680e-02   1.74957e-02 DIIS
   @DF-RHF iter   3:   -74.76729695236374   -1.58931e-02   1.40477e-03 DIIS
   @DF-RHF iter   4:   -74.76753761491133   -2.40663e-04   2.26011e-04 DIIS
   @DF-RHF iter   5:   -74.76754135440072   -3.73949e-06   1.16819e-05 DIIS
   @DF-RHF iter   6:   -74.76754136810987   -1.37092e-08   8.36331e-07 DIIS
   @DF-RHF iter   7:   -74.76754136816785   -5.79803e-11   5.65743e-08 DIIS
   @DF-RHF iter   8:   -74.76754136816805   -1.98952e-13   2.64647e-09 DIIS
   @DF-RHF iter   9:   -74.76754136816821   -1.56319e-13   7.08860e-11 DIIS
  Energy and wave function converged.


  ==> Post-Iterations <==

    Orbital Energies [Eh]
    ---------------------

    Doubly Occupied:                                                      

       1A    -20.513283     2A     -1.584036     3A     -1.189464  
       4A     -0.557791     5A     -0.557791  

    Virtual:                                                              

       6A      0.295209     7A      0.329948     8A      1.133464  
       9A      1.133464    10A      1.294020    11A      1.354348  
      12A      2.076951    13A      3.884876  

    Final Occupation by Irrep:
              A 
    DOCC [     5 ]

  @DF-RHF Final Energy:   -74.76754136816821

   => Energetics <=

    Nuclear Repulsion Energy =             16.5000000000000000
    One-Electron Energy =                -133.7303534991596905
    Two-Electron Energy =                  42.4628121309914803
    Total Energy =                        -74.7675413681682102

Computation Completed


Properties will be evaluated at   0.000000,   0.000000,   0.000000 [a0]

Properties computed using the SCF density matrix

  Nuclear Dipole Moment: [e a0]
     X:     0.0000      Y:     0.0000      Z:     0.0000

  Electronic Dipole Moment: [e a0]
     X:     0.0000      Y:    -0.0000      Z:     0.0000

  Dipole Moment: [e a0]
     X:     0.0000      Y:    -0.0000      Z:     0.0000     Total:     0.0000

  Dipole Moment: [D]
     X:     0.0000      Y:    -0.0000      Z:     0.0000     Total:     0.0000


*** tstop() called on CHE-FEVANGE at Tue Mar 16 18:05:40 2021
Module time:
	user time   =       0.44 seconds =       0.01 minutes
	system time =       0.02 seconds =       0.00 minutes
	total time  =          1 seconds =       0.02 minutes
Total time:
	user time   =       0.44 seconds =       0.01 minutes
	system time =       0.02 seconds =       0.00 minutes
	total time  =          1 seconds =       0.02 minutes

Scratch directory: /tmp/

  Forte
  ----------------------------------------------------------------------------
  A suite of quantum chemistry methods for strongly correlated electrons

    git branch: genop - git commit: 657e71d8

  Developed by:
    Francesco A. Evangelista, Chenyang Li, Kevin P. Hannon,
    Jeffrey B. Schriber, Tianyuan Zhang, Chenxi Cai,
    Nan He, Nicholas Stair, Shuhe Wang, Renke Huang
  ----------------------------------------------------------------------------

  Size of Determinant class: 128 bits

  Preparing forte objects from a Psi4 Wavefunction object
  No reference wave function provided for Forte. Computing SCF orbitals using Psi4 ...

*** tstart() called on CHE-FEVANGE
*** at Tue Mar 16 18:05:40 2021

   => Loading Basis Set <=

    Name: 6-31G
    Role: ORBITAL
    Keyword: BASIS
    atoms 1   entry O          line   117 file /Users/fevange/Source/psi4/objdir-Debug/stage/share/psi4/basis/6-31g.gbs 
    atoms 2-3 entry H          line    26 file /Users/fevange/Source/psi4/objdir-Debug/stage/share/psi4/basis/6-31g.gbs 


         ---------------------------------------------------------
                                   SCF
               by Justin Turney, Rob Parrish, Andy Simmonett
                          and Daniel G. A. Smith
                              RHF Reference
                        1 Threads,    500 MiB Core
         ---------------------------------------------------------

  ==> Geometry <==

    Molecular point group: c1
    Full point group: D_inf_h

    Geometry (in Bohr), charge = 0, multiplicity = 1:

       Center              X                  Y                   Z               Mass       
    ------------   -----------------  -----------------  -----------------  -----------------
         O            0.000000000000     0.000000000000     0.000000000000    15.994914619570
         H            0.000000000000     0.000000000000    -1.000000000000     1.007825032230
         H            0.000000000000     0.000000000000     1.000000000000     1.007825032230

  Running in c1 symmetry.

  Rotational constants: A = ************  B =     29.86614  C =     29.86614 [cm^-1]
  Rotational constants: A = ************  B = 895364.34709  C = 895364.34709 [MHz]
  Nuclear repulsion =   16.500000000000000

  Charge       = 0
  Multiplicity = 1
  Electrons    = 10
  Nalpha       = 5
  Nbeta        = 5

  ==> Algorithm <==

  SCF Algorithm Type is DF.
  DIIS enabled.
  MOM disabled.
  Fractional occupation disabled.
  Guess Type is SAD.
  Energy threshold   = 1.00e-12
  Density threshold  = 1.00e-10
  Integral threshold = 1.00e-12

  ==> Primary Basis <==

  Basis Set: 6-31G
    Blend: 6-31G
    Number of shells: 9
    Number of basis function: 13
    Number of Cartesian functions: 13
    Spherical Harmonics?: false
    Max angular momentum: 1

   => Loading Basis Set <=

    Name: CC-PVDZ-RI
    Role: JKFIT
    Keyword: DF_BASIS_SCF
    atoms 1   entry O          line   235 file /Users/fevange/Source/psi4/objdir-Debug/stage/share/psi4/basis/cc-pvdz-ri.gbs 
    atoms 2-3 entry H          line    19 file /Users/fevange/Source/psi4/objdir-Debug/stage/share/psi4/basis/cc-pvdz-ri.gbs 

  ==> Integral Setup <==

  DFHelper Memory: AOs need 0.000 GiB; user supplied 0.366 GiB. Using in-core AOs.

  ==> MemDFJK: Density-Fitted J/K Matrices <==

    J tasked:                   Yes
    K tasked:                   Yes
    wK tasked:                   No
    OpenMP threads:               1
    Memory [MiB]:               375
    Algorithm:                 Core
    Schwarz Cutoff:           1E-12
    Mask sparsity (%):       0.0000
    Fitting Condition:        1E-10

   => Auxiliary Basis Set <=

  Basis Set: CC-PVDZ-RI
    Blend: CC-PVDZ-RI
    Number of shells: 30
    Number of basis function: 96
    Number of Cartesian functions: 96
    Spherical Harmonics?: false
    Max angular momentum: 3

  Minimum eigenvalue in the overlap matrix is 2.0688787518E-02.
  Reciprocal condition number of the overlap matrix is 4.9844652769E-03.
    Using symmetric orthogonalization.

  ==> Pre-Iterations <==

  SCF Guess: Superposition of Atomic Densities via on-the-fly atomic UHF (no occupation information).

   -------------------------
    Irrep   Nso     Nmo    
   -------------------------
     A         13      13 
   -------------------------
    Total      13      13
   -------------------------

  ==> Iterations <==

                           Total Energy        Delta E     RMS |[F,P]|

   @DF-RHF iter SAD:   -75.04951070428282   -7.50495e+01   0.00000e+00 
   @DF-RHF iter   1:   -74.66153584721658    3.87975e-01   4.21920e-02 DIIS
   @DF-RHF iter   2:   -74.75140388677254   -8.98680e-02   1.74957e-02 DIIS
   @DF-RHF iter   3:   -74.76729695236374   -1.58931e-02   1.40477e-03 DIIS
   @DF-RHF iter   4:   -74.76753761491133   -2.40663e-04   2.26011e-04 DIIS
   @DF-RHF iter   5:   -74.76754135440072   -3.73949e-06   1.16819e-05 DIIS
   @DF-RHF iter   6:   -74.76754136810987   -1.37092e-08   8.36331e-07 DIIS
   @DF-RHF iter   7:   -74.76754136816785   -5.79803e-11   5.65743e-08 DIIS
   @DF-RHF iter   8:   -74.76754136816805   -1.98952e-13   2.64647e-09 DIIS
   @DF-RHF iter   9:   -74.76754136816821   -1.56319e-13   7.08860e-11 DIIS
  Energy and wave function converged.


  ==> Post-Iterations <==

    Orbital Energies [Eh]
    ---------------------

    Doubly Occupied:                                                      

       1A    -20.513283     2A     -1.584036     3A     -1.189464  
       4A     -0.557791     5A     -0.557791  

    Virtual:                                                              

       6A      0.295209     7A      0.329948     8A      1.133464  
       9A      1.133464    10A      1.294020    11A      1.354348  
      12A      2.076951    13A      3.884876  

    Final Occupation by Irrep:
              A 
    DOCC [     5 ]

  @DF-RHF Final Energy:   -74.76754136816821

   => Energetics <=

    Nuclear Repulsion Energy =             16.5000000000000000
    One-Electron Energy =                -133.7303534991596905
    Two-Electron Energy =                  42.4628121309914803
    Total Energy =                        -74.7675413681682102

Computation Completed


Properties will be evaluated at   0.000000,   0.000000,   0.000000 [a0]

Properties computed using the SCF density matrix

  Nuclear Dipole Moment: [e a0]
     X:     0.0000      Y:     0.0000      Z:     0.0000

  Electronic Dipole Moment: [e a0]
     X:     0.0000      Y:    -0.0000      Z:     0.0000

  Dipole Moment: [e a0]
     X:     0.0000      Y:    -0.0000      Z:     0.0000     Total:     0.0000

  Dipole Moment: [D]
     X:     0.0000      Y:    -0.0000      Z:     0.0000     Total:     0.0000


*** tstop() called on CHE-FEVANGE at Tue Mar 16 18:05:40 2021
Module time:
	user time   =       0.42 seconds =       0.01 minutes
	system time =       0.01 seconds =       0.00 minutes
	total time  =          0 seconds =       0.00 minutes
Total time:
	user time   =       0.90 seconds =       0.01 minutes
	system time =       0.03 seconds =       0.00 minutes
	total time  =          1 seconds =       0.02 minutes

  Read options for space RESTRICTED_DOCC
  Read options for space ACTIVE
  Read options for space RESTRICTED_DOCC

  ==> MO Space Information <==

  -------------------------------
                        A   Sum
  -------------------------------
    FROZEN_DOCC         0     0
    RESTRICTED_DOCC     5     5
    GAS1                0     0
    GAS2                0     0
    GAS3                0     0
    GAS4                0     0
    GAS5                0     0
    GAS6                0     0
    RESTRICTED_UOCC     8     8
    FROZEN_UOCC         0     0
    Total              13    13
  -------------------------------   => Loading Basis Set <=

    Name: CC-PVDZ-RI
    Role: RIFIT
    Keyword: DF_BASIS_MP2
    atoms 1   entry O          line   235 file /Users/fevange/Source/psi4/objdir-Debug/stage/share/psi4/basis/cc-pvdz-ri.gbs 
    atoms 2-3 entry H          line    19 file /Users/fevange/Source/psi4/objdir-Debug/stage/share/psi4/basis/cc-pvdz-ri.gbs 

   => Loading Basis Set <=

    Name: STO-3G
    Role: ORBITAL
    Keyword: MINAO_BASIS
    atoms 1   entry O          line    81 file /Users/fevange/Source/psi4/objdir-Debug/stage/share/psi4/basis/sto-3g.gbs 
    atoms 2-3 entry H          line    19 file /Users/fevange/Source/psi4/objdir-Debug/stage/share/psi4/basis/sto-3g.gbs 


  Forte will use psi4 integrals

  ==> Primary Basis Set Summary <==

  Basis Set: 6-31G
    Blend: 6-31G
    Number of shells: 9
    Number of basis function: 13
    Number of Cartesian functions: 13
    Spherical Harmonics?: false
    Max angular momentum: 1


  JK created using MemDF integrals
  DFHelper Memory: AOs need 0.000 GiB; user supplied 0.391 GiB. Using in-core AOs.

  ==> MemDFJK: Density-Fitted J/K Matrices <==

    J tasked:                   Yes
    K tasked:                   Yes
    wK tasked:                   No
    OpenMP threads:               1
    Memory [MiB]:               400
    Algorithm:                 Core
    Schwarz Cutoff:           1E-12
    Mask sparsity (%):       0.0000
    Fitting Condition:        1E-10

   => Auxiliary Basis Set <=

  Basis Set: CC-PVDZ-RI
    Blend: CC-PVDZ-RI
    Number of shells: 30
    Number of basis function: 84
    Number of Cartesian functions: 96
    Spherical Harmonics?: true
    Max angular momentum: 3



  ==> Integral Transformation <==

  Number of molecular orbitals:                         13
  Number of correlated molecular orbitals:              13
  Number of frozen occupied orbitals:                    0
  Number of frozen unoccupied orbitals:                  0
  Two-electron integral type:              Density fitting

  DFHelper Memory: AOs need 0.000 GiB; user supplied 0.439 GiB. Using in-core AOs.

  ==> DFHelper <==
    NBF:                              13
    NAux:                             84
    Schwarz Cutoff:                1E-12
    Mask sparsity (%):                 0
    DFH Avail. Memory [GiB]:       0.439
    OpenMP threads:                    1
    Algorithm:                     STORE
    AO Core:                        True
    MO Core:                       False
    Hold Metric:                   False
    Metric Power:                 -0.500
    Fitting Condition:             1E-12
    Q Shell Max:                       7



  Timing for computing density-fitted integrals:              0.037 s.

  Time to prepare integrals:        0.077 seconds
  Time to run job          :        0.000 seconds
  Total                    :        0.077 seconds
    DSRG-MRPT2 energy.....................................................................FAILED
Traceback (most recent call last):
  File "/Users/fevange/Source/psi4/objdir-Debug/stage/bin/psi4", line 337, in <module>
    exec(content)
  File "<string>", line 51, in <module>
  File "/Users/fevange/Source/psi4/objdir-Debug/stage/lib/psi4/driver/qcdb/testing.py", line 104, in _mergedapis_compare_values
    return qcel.testing.compare_values(expected, computed, **kwargs)
  File "/Users/fevange/Source/psi4/objdir-Debug/stage/lib/qcelemental/testing.py", line 173, in compare_values
    return return_handler(allclose, label, message, return_message, quiet)
  File "/Users/fevange/Source/psi4/objdir-Debug/stage/lib/psi4/driver/p4util/testing.py", line 189, in _psi4_true_raise_handler
    raise TestComparisonError(message)

psi4.driver.p4util.exceptions.TestComparisonError: 	DSRG-MRPT2 energy: computed value (0.000000000000) does not match (-74.858749324165) to atol=1e-10 by difference (74.858749324165).


Printing out the relevant lines from the Psithon --> Python processed input file:
    core.set_local_option("FORTE", "JOB_TYPE", "three-dsrg-mrpt2")
    core.set_local_option("FORTE", "PRINT", 0)
    core.set_local_option("FORTE", "AO_DSRG_MRPT2", "true")
    core.set_local_option("FORTE", "ACTIVE_SPACE_SOLVER", "fci")
    forte_energy = energy('forte')
--> compare_values(df_mp2,variable("CURRENT ENERGY"),10,"DSRG-MRPT2 energy")

!----------------------------------------------------------------------------------!
!                                                                                  !
!         DSRG-MRPT2 energy: computed value (0.000000000000) does not match        !
!     (-74.858749324165) to atol=1e-10 by difference (74.858749324165).            !
!                                                                                  !
!----------------------------------------------------------------------------------!

    Psi4 stopped on: Tuesday, 16 March 2021 06:05PM
    Psi4 wall time for execution: 0:00:01.15

*** Psi4 encountered an error. Buy a developer more coffee!
*** Resources and help at github.com/psi4/psi4.
