
    -----------------------------------------------------------------------
          Psi4: An Open-Source Ab Initio Electronic Structure Package
                               Psi4 1.9a1.dev49 

                         Git: Rev {master} 990b0e8 


    D. G. A. Smith, L. A. Burns, A. C. Simmonett, R. M. Parrish,
    M. C. Schieber, R. Galvelis, P. Kraus, H. Kruse, R. Di Remigio,
    A. Alenaizan, A. M. James, S. Lehtola, J. P. Misiewicz, M. Scheurer,
    R. A. Shaw, J. B. Schriber, Y. Xie, Z. L. Glick, D. A. Sirianni,
    J. S. O'Brien, J. M. Waldrop, A. Kumar, E. G. Hohenstein,
    B. P. Pritchard, B. R. Brooks, H. F. Schaefer III, A. Yu. Sokolov,
    K. Patkowski, A. E. DePrince III, U. Bozkaya, R. A. King,
    F. A. Evangelista, J. M. Turney, T. D. Crawford, C. D. Sherrill,
    J. Chem. Phys. 152(18) 184108 (2020). https://doi.org/10.1063/5.0006002

                            Additional Code Authors
    E. T. Seidl, C. L. Janssen, E. F. Valeev, M. L. Leininger,
    J. F. Gonthier, R. M. Richard, H. R. McAlexander, M. Saitow, X. Wang,
    P. Verma, M. H. Lechner, A. Jiang, S. Behnle, A. G. Heide,
    M. F. Herbst, and D. L. Poole

             Previous Authors, Complete List of Code Contributors,
                       and Citations for Specific Modules
    https://github.com/psi4/psi4/blob/master/codemeta.json
    https://github.com/psi4/psi4/graphs/contributors
    http://psicode.org/psi4manual/master/introduction.html#citing-psifour

    -----------------------------------------------------------------------


    Psi4 started on: Wednesday, 04 October 2023 06:56PM

    Process ID: 51214
    Host:       MacBook-Pro-158.attlocal.net
    PSIDATADIR: /Users/fevange/Source/psi4/objdir-Release/stage/share/psi4
    Memory:     500.0 MiB
    Threads:    2
    
  ==> Input File <==

--------------------------------------------------------------------------
#! Generated using commit GITCOMMIT

import forte

refcasscf    = -112.881481489289456
refpt2       = -113.11005783259 # -113.110057830915 
#-113.10564937040 #-113.10564937477
refpt2_relax = -113.10890275212
refdm        =    0.078159
refdm_relax  =    0.008678

set forte {
  int_type             fcidump
  correlation_solver   dsrg-mrpt2
  active_space_solver  fci
  frozen_docc        [0,0,0,0]
  frozen_uocc        [0,0,0,0]
  restricted_docc    [2,0,0,0]
  active             [4,0,2,2]
  root_sym           0
  nroot              1
  dsrg_s             0.5
  relax_ref          once
  e_convergence      12
  r_convergence      6
}

Eforte = energy('forte')
compare_values(refpt2,variable("UNRELAXED ENERGY"),8,"DSRG-MRPT2 unrelaxed energy")

--------------------------------------------------------------------------

Scratch directory: /tmp/

  Forte
  ----------------------------------------------------------------------------
  A suite of quantum chemistry methods for strongly correlated electrons

    git branch: ci_restart - git commit: c2433b55

  Developed by:
    Francesco A. Evangelista, Chenyang Li, Kevin P. Hannon,
    Jeffrey B. Schriber, Tianyuan Zhang, Chenxi Cai,
    Nan He, Nicholas Stair, Shuhe Wang, Renke Huang
  ----------------------------------------------------------------------------

  Size of Determinant class: 128 bits
  Preparing forte objects from a custom source

  Reading integral information from FCIDUMP file INTDUMP
  Read options for space FROZEN_DOCC
  Read options for space RESTRICTED_DOCC
  Read options for space FROZEN_UOCC
  Read options for space ACTIVE
  Read options for space FROZEN_DOCC
  Read options for space FROZEN_UOCC
  Read options for space RESTRICTED_DOCC

  ==> MO Space Information <==

  -------------------------------------------------
                       A1    A2    B1    B2   Sum
  -------------------------------------------------
    FROZEN_DOCC         0     0     0     0     0
    RESTRICTED_DOCC     2     0     0     0     2
    GAS1                4     0     2     2     8
    GAS2                0     0     0     0     0
    GAS3                0     0     0     0     0
    GAS4                0     0     0     0     0
    GAS5                0     0     0     0     0
    GAS6                0     0     0     0     0
    RESTRICTED_UOCC    12     2     6     6    26
    FROZEN_UOCC         0     0     0     0     0
    Total              18     2     8     8    36
  -------------------------------------------------
  Forte will use custom integrals

  ==> Integral Transformation <==

  Number of molecular orbitals:                         36
  Number of correlated molecular orbitals:              36
  Number of frozen occupied orbitals:                    0
  Number of frozen unoccupied orbitals:                  0
  Two-electron integral type:                       Custom


  Timing for freezing core and virtual orbitals:              0.000 s.
  Timing for preparing custom (FCIDUMP) integrals:            0.001 s.

  ==> Summary of Active Space Solver Input <==

    Irrep.  Multi.(2ms)      N
    --------------------------
       A1      1  (  0)      1
    --------------------------
    N: number of roots
    ms: spin z component
    Total number of roots:   1
    --------------------------


  ==> String Lists <==

    number of alpha electrons                              5
    number of beta electrons                               5
    number of alpha strings                               56
    number of beta strings                                56
    timing for strings                                 0.000 s
    timing for NN strings                              0.000 s
    timing for VO strings                              0.006 s
    timing for OO strings                              0.004 s
    timing for VVOO strings                            0.008 s
    timing for 1-hole strings                          0.001 s
    timing for 2-hole strings                          0.002 s
    timing for 3-hole strings                          0.004 s
    total timing                                       0.018 s


  ==> FCI Solver <==

    Spin adapt                                         FALSE
    Number of determinants                               792
    Symmetry                                               0
    Multiplicity                                           1
    Number of roots                                        1
    Target root                                            0

  Allocating memory for the Hamiltonian algorithm. Size: 2 x 16 x 16.   Memory: 0.000004 GB

  ==> Davidson-Liu Solver <==

    Energy convergence threshold                   1.000e-12
    Residual convergence threshold                 1.000e-06
    Schmidt orthogonality threshold                1.000e-12
    Schmidt discard threshold                      1.000e-07
    Size of the space                                    792
    Number of roots                                        1
    Collapse subspace size                                 2
    Maximum subspace size                                 10
    States read from file                                  0

  Initial guess space is incomplete.
  Adding 23 determinant(s).

  ==> Initial Guess <==

  Initial guess determinants:         73

  Classification of the initial guess solutions

  Number   2S+1   Selected
  ------------------------
    30       1       *
    32       3        
    10       5        
     1       7        
  ------------------------

    Spin    Root           Energy        <S^2>    Status
  -------------------------------------------------------
   singlet    0      -32.590817609523  -0.000000  added
  -------------------------------------------------------

  ==> Diagonalizing Hamiltonian <==

  Energy   convergence: 1.00e-12
  Residual convergence: 1.00e-06
  -----------------------------------------------------
    Iter.      Avg. Energy       Delta_E     Res. Norm
  -----------------------------------------------------
      1     -112.797976152998  -1.128e+02  +1.356e-01
      2     -112.805838657946  -7.863e-03  +3.721e-02
      3     -112.806339719738  -5.011e-04  +1.415e-02
      4     -112.806420816220  -8.110e-05  +4.249e-03
      5     -112.806426439845  -5.624e-06  +1.357e-03
      6     -112.806426973452  -5.336e-07  +3.139e-04
      7     -112.806427003806  -3.035e-08  +9.859e-05
      8     -112.806427006628  -2.822e-09  +2.218e-05
      9     -112.806427006786  -1.581e-10  +5.592e-06
     10     -112.806427006797  -1.074e-11  +1.344e-06
     11     -112.806427006798  -5.542e-13  +3.841e-07
  -----------------------------------------------------
  The Davidson-Liu algorithm converged in 12 iterations.

  ==> Root No. 0 <==

    2220 20 20      0.97581440

    Total Energy:    -112.806427006798, <S^2>: 0.000000

  ==> Energy Summary <==

    Multi.(2ms)  Irrep.  No.               Energy      <S^2>
    --------------------------------------------------------
       1  (  0)    A1     0     -112.806427006798   0.000000
    --------------------------------------------------------

  ==> Computing RDMs for Root No. 0 <==

    Timing for 1-RDM: 0.000 s
    Timing for 2-RDM: 0.005 s
    Timing for 3-RDM: 0.280 s

  ==> Natural Orbitals <==

        1A1     1.999373      2A1     1.998270      3A1     1.974147  
        1B2     1.967027      1B1     1.967027      2B1     0.045184  
        2B2     0.045184      4A1     0.003787  


  ==> Semicanonicalize Orbitals <==

    MIX INACTIVE ORBITALS   ...... FALSE
    MIX GAS ACTIVE ORBITALS ...... FALSE
    FROZEN_DOCC     ...  CANONICAL
    FROZEN_UOCC     ...  CANONICAL
    GAS1            ...  CANONICAL
    RESTRICTED_DOCC ...  CANONICAL
    RESTRICTED_UOCC ...  CANONICAL

    Off-Diag. Elements       Max           2-Norm
    ------------------------------------------------
    GAS1                 0.0118638229   0.0262496271
    RESTRICTED_DOCC      0.0000265901   0.0000376041
    RESTRICTED_UOCC      0.0125611438   0.0429472219
    ------------------------------------------------

    Canonicalization test failed

  Warning: Cannot fix orbital phases (Ca) for CustomIntegrals.
  Integrals are about to be updated.
  Timing for freezing core and virtual orbitals:              0.000 s.
  Integrals update took     0.031 s.
  Orbital rotations on spin-dependent RDMs ...
    Transformed 1 RDMs.
    Transformed 2 RDMs.
    Transformed 3 RDMs.
  Timing for orbital canonicalization:                        0.152 s.

  ==> Multireference Driven Similarity Renormalization Group <==

    Computing Fock matrix and cleaning JK ........... Done
    Reading DSRG options ............................ Done
    Setting ambit MO space .......................... Done
    Preparing tensors for density cumulants ......... Done
    Filling Fock matrix from ForteIntegrals ......... Done

              ----------------------------------------------------
                    MR-DSRG Second-Order Perturbation Theory
                Chenyang Li, Kevin Hannon, Francesco Evangelista
              ----------------------------------------------------

    References:
      u-DSRG-MRPT2:    J. Chem. Theory Comput. 2015, 11, 2097.
      (pr-)DSRG-MRPT2: J. Chem. Phys. 2017, 146, 124132.

  ==> Calculation Information <==

    int_type                                         FCIDUMP
    source operator                                 STANDARD
    reference relaxation                                ONCE
    state_type                                STATE-SPECIFIC
    form Hbar3                                         FALSE
    flow parameter                                 5.000e-01
    taylor expansion threshold                     1.000e-03
    intruder_tamp                                  1.000e-01
    ntamp                                                 15


  ==> Checking Semicanonical Orbitals <==

    Block             Fa Max         Fa Mean           Fb Max         Fb Mean
    -------------------------------------------------------------------------
    CORE        0.0000000000    0.0000000000     0.0000000000    0.0000000000
    VIRTUAL     0.0000000000    0.0000000000     0.0000000000    0.0000000000
    GAS1        0.0000000000    0.0000000000     0.0000000000    0.0000000000
    -------------------------------------------------------------------------
    Orbitals are semi-canonicalized.

  ==> Computing DSRG-MRPT2 ... <==

    Computing T2 amplitudes                  ...  Done. Timing        0.009429 s
    Computing T1 amplitudes                  ...  Done. Timing        0.000567 s
    Renormalizing two-electron integrals     ...  Done. Timing        0.008198 s
    Renormalizing Fock matrix elements       ...  Done. Timing        0.000451 s
    Computing <[F, T1]>                      ...  Done. Timing        0.000274 s
    Computing <[F, T2]>                      ...  Done. Timing        0.000671 s
    Computing <[V, T1]>                      ...  Done. Timing        0.000712 s
    Computing <[V, T2]> (C_2)^4              ...  Done. Timing        0.005188 s
    Computing <[V, T2]> C_4 (C_2)^2 HH       ...  Done. Timing        0.001252 s
    Computing <[V, T2]> C_4 (C_2)^2 PP       ...  Done. Timing        0.001620 s
    Computing <[V, T2]> C_4 (C_2)^2 PH       ...  Done. Timing        0.006568 s
    Computing <[V, T2]> C_6 C_2              ...  Done. Timing        0.013570 s

  ==> Excitation Amplitudes Summary <==

    Active Indices:    2    3    4    5   20   21   28   29 
    Largest T1 amplitudes for spin case A:
       i       a                  i       a                  i       a               
    --------------------------------------------------------------------------------
    [  3       8    ] 0.004594 [  4       8    ] 0.003679 [ 21      24    ] 0.003074 
    [ 29      32    ] 0.003074 [ 28      31    ]-0.003042 [ 20      23    ]-0.003042 
    [  5      10    ] 0.002363 [  5      11    ] 0.002258 [  2       8    ] 0.002178 
    [  2       7    ] 0.002157 [  3      10    ] 0.002121 [ 21      23    ] 0.001924 
    [ 29      31    ] 0.001924 [  2      11    ]-0.001905 [  2      10    ]-0.001824 
    --------------------------------------------------------------------------------
    Norm of T1A vector: (nonzero elements: 93)                    0.011334966106158.
    --------------------------------------------------------------------------------
    Largest T1 amplitudes for spin case B:
       _       _                  _       _                  _       _               
       i       a                  i       a                  i       a               
    --------------------------------------------------------------------------------
    [  3       8    ] 0.004594 [  4       8    ] 0.003679 [ 21      24    ] 0.003074 
    [ 29      32    ] 0.003074 [ 28      31    ]-0.003042 [ 20      23    ]-0.003042 
    [  5      10    ] 0.002363 [  5      11    ] 0.002258 [  2       8    ] 0.002178 
    [  2       7    ] 0.002157 [  3      10    ] 0.002121 [ 21      23    ] 0.001924 
    [ 29      31    ] 0.001924 [  2      11    ]-0.001905 [  2      10    ]-0.001824 
    --------------------------------------------------------------------------------
    Norm of T1B vector: (nonzero elements: 93)                    0.011334966106158.
    --------------------------------------------------------------------------------
    Largest T2 amplitudes for spin case AA:
       i   j   a   b              i   j   a   b              i   j   a   b           
    --------------------------------------------------------------------------------
    [  3  20   3  23] 0.052969 [  3  28   3  31] 0.052969 [  2  20   2  23] 0.052259 
    [  2  28   2  31] 0.052259 [ 20  28  23  28] 0.049918 [ 20  28  20  31] 0.049918 
    [  2   3   2   8]-0.039645 [  2  29   2  31]-0.039431 [  2  21   2  23]-0.039431 
    [  3  20   8  20]-0.039107 [  3  28   8  28]-0.039107 [  3  29   3  31]-0.036384 
    [  3  21   3  23]-0.036384 [  3   5   3  10]-0.035842 [ 20  29  20  31]-0.035114 
    --------------------------------------------------------------------------------
    Norm of T2AA vector: (nonzero elements: 24668)                0.670306496562697.
    --------------------------------------------------------------------------------
    Largest T2 amplitudes for spin case AB:
           _       _                  _       _                  _       _           
       i   j   a   b              i   j   a   b              i   j   a   b           
    --------------------------------------------------------------------------------
    [  2  20   2  23] 0.069121 [  2  28   2  31] 0.069121 [  3   3   3   8]-0.064005 
    [  4   4   4   6] 0.060729 [ 20  20  20  23] 0.057941 [ 28  28  28  31] 0.057941 
    [  3  20   3  23] 0.056128 [  3  28   3  31] 0.056128 [ 20  28  23  28] 0.052592 
    [ 20  28  20  31] 0.052592 [  2  29   2  31]-0.046680 [  2  21   2  23]-0.046680 
    [  2   5   2  10]-0.045271 [  2   3   2   7] 0.043998 [  3   5   3  10]-0.043830 
    --------------------------------------------------------------------------------
    Norm of T2AB vector: (nonzero elements: 29264)                0.689280157833600.
    --------------------------------------------------------------------------------
    Largest T2 amplitudes for spin case BB:
       _   _   _   _              _   _   _   _              _   _   _   _           
       i   j   a   b              i   j   a   b              i   j   a   b           
    --------------------------------------------------------------------------------
    [  3  20   3  23] 0.052969 [  3  28   3  31] 0.052969 [  2  20   2  23] 0.052259 
    [  2  28   2  31] 0.052259 [ 20  28  23  28] 0.049918 [ 20  28  20  31] 0.049918 
    [  2   3   2   8]-0.039645 [  2  29   2  31]-0.039431 [  2  21   2  23]-0.039431 
    [  3  20   8  20]-0.039107 [  3  28   8  28]-0.039107 [  3  29   3  31]-0.036384 
    [  3  21   3  23]-0.036384 [  3   5   3  10]-0.035842 [ 20  29  20  31]-0.035114 
    --------------------------------------------------------------------------------
    Norm of T2BB vector: (nonzero elements: 24668)                0.670306496562697.
    --------------------------------------------------------------------------------

  ==> Possible Intruders <==

    T1 amplitudes larger than 0.1000 for spin case A: NULL
    T1 amplitudes larger than 0.1000 for spin case B: NULL
    T2 amplitudes larger than 0.1000 for spin case AA: NULL
    T2 amplitudes larger than 0.1000 for spin case AB: NULL
    T2 amplitudes larger than 0.1000 for spin case BB: NULL

  ==> DSRG-MRPT2 Energy Summary <==

    E0 (reference)                 =   -112.806427006797605
    <[F, T1]>                      =     -0.000504096282475
    <[F, T2]>                      =     -0.000326865331494
    <[V, T1]>                      =     -0.000475666086814
    <[V, T2]> (C_2)^4              =     -0.324910253451181
    <[V, T2]> C_4 (C_2)^2 HH       =      0.000019456464792
    <[V, T2]> C_4 (C_2)^2 PP       =      0.012385315702356
    <[V, T2]> C_4 (C_2)^2 PH       =      0.008208974521148
    <[V, T2]> C_6 C_2              =      0.001972310761637
    <[V, T2]>                      =     -0.302324196001249
    DSRG-MRPT2 correlation energy  =     -0.303630823702032
    DSRG-MRPT2 total energy        =   -113.110057830499642
    max(T1)                        =      0.004593622934739
    max(T2)                        =      0.069121268042725
    ||T1||                         =      0.016030062796368
    ||T2||                         =      1.673036204808720

  Energy took      0.115 s


  ==> De-Normal-Order DSRG Transformed Hamiltonian <==

    Computing the scalar term                ... Done. Timing    0.000 s
    Computing the 1-body term                ... Done. Timing    0.000 s

  ==> Rotate DSRG Transformed Hamiltonian back to Original Basis <==

    Rotating 1-body term to original basis   ... Done. Timing    0.000 s
    Rotating 2-body term to original basis   ... Done. Timing    0.001 s

  ==> String Lists <==

    number of alpha electrons                              5
    number of beta electrons                               5
    number of alpha strings                               56
    number of beta strings                                56
    timing for strings                                 0.000 s
    timing for NN strings                              0.000 s
    timing for VO strings                              0.007 s
    timing for OO strings                              0.004 s
    timing for VVOO strings                            0.008 s
    timing for 1-hole strings                          0.001 s
    timing for 2-hole strings                          0.002 s
    timing for 3-hole strings                          0.004 s
    total timing                                       0.018 s


  ==> FCI Solver <==

    Spin adapt                                         FALSE
    Number of determinants                               792
    Symmetry                                               0
    Multiplicity                                           1
    Number of roots                                        1
    Target root                                            0

  Allocating memory for the Hamiltonian algorithm. Size: 2 x 16 x 16.   Memory: 0.000004 GB

  ==> Davidson-Liu Solver <==

    Energy convergence threshold                   1.000e-12
    Residual convergence threshold                 1.000e-06
    Schmidt orthogonality threshold                1.000e-12
    Schmidt discard threshold                      1.000e-07
    Size of the space                                    792
    Number of roots                                        1
    Collapse subspace size                                 2
    Maximum subspace size                                 10
    States read from file                                  0

  Initial guess space is incomplete.
  Adding 3 determinant(s).

  ==> Initial Guess <==

  Initial guess determinants:         53

  Classification of the initial guess solutions

  Number   2S+1   Selected
  ------------------------
    25       1       *
    23       3        
     5       5        
  ------------------------

    Spin    Root           Energy        <S^2>    Status
  -------------------------------------------------------
   singlet    0      -29.251275722724  -0.000000  added
  -------------------------------------------------------

  ==> Diagonalizing Hamiltonian <==

  Energy   convergence: 1.00e-12
  Residual convergence: 1.00e-06
  -----------------------------------------------------
    Iter.      Avg. Energy       Delta_E     Res. Norm
  -----------------------------------------------------
      1     -113.104118401306  -1.131e+02  +1.193e-01
      2     -113.111288682537  -7.170e-03  +2.611e-02
      3     -113.111578831340  -2.901e-04  +6.964e-03
      4     -113.111601227236  -2.240e-05  +2.440e-03
      5     -113.111603722267  -2.495e-06  +7.145e-04
      6     -113.111603890863  -1.686e-07  +1.427e-04
      7     -113.111603898185  -7.322e-09  +3.051e-05
      8     -113.111603898528  -3.431e-10  +7.359e-06
      9     -113.111603898549  -2.103e-11  +1.456e-06
     10     -113.111603898550  -8.242e-13  +3.487e-07
  -----------------------------------------------------
  The Davidson-Liu algorithm converged in 11 iterations.

  ==> Root No. 0 <==

    2220 20 20      0.97769160

    Total Energy:    -113.111603898550, <S^2>: -0.000000

  ==> Energy Summary <==

    Multi.(2ms)  Irrep.  No.               Energy      <S^2>
    --------------------------------------------------------
       1  (  0)    A1     0     -113.111603898550  -0.000000
    --------------------------------------------------------

  => DSRG-MRPT2 Reference Relaxation Energy Summary <=

                         Fixed Ref. (a.u.)              Relaxed Ref. (a.u.)
           -------------------------------  -------------------------------
    Iter.          Total Energy      Delta          Total Energy      Delta
    -----------------------------------------------------------------------
        1     -113.110057830500 -1.131e+02     -113.111603898550 -1.131e+02
    -----------------------------------------------------------------------
  Semicanonical orbitals must be used!


  ==> Total Timings (s) for Computing Commutators <==

             [H1, T1]    [H1, T2]    [H2, T1]    [H2, T2]
    -----------------------------------------------------
    -> C0       0.000       0.001       0.001       0.028
    -> C1       0.000       0.002       0.001       0.042
    -> C2                   0.002       0.001       0.012
    -----------------------------------------------------


  Time to prepare integrals:        0.632 seconds
  Time to run job          :        0.863 seconds
  Total                    :        1.495 seconds
    DSRG-MRPT2 unrelaxed energy...........................................................PASSED

    Psi4 stopped on: Wednesday, 04 October 2023 06:56PM
    Psi4 wall time for execution: 0:00:01.79

*** Psi4 exiting successfully. Buy a developer a beer!
