
    -----------------------------------------------------------------------
          Psi4: An Open-Source Ab Initio Electronic Structure Package
                               Psi4 1.10a1.dev38 

                         Git: Rev {W-vector-python} 84f7c86 dirty


    D. G. A. Smith, L. A. Burns, A. C. Simmonett, R. M. Parrish,
    M. C. Schieber, R. Galvelis, P. Kraus, H. Kruse, R. Di Remigio,
    A. Alenaizan, A. M. James, S. Lehtola, J. P. Misiewicz, M. Scheurer,
    R. A. Shaw, J. B. Schriber, Y. Xie, Z. L. Glick, D. A. Sirianni,
    J. S. O'Brien, J. M. Waldrop, A. Kumar, E. G. Hohenstein,
    B. P. Pritchard, B. R. Brooks, H. F. Schaefer III, A. Yu. Sokolov,
    K. Patkowski, A. E. DePrince III, U. Bozkaya, R. A. King,
    F. A. Evangelista, J. M. Turney, T. D. Crawford, C. D. Sherrill,
    J. Chem. Phys. 152(18) 184108 (2020). https://doi.org/10.1063/5.0006002

                            Additional Code Authors
    E. T. Seidl, C. L. Janssen, E. F. Valeev, M. L. Leininger,
    J. F. Gonthier, R. M. Richard, H. R. McAlexander, M. Saitow, X. Wang,
    P. Verma, M. H. Lechner, A. Jiang, S. Behnle, A. G. Heide,
    M. F. Herbst, and D. L. Poole

             Previous Authors, Complete List of Code Contributors,
                       and Citations for Specific Modules
    https://github.com/psi4/psi4/blob/master/codemeta.json
    https://github.com/psi4/psi4/graphs/contributors
    http://psicode.org/psi4manual/master/introduction.html#citing-psifour

    -----------------------------------------------------------------------


    Psi4 started on: Friday, 02 August 2024 02:17PM

    Process ID: 6629
    Host:       Brian-Zs-MBA.local
    PSIDATADIR: /Users/brianz98/local/psi4/objdir-Release/stage/share/psi4
    Memory:     500.0 MiB
    Threads:    1
    
  ==> Input File <==

--------------------------------------------------------------------------
import forte

refudsrg = -1.013664923670226

molecule {
  0 1
  H
  H 1 1.5
}

set globals{
  basis                   3-21g
}

set forte{
  mcscf_reference         true
  active_space_solver     fci
  correlation_solver      somrdsrg
  corr_level              ldsrg2
  restricted_docc         [1,0,0,0,0,0,0,0]
  active                  [1,0,0,0,0,1,0,0]
  dsrg_s                  0.5
  e_convergence           10
  mcscf_g_convergence     8
  mcscf_e_convergence     12  
  dsrg_trans_type         cc
}

energy('forte')
compare_values(refudsrg, variable("UNRELAXED ENERGY"), 8, "Non-Hermitian MRDSRG unrelaxed energy")--------------------------------------------------------------------------

Scratch directory: /tmp/

  Forte
  ----------------------------------------------------------------------------
  A suite of quantum chemistry methods for strongly correlated electrons

    git branch: enable_nonherm - git commit: 786492fa

  Developed by:
    Francesco A. Evangelista, Chenyang Li, Kevin P. Hannon,
    Jeffrey B. Schriber, Tianyuan Zhang, Chenxi Cai,
    Nan He, Nicholas Stair, Shuhe Wang, Renke Huang
  ----------------------------------------------------------------------------


  Preparing forte objects from a Psi4 Wavefunction object
  No reference wave function provided for Forte. Computing SCF orbitals using Psi4 ...
   => Libint2 <=

    Primary   basis highest AM E, G, H:  5, 4, 3
    Auxiliary basis highest AM E, G, H:  6, 5, 4
    Onebody   basis highest AM E, G, H:  6, 5, 4
    Solid Harmonics ordering:            Gaussian

*** tstart() called on Brian-Zs-MBA.local
*** at Fri Aug  2 14:17:04 2024

   => Loading Basis Set <=

    Name: 3-21G
    Role: ORBITAL
    Keyword: BASIS
    atoms 1-2 entry H          line    21 file /Users/brianz98/local/psi4/objdir-Release/stage/share/psi4/basis/3-21g.gbs 


         ---------------------------------------------------------
                                   SCF
               by Justin Turney, Rob Parrish, Andy Simmonett
                          and Daniel G. A. Smith
                              RHF Reference
                        1 Threads,    500 MiB Core
         ---------------------------------------------------------

  ==> Geometry <==

    Molecular point group: d2h
    Full point group: D_inf_h

    Geometry (in Angstrom), charge = 0, multiplicity = 1:

       Center              X                  Y                   Z               Mass       
    ------------   -----------------  -----------------  -----------------  -----------------
         H            0.000000000000     0.000000000000    -0.750000000000     1.007825032230
         H            0.000000000000     0.000000000000     0.750000000000     1.007825032230

  Running in d2h symmetry.

  Rotational constants: A = ************  B =     14.86822  C =     14.86822 [cm^-1]
  Rotational constants: A = ************  B = 445737.87242  C = 445737.87242 [MHz]
  Nuclear repulsion =    0.352784807113333

  Charge       = 0
  Multiplicity = 1
  Electrons    = 2
  Nalpha       = 1
  Nbeta        = 1

  ==> Algorithm <==

  SCF Algorithm Type is PK.
  DIIS enabled.
  MOM disabled.
  Fractional occupation disabled.
  Guess Type is SAD.
  Energy threshold   = 1.00e-08
  Density threshold  = 1.00e-08
  Integral threshold = 1.00e-12

  ==> Primary Basis <==

  Basis Set: 3-21G
    Blend: 3-21G
    Number of shells: 4
    Number of basis functions: 4
    Number of Cartesian functions: 4
    Spherical Harmonics?: false
    Max angular momentum: 0

  ==> Integral Setup <==

  Using in-core PK algorithm.
   Calculation information:
      Number of atoms:                   2
      Number of AO shells:               4
      Number of primitives:              6
      Number of atomic orbitals:         4
      Number of basis functions:         4

      Integral cutoff                 1.00e-12
      Number of threads:                 1

  Performing in-core PK
  Using 110 doubles for integral storage.
  We computed 55 shell quartets total.
  Whereas there are 55 unique shell quartets.

  ==> DiskJK: Disk-Based J/K Matrices <==

    J tasked:                  Yes
    K tasked:                  Yes
    wK tasked:                  No
    Memory [MiB]:              375
    Schwarz Cutoff:          1E-12

    OpenMP threads:              1

  Minimum eigenvalue in the overlap matrix is 3.2144687550E-01.
  Reciprocal condition number of the overlap matrix is 1.9150235451E-01.
    Using symmetric orthogonalization.

  ==> Pre-Iterations <==

  SCF Guess: Superposition of Atomic Densities via on-the-fly atomic UHF (no occupation information).

   -------------------------
    Irrep   Nso     Nmo    
   -------------------------
     Ag         2       2 
     B1g        0       0 
     B2g        0       0 
     B3g        0       0 
     Au         0       0 
     B1u        2       2 
     B2u        0       0 
     B3u        0       0 
   -------------------------
    Total       4       4
   -------------------------

  ==> Iterations <==

                        Total Energy        Delta E     RMS |[F,P]|

   @RHF iter SAD:    -0.73661534666280   -7.36615e-01   0.00000e+00 
   @RHF iter   1:    -0.99204023487079   -2.55425e-01   5.52768e-03 DIIS/ADIIS
   @RHF iter   2:    -0.99221261558078   -1.72381e-04   8.73457e-04 DIIS/ADIIS
   @RHF iter   3:    -0.99221702632734   -4.41075e-06   3.67403e-06 DIIS
   @RHF iter   4:    -0.99221702640537   -7.80298e-11   5.88983e-10 DIIS
  Energy and wave function converged.


  ==> Post-Iterations <==

    Orbital Energies [Eh]
    ---------------------

    Doubly Occupied:                                                      

       1Ag    -0.430258  

    Virtual:                                                              

       1B1u    0.068379     2B1u    1.163103     2Ag     1.212760  

    Final Occupation by Irrep:
             Ag   B1g   B2g   B3g    Au   B1u   B2u   B3u 
    DOCC [     1,    0,    0,    0,    0,    0,    0,    0 ]
    NA   [     1,    0,    0,    0,    0,    0,    0,    0 ]
    NB   [     1,    0,    0,    0,    0,    0,    0,    0 ]

  @RHF Final Energy:    -0.99221702640537

   => Energetics <=

    Nuclear Repulsion Energy =              0.3527848071133334
    One-Electron Energy =                  -1.8294884597329251
    Two-Electron Energy =                   0.4844866262142231
    Total Energy =                         -0.9922170264053687

Computation Completed


Properties will be evaluated at   0.000000,   0.000000,   0.000000 [a0]

Properties computed using the SCF density matrix


 Multipole Moments:

 ------------------------------------------------------------------------------------
     Multipole            Electronic (a.u.)      Nuclear  (a.u.)        Total (a.u.)
 ------------------------------------------------------------------------------------

 L = 1.  Multiply by 2.5417464519 to convert [e a0] to [Debye]
 Dipole X            :          0.0000000            0.0000000            0.0000000
 Dipole Y            :          0.0000000            0.0000000            0.0000000
 Dipole Z            :          0.0000000            0.0000000            0.0000000
 Magnitude           :                                                    0.0000000

 ------------------------------------------------------------------------------------

*** tstop() called on Brian-Zs-MBA.local at Fri Aug  2 14:17:04 2024
Module time:
	user time   =       0.09 seconds =       0.00 minutes
	system time =       0.01 seconds =       0.00 minutes
	total time  =          0 seconds =       0.00 minutes
Total time:
	user time   =       0.09 seconds =       0.00 minutes
	system time =       0.01 seconds =       0.00 minutes
	total time  =          0 seconds =       0.00 minutes

  Read options for space RESTRICTED_DOCC
  Read options for space ACTIVE
  Read options for space RESTRICTED_DOCC

  ==> MO Space Information <==

  -------------------------------------------------------------------------
                       Ag   B1g   B2g   B3g    Au   B1u   B2u   B3u   Sum
  -------------------------------------------------------------------------
    FROZEN_DOCC         0     0     0     0     0     0     0     0     0
    RESTRICTED_DOCC     1     0     0     0     0     0     0     0     1
    GAS1                1     0     0     0     0     1     0     0     2
    GAS2                0     0     0     0     0     0     0     0     0
    GAS3                0     0     0     0     0     0     0     0     0
    GAS4                0     0     0     0     0     0     0     0     0
    GAS5                0     0     0     0     0     0     0     0     0
    GAS6                0     0     0     0     0     0     0     0     0
    RESTRICTED_UOCC     0     0     0     0     0     1     0     0     1
    FROZEN_UOCC         0     0     0     0     0     0     0     0     0
    Total               2     0     0     0     0     2     0     0     4
  -------------------------------------------------------------------------   => Loading Basis Set <=

    Name: STO-3G
    Role: ORBITAL
    Keyword: MINAO_BASIS
    atoms 1-2 entry H          line    19 file /Users/brianz98/local/psi4/objdir-Release/stage/share/psi4/basis/sto-3g.gbs 


  State Singlet (Ms = 0) Ag GAS min: 0 0 0 0 0 0 ; GAS max: 4 0 0 0 0 0 ; weights:
      1.000000000000
  Forte will use psi4 integrals

  ==> Primary Basis Set Summary <==

  Basis Set: 3-21G
    Blend: 3-21G
    Number of shells: 4
    Number of basis functions: 4
    Number of Cartesian functions: 4
    Spherical Harmonics?: false
    Max angular momentum: 0


  JK created using conventional PK integrals
  Using in-core PK algorithm.
   Calculation information:
      Number of atoms:                   2
      Number of AO shells:               4
      Number of primitives:              6
      Number of atomic orbitals:         4
      Number of basis functions:         4

      Integral cutoff                 1.00e-12
      Number of threads:                 1

  Performing in-core PK
  Using 110 doubles for integral storage.
  We computed 55 shell quartets total.
  Whereas there are 55 unique shell quartets.

  ==> DiskJK: Disk-Based J/K Matrices <==

    J tasked:                  Yes
    K tasked:                  Yes
    wK tasked:                  No
    Memory [MiB]:              400
    Schwarz Cutoff:          1E-12

    OpenMP threads:              1



  ==> Integral Transformation <==

  Number of molecular orbitals:                          4
  Number of correlated molecular orbitals:               4
  Number of frozen occupied orbitals:                    0
  Number of frozen unoccupied orbitals:                  0
  Two-electron integral type:                 Conventional


  Computing Conventional Integrals	Presorting SO-basis two-electron integrals.
	Sorting File: SO Ints (nn|nn) nbuckets = 1
	Constructing frozen core operators
	Starting first half-transformation.
	Sorting half-transformed integrals.
	First half integral transformation complete.
	Starting second half-transformation.
	Two-electron integral transformation complete.

  Integral transformation done. 0.00193296 s
  Reading the two-electron integrals from disk
  Size of two-electron integrals:   0.000006 GB
  Timing for conventional integral transformation:            0.011 s.
  Timing for freezing core and virtual orbitals:              0.000 s.
  Timing for computing conventional integrals:                0.011 s.

          -----------------------------------------------------------
                  Multi-Configurational Self Consistent Field
                Two-Step Approximate Second-Order AO Algorithm
            written by Chenyang Li, Kevin P. Hannon, and Shuhe Wang
          -----------------------------------------------------------


  ==> MCSCF Calculation Information <==

    --------------------------------------------------------
    Print level                                      Default
    Integral type                               CONVENTIONAL
    CI solver type                                       FCI
    Final orbital type                             CANONICAL
    Derivative type                                     NONE
    Optimize orbitals                                   TRUE
    Include internal rotations                         FALSE
    Debug printing                                     FALSE
    Energy convergence                             1.000e-12
    Gradient convergence                           1.000e-08
    Max value for rotation                         2.000e-01
    Max number of macro iter.                            100
    Max number of micro iter. for orbitals                 6
    Max number of micro iter. for CI                      12
    DIIS start                                            15
    Min DIIS vectors                                       3
    Max DIIS vectors                                       8
    Frequency of DIIS extrapolation                        1
    --------------------------------------------------------

  ==> Independent Orbital Rotations <==

    ORBITAL SPACES                        Ag    B1g    B2g    B3g     Au    B1u    B2u    B3u
    -----------------------------------------------------------------------------------------
             ACTIVE / RESTRICTED_DOCC      1      0      0      0      0      0      0      0
    RESTRICTED_UOCC /          ACTIVE      0      0      0      0      0      1      0      0
    RESTRICTED_UOCC / RESTRICTED_DOCC      0      0      0      0      0      0      0      0
    -----------------------------------------------------------------------------------------

  ==> String Lists <==

    --------------------------------------------------------
    number of alpha electrons                              0
    number of beta electrons                               0
    number of alpha strings                                1
    number of beta strings                                 1
    --------------------------------------------------------

  ==> FCI Solver <==

    --------------------------------------------------------
    Spin adapt                                         FALSE
    Number of determinants                                 1
    Symmetry                                               0
    Multiplicity                                           1
    Number of roots                                        1
    Target root                                            0
    --------------------------------------------------------

  ==> Initial Guess <==

  Initial guess determinants:         1

  Classification of the initial guess solutions

  Number   2S+1   Selected
  ------------------------
     1       1       *
  ------------------------

    Spin    Root           Energy        <S^2>    Status
  -------------------------------------------------------
   singlet    0       -0.992217026405  +0.000000  added
  -------------------------------------------------------

  ==> Davidson-Liu Solver <==

    --------------------------------------------------------
    Print level                                      Default
    Energy convergence threshold                   1.000e-12
    Residual convergence threshold                 1.000e-06
    Schmidt orthogonality threshold                1.000e-12
    Schmidt discard threshold                      1.000e-07
    Size of the space                                      1
    Number of roots                                        1
    Maximum number of iterations                         100
    Collapse subspace size                                 1
    Maximum subspace size                                  1
    --------------------------------------------------------

  Davidson-Liu solver: adding 1 guess vectors
  Iteration     Average Energy            max(∆E)            max(Residual)  Vectors
  ---------------------------------------------------------------------------------
       0       -0.992217026405        0.992217026405        0.000000000000      1
  ---------------------------------------------------------------------------------

  ==> Root No. 0 <==

    0 0      1.00000000

    Total Energy:      -0.992217026405, <S^2>: 0.000000
    Time for FCI:       0.002118500000

  ==> Energy Summary <==

    Multi.(2ms)  Irrep.  No.               Energy      <S^2>
    --------------------------------------------------------
       1  (  0)    Ag     0       -0.992217026405   0.000000
    --------------------------------------------------------

  ==> Natural Orbitals <==

        1B1u    0.000000      2Ag     0.000000  


  ==> Dipole Moments [e a0] (Nuclear + Electronic) for Singlet (Ms = 0) Ag <==

       State           DM_X           DM_Y           DM_Z           |DM|
    --------------------------------------------------------------------
         0AG     0.00000000     0.00000000     0.00000000     0.00000000
    --------------------------------------------------------------------
     Nuclear     0.00000000     0.00000000     0.00000000     0.00000000
    --------------------------------------------------------------------

  ==> Natural Orbitals <==

        1B1u    0.000000      2Ag     0.000000  


  ==> Quadrupole Moments [e a0^2] (Nuclear + Electronic) for Singlet (Ms = 0) Ag <==

       State          QM_XX          QM_XY          QM_XZ          QM_YY          QM_YZ          QM_ZZ
    --------------------------------------------------------------------------------------------------
         0AG    -1.98413050     0.00000000     0.00000000    -1.98413050     0.00000000    -1.02649856
    --------------------------------------------------------------------------------------------------
     Nuclear     0.00000000     0.00000000     0.00000000     0.00000000     0.00000000     4.01744793
    --------------------------------------------------------------------------------------------------

  ==> Natural Orbitals <==

        1B1u    0.000000      2Ag     0.000000  


  ==> Single-Reference Orbital Optimization <==


  SCF converged in 0 iterations!
  @ Final energy: -0.992217026405369

  Performing final CI Calculation using converged orbitals

  ==> String Lists <==

    --------------------------------------------------------
    number of alpha electrons                              0
    number of beta electrons                               0
    number of alpha strings                                1
    number of beta strings                                 1
    --------------------------------------------------------

  ==> FCI Solver <==

    --------------------------------------------------------
    Spin adapt                                         FALSE
    Number of determinants                                 1
    Symmetry                                               0
    Multiplicity                                           1
    Number of roots                                        1
    Target root                                            0
    --------------------------------------------------------

  ==> Initial Guess <==

  Initial guess determinants:         1

  Classification of the initial guess solutions

  Number   2S+1   Selected
  ------------------------
     1       1       *
  ------------------------

    Spin    Root           Energy        <S^2>    Status
  -------------------------------------------------------
   singlet    0       -0.992217026405  +0.000000  added
  -------------------------------------------------------

  ==> Davidson-Liu Solver <==

    --------------------------------------------------------
    Print level                                      Default
    Energy convergence threshold                   1.000e-12
    Residual convergence threshold                 1.000e-06
    Schmidt orthogonality threshold                1.000e-12
    Schmidt discard threshold                      1.000e-07
    Size of the space                                      1
    Number of roots                                        1
    Maximum number of iterations                         100
    Collapse subspace size                                 1
    Maximum subspace size                                  1
    --------------------------------------------------------

  Davidson-Liu solver: adding 1 guess vectors
  Iteration     Average Energy            max(∆E)            max(Residual)  Vectors
  ---------------------------------------------------------------------------------
       0       -0.992217026405        0.000000000000        0.000000000000      1
  ---------------------------------------------------------------------------------

  ==> Root No. 0 <==

    0 0      1.00000000

    Total Energy:      -0.992217026405, <S^2>: 0.000000
    Time for FCI:       0.000176708000

  ==> Energy Summary <==

    Multi.(2ms)  Irrep.  No.               Energy      <S^2>
    --------------------------------------------------------
       1  (  0)    Ag     0       -0.992217026405   0.000000
    --------------------------------------------------------

  ==> Natural Orbitals <==

        1B1u    0.000000      2Ag     0.000000  


  ==> Dipole Moments [e a0] (Nuclear + Electronic) for Singlet (Ms = 0) Ag <==

       State           DM_X           DM_Y           DM_Z           |DM|
    --------------------------------------------------------------------
         0AG     0.00000000     0.00000000     0.00000000     0.00000000
    --------------------------------------------------------------------
     Nuclear     0.00000000     0.00000000     0.00000000     0.00000000
    --------------------------------------------------------------------

  ==> Natural Orbitals <==

        1B1u    0.000000      2Ag     0.000000  


  ==> Quadrupole Moments [e a0^2] (Nuclear + Electronic) for Singlet (Ms = 0) Ag <==

       State          QM_XX          QM_XY          QM_XZ          QM_YY          QM_YZ          QM_ZZ
    --------------------------------------------------------------------------------------------------
         0AG    -1.98413050     0.00000000     0.00000000    -1.98413050     0.00000000    -1.02649856
    --------------------------------------------------------------------------------------------------
     Nuclear     0.00000000     0.00000000     0.00000000     0.00000000     0.00000000     4.01744793
    --------------------------------------------------------------------------------------------------

  ==> Natural Orbitals <==

        1B1u    0.000000      2Ag     0.000000  

  Canonicalizing final MCSCF orbitals

  ==> Semicanonicalize Orbitals <==

    MIX INACTIVE ORBITALS          TRUE
    MIX GAS ACTIVE ORBITALS       FALSE
    GAS1                          CANONICAL
    INACTIVE_DOCC                 CANONICAL
    INACTIVE_UOCC                 CANONICAL

    Off-Diag. Elements       Max           2-Norm
    ------------------------------------------------
    GAS1                 0.0000000000   0.0000000000
    INACTIVE_DOCC        0.0000000000   0.0000000000
    INACTIVE_UOCC        0.0000000000   0.0000000000
    ------------------------------------------------

    Canonicalization test passed

  Orbitals are already semicanonicalized.
  Timing for orbital canonicalization:                        0.000 s.
  Integrals are about to be updated.
  Computing Conventional Integrals	Presorting SO-basis two-electron integrals.
	Sorting File: SO Ints (nn|nn) nbuckets = 1
	Constructing frozen core operators
	Starting first half-transformation.
	Sorting half-transformed integrals.
	First half integral transformation complete.
	Starting second half-transformation.
	Two-electron integral transformation complete.

  Integral transformation done. 0.00271642 s
  Reading the two-electron integrals from disk
  Size of two-electron integrals:   0.000006 GB
  Timing for conventional integral transformation:            0.007 s.
  Timing for freezing core and virtual orbitals:              0.000 s.
  Integrals update took     0.007 s.

  The integrals are not consistent with the orbitals. Re-transforming them.


  ==> String Lists <==

    --------------------------------------------------------
    number of alpha electrons                              0
    number of beta electrons                               0
    number of alpha strings                                1
    number of beta strings                                 1
    --------------------------------------------------------

  ==> FCI Solver <==

    --------------------------------------------------------
    Spin adapt                                         FALSE
    Number of determinants                                 1
    Symmetry                                               0
    Multiplicity                                           1
    Number of roots                                        1
    Target root                                            0
    --------------------------------------------------------

  ==> Initial Guess <==

  Initial guess determinants:         1

  Classification of the initial guess solutions

  Number   2S+1   Selected
  ------------------------
     1       1       *
  ------------------------

    Spin    Root           Energy        <S^2>    Status
  -------------------------------------------------------
   singlet    0       -0.992217026405  +0.000000  added
  -------------------------------------------------------

  ==> Davidson-Liu Solver <==

    --------------------------------------------------------
    Print level                                      Default
    Energy convergence threshold                   1.000e-10
    Residual convergence threshold                 1.000e-06
    Schmidt orthogonality threshold                1.000e-12
    Schmidt discard threshold                      1.000e-07
    Size of the space                                      1
    Number of roots                                        1
    Maximum number of iterations                         100
    Collapse subspace size                                 1
    Maximum subspace size                                  1
    --------------------------------------------------------

  Davidson-Liu solver: adding 1 guess vectors
  Iteration     Average Energy            max(∆E)            max(Residual)  Vectors
  ---------------------------------------------------------------------------------
       0       -0.992217026405        0.992217026405        0.000000000000      1
  ---------------------------------------------------------------------------------

  ==> Root No. 0 <==

    0 0      1.00000000

    Total Energy:      -0.992217026405, <S^2>: 0.000000
    Time for FCI:       0.000155708000

  ==> Energy Summary <==

    Multi.(2ms)  Irrep.  No.               Energy      <S^2>
    --------------------------------------------------------
       1  (  0)    Ag     0       -0.992217026405   0.000000
    --------------------------------------------------------

  ==> Natural Orbitals <==

        1B1u    0.000000      2Ag     0.000000  


  ==> Dipole Moments [e a0] (Nuclear + Electronic) for Singlet (Ms = 0) Ag <==

       State           DM_X           DM_Y           DM_Z           |DM|
    --------------------------------------------------------------------
         0AG     0.00000000     0.00000000     0.00000000     0.00000000
    --------------------------------------------------------------------
     Nuclear     0.00000000     0.00000000     0.00000000     0.00000000
    --------------------------------------------------------------------

  ==> Natural Orbitals <==

        1B1u    0.000000      2Ag     0.000000  


  ==> Quadrupole Moments [e a0^2] (Nuclear + Electronic) for Singlet (Ms = 0) Ag <==

       State          QM_XX          QM_XY          QM_XZ          QM_YY          QM_YZ          QM_ZZ
    --------------------------------------------------------------------------------------------------
         0AG    -1.98413050     0.00000000     0.00000000    -1.98413050     0.00000000    -1.02649856
    --------------------------------------------------------------------------------------------------
     Nuclear     0.00000000     0.00000000     0.00000000     0.00000000     0.00000000     4.01744793
    --------------------------------------------------------------------------------------------------

  ==> Natural Orbitals <==

        1B1u    0.000000      2Ag     0.000000  


  ==> Semicanonicalize Orbitals <==

    MIX INACTIVE ORBITALS         FALSE
    MIX GAS ACTIVE ORBITALS       FALSE
    FROZEN_DOCC                   CANONICAL
    FROZEN_UOCC                   CANONICAL
    GAS1                          CANONICAL
    RESTRICTED_DOCC               CANONICAL
    RESTRICTED_UOCC               CANONICAL

    Off-Diag. Elements       Max           2-Norm
    ------------------------------------------------
    GAS1                 0.0000000000   0.0000000000
    RESTRICTED_DOCC      0.0000000000   0.0000000000
    RESTRICTED_UOCC      0.0000000000   0.0000000000
    ------------------------------------------------

    Canonicalization test passed

  Orbitals are already semicanonicalized.
  Timing for orbital canonicalization:                        0.000 s.

           ----------------------------------------------------------
             Multireference Driven Similarity Renormalization Group
                      written by Francesco A. Evangelista
           ----------------------------------------------------------

   0
   1   2
   3

  ==> Calculation Information <==

    flow parameter                           5.000e-01
    taylor expansion threshold               1.000e-03
    int_type                                CONVENTIONAL
    source operator                                   
  =>** Before self.dsrg_solver.compute_energy() **<=


  ==> Computing the SO-MR-DSRG(2) energy <==

  * RDMs total energy            =        -0.992217026405369

  --------------------------------------------------------------------------------------------------
         Cycle     Energy (a.u.)     Delta(E)   |Hbar1|    |Hbar2|     |S1|    |S2|  max(S1) max(S2)
  --------------------------------------------------------------------------------------------------

    SCF energy                            =   -0.992217026405369
    SRG-PT2 correlation energy            =   -0.099445426438762
  * SRG-PT2 total energy                  =   -1.091662452844131

   H0  =      -0.016288318180
  |H1| =       0.154953286777
  |H2| =       9.693622540200
   H0  =       0.000293005362
  |H1| =       0.005162581447
  |H2| =       0.435366665938
   H0  =      -0.000000000000
  |H1| =       0.000063378052
  |H2| =       0.007965392353
   H0  =      -0.000000000000
  |H1| =       0.000000679655
  |H2| =       0.000110250226
   H0  =       0.000000000000
  |H1| =       0.000000000000
  |H2| =       0.000000621145
   H0  =       0.000000000000
  |H1| =       0.000000000000
  |H2| =       0.000000001042
   H0  =       0.000000000000
  |H1| =       0.000000000000
  |H2| =       0.000000000000
   H0  =      -0.020001521626
  |H1| =       0.155478636476
  |H2| =      10.541872122027
   H0  =       0.000168468432
  |H1| =       0.005672091312
  |H2| =       0.498146441782
   H0  =      -0.000003364594
  |H1| =       0.000067455441
  |H2| =       0.009537472389
   H0  =      -0.000000003188
  |H1| =       0.000000936759
  |H2| =       0.000124858760
   H0  =       0.000000000000
  |H1| =       0.000000000560
  |H2| =       0.000000719795
   H0  =       0.000000000000
  |H1| =       0.000000000000
  |H2| =       0.000000001418
   H0  =       0.000000000000
  |H1| =       0.000000000000
  |H2| =       0.000000000002
    @SO-MR-DSRG    0      -1.012135436144  -1.012e+00  1.028e-02  4.772e-01  0.0066 -0.0713  1.0000  0.0000
   H0  =      -0.020991930485
  |H1| =       0.154641465982
  |H2| =      10.727122131950
   H0  =       0.000165138048
  |H1| =       0.005485803308
  |H2| =       0.497141683942
   H0  =      -0.000004647541
  |H1| =       0.000065407741
  |H2| =       0.009696900362
   H0  =      -0.000000004300
  |H1| =       0.000000947463
  |H2| =       0.000128715533
   H0  =       0.000000000000
  |H1| =       0.000000000539
  |H2| =       0.000000727806
   H0  =       0.000000000000
  |H1| =       0.000000000000
  |H2| =       0.000000001400
   H0  =       0.000000000000
  |H1| =       0.000000000000
  |H2| =       0.000000000002
    @SO-MR-DSRG    1      -1.013127938122  -9.925e-04  1.397e-02  4.852e-01  0.0094 -0.0749  1.0000  0.0000
   H0  =      -0.021340384240
  |H1| =       0.154890651204
  |H2| =      10.784331446344
   H0  =       0.000162249741
  |H1| =       0.005411557059
  |H2| =       0.496482877117
   H0  =      -0.000005038880
  |H1| =       0.000064731155
  |H2| =       0.009728964079
   H0  =      -0.000000004476
  |H1| =       0.000000940247
  |H2| =       0.000129534940
   H0  =       0.000000000000
  |H1| =       0.000000000510
  |H2| =       0.000000724938
   H0  =       0.000000000000
  |H1| =       0.000000000000
  |H2| =       0.000000001368
   H0  =       0.000000000000
  |H1| =       0.000000000000
  |H2| =       0.000000000002
    @SO-MR-DSRG    2      -1.013477966520  -3.500e-04  1.518e-02  4.878e-01  0.0103 -0.0761  1.0000  0.0000
   H0  =      -0.021460039840
  |H1| =       0.155032634197
  |H2| =      10.805336510669
   H0  =       0.000162049993
  |H1| =       0.005379941919
  |H2| =       0.496018641911
   H0  =      -0.000005175710
  |H1| =       0.000064466214
  |H2| =       0.009735728883
   H0  =      -0.000000004474
  |H1| =       0.000000935652
  |H2| =       0.000129772089
   H0  =       0.000000000000
  |H1| =       0.000000000492
  |H2| =       0.000000723166
   H0  =       0.000000000000
  |H1| =       0.000000000000
  |H2| =       0.000000001348
   H0  =       0.000000000000
  |H1| =       0.000000000000
  |H2| =       0.000000000002
    @SO-MR-DSRG    3      -1.013597767604  -1.198e-04  1.561e-02  4.887e-01  0.0107 -0.0764  1.0000  0.0000
   H0  =      -0.021502844227
  |H1| =       0.155091330034
  |H2| =      10.812903045563
   H0  =       0.000161989563
  |H1| =       0.005367692395
  |H2| =       0.495799867005
   H0  =      -0.000005223801
  |H1| =       0.000064367054
  |H2| =       0.009736714879
   H0  =      -0.000000004467
  |H1| =       0.000000933560
  |H2| =       0.000129824145
   H0  =       0.000000000000
  |H1| =       0.000000000486
  |H2| =       0.000000722201
   H0  =       0.000000000000
  |H1| =       0.000000000000
  |H2| =       0.000000001340
   H0  =       0.000000000000
  |H1| =       0.000000000000
  |H2| =       0.000000000002
    @SO-MR-DSRG    4      -1.013640618235  -4.285e-05  1.577e-02  4.891e-01  0.0108 -0.0766  1.0000  0.0000
   H0  =      -0.021518270695
  |H1| =       0.155114048429
  |H2| =      10.815714589027
   H0  =       0.000161985853
  |H1| =       0.005363008893
  |H2| =       0.495707534487
   H0  =      -0.000005241167
  |H1| =       0.000064329588
  |H2| =       0.009736838808
   H0  =      -0.000000004462
  |H1| =       0.000000932698
  |H2| =       0.000129838688
   H0  =       0.000000000000
  |H1| =       0.000000000483
  |H2| =       0.000000721781
   H0  =       0.000000000000
  |H1| =       0.000000000000
  |H2| =       0.000000001337
   H0  =       0.000000000000
  |H1| =       0.000000000000
  |H2| =       0.000000000002
    @SO-MR-DSRG    5      -1.013656052345  -1.543e-05  1.582e-02  4.892e-01  0.0108  0.0766  1.0000  0.0000
   H0  =      -0.021523887839
  |H1| =       0.155122621206
  |H2| =      10.816753920779
   H0  =       0.000161987075
  |H1| =       0.005361230012
  |H2| =       0.495669741626
   H0  =      -0.000005247488
  |H1| =       0.000064315409
  |H2| =       0.009736790386
   H0  =      -0.000000004460
  |H1| =       0.000000932356
  |H2| =       0.000129842089
   H0  =       0.000000000000
  |H1| =       0.000000000482
  |H2| =       0.000000721605
   H0  =       0.000000000000
  |H1| =       0.000000000000
  |H2| =       0.000000001335
   H0  =       0.000000000000
  |H1| =       0.000000000000
  |H2| =       0.000000000002
    @SO-MR-DSRG    6      -1.013661670985  -5.619e-06  1.584e-02  4.892e-01  0.0109 -0.0766  1.0000  0.0000
   H0  =      -0.021525943714
  |H1| =       0.155125816110
  |H2| =      10.817140394728
   H0  =       0.000161988299
  |H1| =       0.005360560089
  |H2| =       0.495654903967
   H0  =      -0.000005249805
  |H1| =       0.000064310085
  |H2| =       0.009736753524
   H0  =      -0.000000004460
  |H1| =       0.000000932223
  |H2| =       0.000129842932
   H0  =       0.000000000000
  |H1| =       0.000000000481
  |H2| =       0.000000721535
   H0  =       0.000000000000
  |H1| =       0.000000000000
  |H2| =       0.000000001335
   H0  =       0.000000000000
  |H1| =       0.000000000000
  |H2| =       0.000000000002
    @SO-MR-DSRG    7      -1.013663727019  -2.056e-06  1.585e-02  4.893e-01  0.0109 -0.0766  1.0000  0.0000
   H0  =      -0.021526699160
  |H1| =       0.155127006687
  |H2| =      10.817283937386
   H0  =       0.000161988939
  |H1| =       0.005360308494
  |H2| =       0.495649153113
   H0  =      -0.000005250657
  |H1| =       0.000064308084
  |H2| =       0.009736733745
   H0  =      -0.000000004459
  |H1| =       0.000000932172
  |H2| =       0.000129843114
   H0  =       0.000000000000
  |H1| =       0.000000000481
  |H2| =       0.000000721508
   H0  =       0.000000000000
  |H1| =       0.000000000000
  |H2| =       0.000000001335
   H0  =       0.000000000000
  |H1| =       0.000000000000
  |H2| =       0.000000000002
    @SO-MR-DSRG    8      -1.013664482429  -7.554e-07  1.585e-02  4.893e-01  0.0109 -0.0766  1.0000  0.0000
   H0  =      -0.021526977485
  |H1| =       0.155127448895
  |H2| =      10.817337283612
   H0  =       0.000161989228
  |H1| =       0.005360214311
  |H2| =       0.495646955213
   H0  =      -0.000005250971
  |H1| =       0.000064307334
  |H2| =       0.009736724867
   H0  =      -0.000000004459
  |H1| =       0.000000932153
  |H2| =       0.000129843146
   H0  =       0.000000000000
  |H1| =       0.000000000481
  |H2| =       0.000000721497
   H0  =       0.000000000000
  |H1| =       0.000000000000
  |H2| =       0.000000001334
   H0  =       0.000000000000
  |H1| =       0.000000000000
  |H2| =       0.000000000002
    @SO-MR-DSRG    9      -1.013664760715  -2.783e-07  1.586e-02  4.893e-01  0.0109 -0.0766  1.0000  0.0000
   H0  =      -0.021527080230
  |H1| =       0.155127613224
  |H2| =      10.817357102265
   H0  =       0.000161989350
  |H1| =       0.005360179124
  |H2| =       0.495646121484
   H0  =      -0.000005251087
  |H1| =       0.000064307054
  |H2| =       0.009736721129
   H0  =      -0.000000004459
  |H1| =       0.000000932146
  |H2| =       0.000129843148
   H0  =       0.000000000000
  |H1| =       0.000000000481
  |H2| =       0.000000721493
   H0  =       0.000000000000
  |H1| =       0.000000000000
  |H2| =       0.000000001334
   H0  =       0.000000000000
  |H1| =       0.000000000000
  |H2| =       0.000000000002
    @SO-MR-DSRG   10      -1.013664863438  -1.027e-07  1.586e-02  4.893e-01  0.0109 -0.0766  1.0000  0.0000
   H0  =      -0.021527118212
  |H1| =       0.155127674252
  |H2| =      10.817364464280
   H0  =       0.000161989399
  |H1| =       0.005360165998
  |H2| =       0.495645807106
   H0  =      -0.000005251130
  |H1| =       0.000064306950
  |H2| =       0.009736719621
   H0  =      -0.000000004459
  |H1| =       0.000000932143
  |H2| =       0.000129843146
   H0  =       0.000000000000
  |H1| =       0.000000000481
  |H2| =       0.000000721492
   H0  =       0.000000000000
  |H1| =       0.000000000000
  |H2| =       0.000000001334
   H0  =       0.000000000000
  |H1| =       0.000000000000
  |H2| =       0.000000000002
    @SO-MR-DSRG   11      -1.013664901409  -3.797e-08  1.586e-02  4.893e-01  0.0109 -0.0766  1.0000  0.0000
   H0  =      -0.021527132267
  |H1| =       0.155127696916
  |H2| =      10.817367198566
   H0  =       0.000161989418
  |H1| =       0.005360161108
  |H2| =       0.495645689047
   H0  =      -0.000005251146
  |H1| =       0.000064306911
  |H2| =       0.009736719028
   H0  =      -0.000000004459
  |H1| =       0.000000932142
  |H2| =       0.000129843145
   H0  =       0.000000000000
  |H1| =       0.000000000481
  |H2| =       0.000000721491
   H0  =       0.000000000000
  |H1| =       0.000000000000
  |H2| =       0.000000001334
   H0  =       0.000000000000
  |H1| =       0.000000000000
  |H2| =       0.000000000002
    @SO-MR-DSRG   12      -1.013664915460  -1.405e-08  1.586e-02  4.893e-01  0.0109 -0.0766  1.0000  0.0000
   H0  =      -0.021527137472
  |H1| =       0.155127705333
  |H2| =      10.817368213968
   H0  =       0.000161989425
  |H1| =       0.005360159288
  |H2| =       0.495645644844
   H0  =      -0.000005251152
  |H1| =       0.000064306896
  |H2| =       0.009736718798
   H0  =      -0.000000004459
  |H1| =       0.000000932142
  |H2| =       0.000129843144
   H0  =       0.000000000000
  |H1| =       0.000000000481
  |H2| =       0.000000721491
   H0  =       0.000000000000
  |H1| =       0.000000000000
  |H2| =       0.000000001334
   H0  =       0.000000000000
  |H1| =       0.000000000000
  |H2| =       0.000000000002
    @SO-MR-DSRG   13      -1.013664920664  -5.204e-09  1.586e-02  4.893e-01  0.0109 -0.0766  1.0000  0.0000
   H0  =      -0.021527139401
  |H1| =       0.155127708458
  |H2| =      10.817368591008
   H0  =       0.000161989428
  |H1| =       0.005360158611
  |H2| =       0.495645628331
   H0  =      -0.000005251154
  |H1| =       0.000064306891
  |H2| =       0.009736718710
   H0  =      -0.000000004459
  |H1| =       0.000000932142
  |H2| =       0.000129843144
   H0  =       0.000000000000
  |H1| =       0.000000000481
  |H2| =       0.000000721491
   H0  =       0.000000000000
  |H1| =       0.000000000000
  |H2| =       0.000000001334
   H0  =       0.000000000000
  |H1| =       0.000000000000
  |H2| =       0.000000000002
    @SO-MR-DSRG   14      -1.013664922592  -1.928e-09  1.586e-02  4.893e-01  0.0109 -0.0766  1.0000  0.0000
   H0  =      -0.021527140116
  |H1| =       0.155127709618
  |H2| =      10.817368731001
   H0  =       0.000161989429
  |H1| =       0.005360158359
  |H2| =       0.495645622172
   H0  =      -0.000005251155
  |H1| =       0.000064306889
  |H2| =       0.009736718677
   H0  =      -0.000000004459
  |H1| =       0.000000932142
  |H2| =       0.000129843144
   H0  =       0.000000000000
  |H1| =       0.000000000481
  |H2| =       0.000000721491
   H0  =       0.000000000000
  |H1| =       0.000000000000
  |H2| =       0.000000001334
   H0  =       0.000000000000
  |H1| =       0.000000000000
  |H2| =       0.000000000002
    @SO-MR-DSRG   15      -1.013664923307  -7.148e-10  1.586e-02  4.893e-01  0.0109  0.0766  1.0000  0.0000
   H0  =      -0.021527140382
  |H1| =       0.155127710049
  |H2| =      10.817368782976
   H0  =       0.000161989430
  |H1| =       0.005360158266
  |H2| =       0.495645619878
   H0  =      -0.000005251155
  |H1| =       0.000064306888
  |H2| =       0.009736718664
   H0  =      -0.000000004459
  |H1| =       0.000000932142
  |H2| =       0.000129843144
   H0  =       0.000000000000
  |H1| =       0.000000000481
  |H2| =       0.000000721491
   H0  =       0.000000000000
  |H1| =       0.000000000000
  |H2| =       0.000000001334
   H0  =       0.000000000000
  |H1| =       0.000000000000
  |H2| =       0.000000000002
    @SO-MR-DSRG   16      -1.013664923572  -2.651e-10  1.586e-02  4.893e-01  0.0109  0.0766  1.0000  0.0000
   H0  =      -0.021527140480
  |H1| =       0.155127710209
  |H2| =      10.817368802272
   H0  =       0.000161989430
  |H1| =       0.005360158231
  |H2| =       0.495645619024
   H0  =      -0.000005251155
  |H1| =       0.000064306888
  |H2| =       0.009736718660
   H0  =      -0.000000004459
  |H1| =       0.000000932142
  |H2| =       0.000129843144
   H0  =       0.000000000000
  |H1| =       0.000000000481
  |H2| =       0.000000721491
   H0  =       0.000000000000
  |H1| =       0.000000000000
  |H2| =       0.000000001334
   H0  =       0.000000000000
  |H1| =       0.000000000000
  |H2| =       0.000000000002
    @SO-MR-DSRG   17      -1.013664923670  -9.833e-11  1.586e-02  4.893e-01  0.0109  0.0766  1.0000  0.0000
  --------------------------------------------------------------------------------------------------


    SO-MR-DSRG correlation energy      =        -0.021447897264857
  * SO-MR-DSRG total energy            =        -1.013664923670226

  =>** After self.dsrg_solver.compute_energy() **<=

  Semicanonical orbitals must be used!


  Time to prepare integrals:        0.138 seconds
  Time to run job          :      177.629 seconds
  Total                    :      177.767 seconds
    Non-Hermitian MRDSRG unrelaxed energy.................................................PASSED

    Psi4 stopped on: Friday, 02 August 2024 02:20PM
    Psi4 wall time for execution: 0:02:58.33

*** Psi4 exiting successfully. Buy a developer a beer!
