
    -----------------------------------------------------------------------
          Psi4: An Open-Source Ab Initio Electronic Structure Package
                               Psi4 undefined 

                         Git: Rev {master} 3c26e8e 


    R. M. Parrish, L. A. Burns, D. G. A. Smith, A. C. Simmonett,
    A. E. DePrince III, E. G. Hohenstein, U. Bozkaya, A. Yu. Sokolov,
    R. Di Remigio, R. M. Richard, J. F. Gonthier, A. M. James,
    H. R. McAlexander, A. Kumar, M. Saitow, X. Wang, B. P. Pritchard,
    P. Verma, H. F. Schaefer III, K. Patkowski, R. A. King, E. F. Valeev,
    F. A. Evangelista, J. M. Turney, T. D. Crawford, and C. D. Sherrill,
    J. Chem. Theory Comput. 13(7) pp 3185--3197 (2017).
    (doi: 10.1021/acs.jctc.7b00174)


                         Additional Contributions by
    P. Kraus, H. Kruse, M. H. Lechner, M. C. Schieber, and R. A. Shaw

    -----------------------------------------------------------------------


    Psi4 started on: Thursday, 25 October 2018 03:58PM

    Process ID: 92741
    Host:       jeffschriber
    PSIDATADIR: /Users/jeffschriber/src/psi4-debug-install/share/psi4
    Memory:     500.0 MiB
    Threads:    1
    
  ==> Input File <==

--------------------------------------------------------------------------
#! Generated using commit GITCOMMIT
# Tests mp2_nos with spin projected system for multiple roots


import forte

refscf = -75.0525898286472852 
refaci = -75.394396759749 
refacipt2 =  -75.437282606139

molecule N2{
0 1
C 
C 1 2.6
units angstrom
}

set {
  basis DZ
  scf_type pk
  freeze_core true
  reference rohf 
  e_convergence 10
  d_convergence 10
  r_convergence 10
  docc [2,0,0,0,0,2,1,1]
  guess gwh
}



set forte {
  job_type = aci
  multiplicity 1
  aci_select_type amp
  aci_perturb_select false
  frozen_docc [1,0,0,0,0,1,0,0]
  root_sym 0
  sigma 0.01
  aci_nroot 1
  charge 0
  aci_enforce_spin_complete true
  aci_prescreen_threshold 0.0
  diag_algorithm solver
  sigma_build_type sparse
  active_ref_type hf
}

energy('scf')

compare_values(refscf, get_variable("CURRENT ENERGY"),9, "SCF energy") #TEST

energy('forte')
compare_values(refaci, get_variable("ACI ENERGY"),9, "ACI energy") #TEST
compare_values(refacipt2, get_variable("ACI+PT2 ENERGY"),7, "ACI+PT2 energy") #TEST
--------------------------------------------------------------------------

*** tstart() called on jeffschriber
*** at Thu Oct 25 15:58:56 2018

   => Loading Basis Set <=

    Name: DZ
    Role: ORBITAL
    Keyword: BASIS
    atoms 1-2 entry C          line    63 file /Users/jeffschriber/src/psi4-debug-install/share/psi4/basis/dz.gbs 


         ---------------------------------------------------------
                                   SCF
            by Justin Turney, Rob Parrish, Andy Simmonett
                             and Daniel Smith
                             ROHF Reference
                        1 Threads,    500 MiB Core
         ---------------------------------------------------------

  ==> Geometry <==

    Molecular point group: d2h
    Full point group: D_inf_h

    Geometry (in Angstrom), charge = 0, multiplicity = 1:

       Center              X                  Y                   Z               Mass       
    ------------   -----------------  -----------------  -----------------  -----------------
         C            0.000000000000     0.000000000000    -1.300000000000    12.000000000000
         C            0.000000000000     0.000000000000     1.300000000000    12.000000000000

  Running in d2h symmetry.

  Rotational constants: A = ************  B =      0.41562  C =      0.41562 [cm^-1]
  Rotational constants: A = ************  B =  12460.03473  C =  12460.03473 [MHz]
  Nuclear repulsion =    7.327069070815384

  Charge       = 0
  Multiplicity = 1
  Electrons    = 12
  Nalpha       = 6
  Nbeta        = 6

  ==> Algorithm <==

  SCF Algorithm Type is PK.
  DIIS enabled.
  MOM disabled.
  Fractional occupation disabled.
  Guess Type is GWH.
  Energy threshold   = 1.00e-10
  Density threshold  = 1.00e-10
  Integral threshold = 0.00e+00

  ==> Primary Basis <==

  Basis Set: DZ
    Blend: DZ
    Number of shells: 12
    Number of basis function: 20
    Number of Cartesian functions: 20
    Spherical Harmonics?: false
    Max angular momentum: 1

  ==> Pre-Iterations <==

   -------------------------------------------------------
    Irrep   Nso     Nmo     Nalpha   Nbeta   Ndocc  Nsocc
   -------------------------------------------------------
     Ag         6       6       2       2       2       0
     B1g        0       0       0       0       0       0
     B2g        2       2       0       0       0       0
     B3g        2       2       0       0       0       0
     Au         0       0       0       0       0       0
     B1u        6       6       2       2       2       0
     B2u        2       2       1       1       1       0
     B3u        2       2       1       1       1       0
   -------------------------------------------------------
    Total      20      20       6       6       6       0
   -------------------------------------------------------

  ==> Integral Setup <==

  Using in-core PK algorithm.
   Calculation information:
      Number of atoms:                   2
      Number of AO shells:              12
      Number of primitives:             28
      Number of atomic orbitals:        20
      Number of basis functions:        20

      Integral cutoff                 1.00e-12
      Number of threads:                 1

  Performing in-core PK
  Using 44310 doubles for integral storage.
  We computed 2802 shell quartets total.
  Whereas there are 3081 unique shell quartets.

  ==> DiskJK: Disk-Based J/K Matrices <==

    J tasked:                  Yes
    K tasked:                  Yes
    wK tasked:                  No
    Memory [MiB]:              375
    Schwarz Cutoff:          1E-12

    OpenMP threads:              1

  Minimum eigenvalue in the overlap matrix is 8.6152175042E-02.
  Using Symmetric Orthogonalization.

  SCF Guess: Generalized Wolfsberg-Helmholtz.

  ==> Iterations <==

                        Total Energy        Delta E     RMS |[F,P]|

   @ROHF iter   1:   -74.80224379612915   -7.48022e+01   1.43353e-01 
   @ROHF iter   2:   -75.04695491619880   -2.44711e-01   6.82550e-03 DIIS
   @ROHF iter   3:   -75.05228323167012   -5.32832e-03   1.10526e-03 DIIS
   @ROHF iter   4:   -75.05257450850007   -2.91277e-04   2.61490e-04 DIIS
   @ROHF iter   5:   -75.05258967769412   -1.51692e-05   2.49399e-05 DIIS
   @ROHF iter   6:   -75.05258982667530   -1.48981e-07   3.40521e-06 DIIS
   @ROHF iter   7:   -75.05258982862088   -1.94558e-09   3.76655e-07 DIIS
   @ROHF iter   8:   -75.05258982864720   -2.63185e-11   1.83938e-08 DIIS
   @ROHF iter   9:   -75.05258982864727   -7.10543e-14   1.32141e-09 DIIS
   @ROHF iter  10:   -75.05258982864721    5.68434e-14   1.21547e-10 DIIS
   @ROHF iter  11:   -75.05258982864724   -2.84217e-14   8.65813e-12 DIIS
  Energy converged.


  ==> Post-Iterations <==

    Orbital Energies [Eh]
    ---------------------

    Doubly Occupied:                                                      

       1Ag   -11.470404     1B1u  -11.470326     2Ag    -0.810058  
       2B1u   -0.745371     1B2u   -0.300980     1B3u   -0.300980  

    Singly Occupied:                                                      

    

    Virtual:                                                              

       1B3g   -0.073394     1B2g   -0.073394     3Ag    -0.047958  
       3B1u    0.077537     2B2u    0.444580     2B3u    0.444580  
       4B1u    0.446484     2B3g    0.507663     2B2g    0.507663  
       4Ag     0.549709     5Ag     0.613210     5B1u    0.857554  
       6Ag    23.510751     6B1u   23.582909  

    Final Occupation by Irrep:
             Ag   B1g   B2g   B3g    Au   B1u   B2u   B3u 
    DOCC [     2,    0,    0,    0,    0,    2,    1,    1 ]
    SOCC [     0,    0,    0,    0,    0,    0,    0,    0 ]

  @ROHF Final Energy:   -75.05258982864724

   => Energetics <=

    Nuclear Repulsion Energy =              7.3270690708153845
    One-Electron Energy =                -114.5630794461454798
    Two-Electron Energy =                  32.1834205466828536
    Total Energy =                        -75.0525898286472426

Computation Completed


Properties will be evaluated at   0.000000,   0.000000,   0.000000 [a0]

Properties computed using the SCF density matrix

  Nuclear Dipole Moment: [e a0]
     X:     0.0000      Y:     0.0000      Z:     0.0000

  Electronic Dipole Moment: [e a0]
     X:     0.0000      Y:     0.0000      Z:     0.0000

  Dipole Moment: [e a0]
     X:     0.0000      Y:     0.0000      Z:     0.0000     Total:     0.0000

  Dipole Moment: [D]
     X:     0.0000      Y:     0.0000      Z:     0.0000     Total:     0.0000


*** tstop() called on jeffschriber at Thu Oct 25 15:58:57 2018
Module time:
	user time   =       0.22 seconds =       0.00 minutes
	system time =       0.02 seconds =       0.00 minutes
	total time  =          1 seconds =       0.02 minutes
Total time:
	user time   =       0.22 seconds =       0.00 minutes
	system time =       0.02 seconds =       0.00 minutes
	total time  =          1 seconds =       0.02 minutes
	SCF energy........................................................PASSED

*** tstart() called on jeffschriber
*** at Thu Oct 25 15:58:57 2018

   => Loading Basis Set <=

    Name: DZ
    Role: ORBITAL
    Keyword: BASIS
    atoms 1-2 entry C          line    63 file /Users/jeffschriber/src/psi4-debug-install/share/psi4/basis/dz.gbs 


         ---------------------------------------------------------
                                   SCF
            by Justin Turney, Rob Parrish, Andy Simmonett
                             and Daniel Smith
                             ROHF Reference
                        1 Threads,    500 MiB Core
         ---------------------------------------------------------

  ==> Geometry <==

    Molecular point group: d2h
    Full point group: D_inf_h

    Geometry (in Angstrom), charge = 0, multiplicity = 1:

       Center              X                  Y                   Z               Mass       
    ------------   -----------------  -----------------  -----------------  -----------------
         C            0.000000000000     0.000000000000    -1.300000000000    12.000000000000
         C            0.000000000000     0.000000000000     1.300000000000    12.000000000000

  Running in d2h symmetry.

  Rotational constants: A = ************  B =      0.41562  C =      0.41562 [cm^-1]
  Rotational constants: A = ************  B =  12460.03473  C =  12460.03473 [MHz]
  Nuclear repulsion =    7.327069070815384

  Charge       = 0
  Multiplicity = 1
  Electrons    = 12
  Nalpha       = 6
  Nbeta        = 6

  ==> Algorithm <==

  SCF Algorithm Type is PK.
  DIIS enabled.
  MOM disabled.
  Fractional occupation disabled.
  Guess Type is GWH.
  Energy threshold   = 1.00e-10
  Density threshold  = 1.00e-10
  Integral threshold = 0.00e+00

  ==> Primary Basis <==

  Basis Set: DZ
    Blend: DZ
    Number of shells: 12
    Number of basis function: 20
    Number of Cartesian functions: 20
    Spherical Harmonics?: false
    Max angular momentum: 1

  ==> Pre-Iterations <==

   -------------------------------------------------------
    Irrep   Nso     Nmo     Nalpha   Nbeta   Ndocc  Nsocc
   -------------------------------------------------------
     Ag         6       6       2       2       2       0
     B1g        0       0       0       0       0       0
     B2g        2       2       0       0       0       0
     B3g        2       2       0       0       0       0
     Au         0       0       0       0       0       0
     B1u        6       6       2       2       2       0
     B2u        2       2       1       1       1       0
     B3u        2       2       1       1       1       0
   -------------------------------------------------------
    Total      20      20       6       6       6       0
   -------------------------------------------------------

  ==> Integral Setup <==

  Using in-core PK algorithm.
   Calculation information:
      Number of atoms:                   2
      Number of AO shells:              12
      Number of primitives:             28
      Number of atomic orbitals:        20
      Number of basis functions:        20

      Integral cutoff                 1.00e-12
      Number of threads:                 1

  Performing in-core PK
  Using 44310 doubles for integral storage.
  We computed 2802 shell quartets total.
  Whereas there are 3081 unique shell quartets.

  ==> DiskJK: Disk-Based J/K Matrices <==

    J tasked:                  Yes
    K tasked:                  Yes
    wK tasked:                  No
    Memory [MiB]:              375
    Schwarz Cutoff:          1E-12

    OpenMP threads:              1

  Minimum eigenvalue in the overlap matrix is 8.6152175042E-02.
  Using Symmetric Orthogonalization.

  SCF Guess: Generalized Wolfsberg-Helmholtz.

  ==> Iterations <==

                        Total Energy        Delta E     RMS |[F,P]|

   @ROHF iter   1:   -74.80224379612915   -7.48022e+01   1.43353e-01 
   @ROHF iter   2:   -75.04695491619879   -2.44711e-01   6.82550e-03 DIIS
   @ROHF iter   3:   -75.05228323167012   -5.32832e-03   1.10526e-03 DIIS
   @ROHF iter   4:   -75.05257450850007   -2.91277e-04   2.61490e-04 DIIS
   @ROHF iter   5:   -75.05258967769409   -1.51692e-05   2.49399e-05 DIIS
   @ROHF iter   6:   -75.05258982667530   -1.48981e-07   3.40521e-06 DIIS
   @ROHF iter   7:   -75.05258982862085   -1.94555e-09   3.76655e-07 DIIS
   @ROHF iter   8:   -75.05258982864717   -2.63185e-11   1.83938e-08 DIIS
   @ROHF iter   9:   -75.05258982864726   -8.52651e-14   1.32141e-09 DIIS
   @ROHF iter  10:   -75.05258982864724    1.42109e-14   1.21547e-10 DIIS
   @ROHF iter  11:   -75.05258982864726   -1.42109e-14   8.65850e-12 DIIS
  Energy converged.


  ==> Post-Iterations <==

    Orbital Energies [Eh]
    ---------------------

    Doubly Occupied:                                                      

       1Ag   -11.470404     1B1u  -11.470326     2Ag    -0.810058  
       2B1u   -0.745371     1B2u   -0.300980     1B3u   -0.300980  

    Singly Occupied:                                                      

    

    Virtual:                                                              

       1B3g   -0.073394     1B2g   -0.073394     3Ag    -0.047958  
       3B1u    0.077537     2B2u    0.444580     2B3u    0.444580  
       4B1u    0.446484     2B3g    0.507663     2B2g    0.507663  
       4Ag     0.549709     5Ag     0.613210     5B1u    0.857554  
       6Ag    23.510751     6B1u   23.582909  

    Final Occupation by Irrep:
             Ag   B1g   B2g   B3g    Au   B1u   B2u   B3u 
    DOCC [     2,    0,    0,    0,    0,    2,    1,    1 ]
    SOCC [     0,    0,    0,    0,    0,    0,    0,    0 ]

  @ROHF Final Energy:   -75.05258982864726

   => Energetics <=

    Nuclear Repulsion Energy =              7.3270690708153845
    One-Electron Energy =                -114.5630794461455224
    Two-Electron Energy =                  32.1834205466828891
    Total Energy =                        -75.0525898286472568

Computation Completed


Properties will be evaluated at   0.000000,   0.000000,   0.000000 [a0]

Properties computed using the SCF density matrix

  Nuclear Dipole Moment: [e a0]
     X:     0.0000      Y:     0.0000      Z:     0.0000

  Electronic Dipole Moment: [e a0]
     X:     0.0000      Y:     0.0000      Z:     0.0000

  Dipole Moment: [e a0]
     X:     0.0000      Y:     0.0000      Z:     0.0000     Total:     0.0000

  Dipole Moment: [D]
     X:     0.0000      Y:     0.0000      Z:     0.0000     Total:     0.0000


*** tstop() called on jeffschriber at Thu Oct 25 15:58:57 2018
Module time:
	user time   =       0.21 seconds =       0.00 minutes
	system time =       0.02 seconds =       0.00 minutes
	total time  =          0 seconds =       0.00 minutes
Total time:
	user time   =       0.45 seconds =       0.01 minutes
	system time =       0.04 seconds =       0.00 minutes
	total time  =          1 seconds =       0.02 minutes
   => Loading Basis Set <=

    Name: STO-3G
    Role: ORBITAL
    Keyword: MINAO_BASIS
    atoms 1-2 entry C          line    61 file /Users/jeffschriber/src/psi4-debug-install/share/psi4/basis/sto-3g.gbs 


Reading options from the FORTE block
Calling plugin forte.so.



  Forte
  ----------------------------------------------------------------------------
  A suite of quantum chemistry methods for strongly correlated electrons

    git branch: master - git commit: 9480afcf

  Developed by:
    Francesco A. Evangelista, Chenyang Li, Kevin P. Hannon,
    Jeffrey B. Schriber, Tianyuan Zhang, Chenxi Cai
  ----------------------------------------------------------------------------

  Size of Determinant class: 16

  ==> MO Space Information <==

  Read options for space FROZEN_DOCC
  -------------------------------------------------------------------------
                       Ag   B1g   B2g   B3g    Au   B1u   B2u   B3u   Sum
  -------------------------------------------------------------------------
    FROZEN_DOCC         1     0     0     0     0     1     0     0     2
    RESTRICTED_DOCC     0     0     0     0     0     0     0     0     0
    ACTIVE              5     0     2     2     0     5     2     2    18
    RESTRICTED_UOCC     0     0     0     0     0     0     0     0     0
    FROZEN_UOCC         0     0     0     0     0     0     0     0     0
    Total               6     0     2     2     0     6     2     2    20
  -------------------------------------------------------------------------

  ==> Integral Transformation <==

  Number of molecular orbitals:                    20
  Number of correlated molecular orbitals:         18
  Number of frozen occupied orbitals:               2
  Number of frozen unoccupied orbitals:             0
  Two-electron integral type:              Conventional


  Overall Conventional Integrals timings

	Presorting SO-basis two-electron integrals.
	Sorting File: SO Ints (nn|nn) nbuckets = 1
	Transforming the one-electron integrals and constructing Fock matrices
	Starting first half-transformation.
	Sorting half-transformed integrals.
	First half integral transformation complete.
	Starting second half-transformation.
	Two-electron integral transformation complete.

  Integral transformation done. 0.01586629 s
  Reading the two-electron integrals from disk
  Size of two-electron integrals:   0.003576 GB  Using in-core PK algorithm.
   Calculation information:
      Number of atoms:                   2
      Number of AO shells:              12
      Number of primitives:             28
      Number of atomic orbitals:        20
      Number of basis functions:        20

      Integral cutoff                 1.00e-12
      Number of threads:                 1

  Performing in-core PK
  Using 44310 doubles for integral storage.
  We computed 2802 shell quartets total.
  Whereas there are 3081 unique shell quartets.


  Frozen-core energy            -68.788158074678 a.u.
  Timing for frozen one-body operator:                        0.054 s.
  Resorting integrals after freezing core.
  Timing for freezing core and virtual orbitals:              0.066 s.
  Conventional integrals take 0.14193876 s
  Number of active alpha electrons: 4
  Number of active beta electrons: 4
  Maximum reference space size: 1000
  |200000000200002020>

        ---------------------------------------------------------------
                      Adaptive Configuration Interaction
          written by Jeffrey B. Schriber and Francesco A. Evangelista
        ---------------------------------------------------------------

  ==> Reference Information <==

  There are 2 frozen orbitals.
  There are 18 active orbitals.

  ==> Calculation Information <==

  -----------------------------------------------------------------
    Multiplicity                             1    
    Symmetry                                 0    
    Number of roots                          1    
    Root used for properties                 0    
    Sigma (Eh)                               1.00e-02
    Gamma (Eh^(-1))                          1.00e+00
    Convergence threshold                    1.00e-09
    Ms                                       0
    Diagonalization algorithm                SOLVER
    Determinant selection criterion          First-order Coefficients
    Selection criterion                      Threshold
    Excited Algorithm                        ROOT_ORTHOGONALIZE
    Project out spin contaminants            True
    Enforce spin completeness of basis       True
    Enforce complete aimed selection         True
  -----------------------------------------------------------------
  Using 1 threads
  Computing wavefunction for root 0

  ==> Cycle 0 <==

  Initial P space dimension: 1
  Spin-complete dimension of the P space: 1 determinants

  ==> Computing Coupling Lists <==
  --------------------------------
        α          0.000028 s
        β          0.000010 s
        αα         0.000020 s
        ββ         0.000013 s
        αβ         0.000030 s
  --------------------------------
  Time spent diagonalizing H:   0.000073 s

    P-space  CI Energy Root   0        = -75.052589828647 Eh =   0.0000 eV

  Using 1 threads.
  Dimension of the SD space: 626 determinants
  Time spent building the external space: 0.000878 s

  Dimension of the P + Q space: 202 determinants
  Time spent screening the model space: 0.000389 s
  Time spent building the model space: 0.001422
  Spin-complete dimension of the PQ space: 286

  ==> Computing Coupling Lists <==
  --------------------------------
        α          0.001335 s
        β          0.001333 s
        αα         0.001788 s
        ββ         0.001831 s
        αβ         0.004819 s
  --------------------------------

  Davidson-Liu solver algorithm
  Using SPARSE sigma builder
  Initial guess space is incomplete!
  Trying to add 11 determinant(s).  11 determinant(s) added.
  Initial guess found 49 solutions with 2S+1 = 1 *
  Initial guess found 47 solutions with 2S+1 = 3  
  Initial guess found 15 solutions with 2S+1 = 5  
  Adding guess 0 (multiplicity = 1.000000)
  Adding guess 1 (multiplicity = 1.000000)

  ==> Diagonalizing Hamiltonian <==

  ----------------------------------------
    Iter.      Avg. Energy       Delta_E
  ----------------------------------------
      1      -82.642995869469  -8.264e+01
      2      -82.653110640012  -1.011e-02
      3      -82.654376507066  -1.266e-03
      4      -82.655077901333  -7.014e-04
      5      -82.656189233272  -1.111e-03
      6      -82.656436163686  -2.469e-04
      7      -82.656460212969  -2.405e-05
      8      -82.656474603895  -1.439e-05
      9      -82.656499177568  -2.457e-05
     10      -82.656505001787  -5.824e-06
     11      -82.656505624508  -6.227e-07
     12      -82.656506010612  -3.861e-07
     13      -82.656506661832  -6.512e-07
     14      -82.656506815106  -1.533e-07
     15      -82.656506831965  -1.686e-08
     16      -82.656506842288  -1.032e-08
     17      -82.656506858487  -1.620e-08
     18      -82.656506862067  -3.579e-09
     19      -82.656506862456  -3.888e-10
     20      -82.656506862686  -2.307e-10
     21      -82.656506863014  -3.275e-10
     22      -82.656506863081  -6.673e-11
  ----------------------------------------
  The Davidson-Liu algorithm converged in 23 iterations.
  Davidson-Liu procedure took  0.031067 s
  Total time spent diagonalizing H:   0.031354 s

    PQ-space CI Energy Root   0        = -75.329437792265 Eh =   0.0000 eV
    PQ-space CI Energy + EPT2 Root   0 = -75.339318564598 Eh =   0.0000 eV


  Most important contributions to root   0:
    0   0.641284 0.411244951           0 |200000000200002020>
    1  -0.372207 0.138537742         191 |200002000200002000>
    2  -0.372207 0.138537742         154 |200000020200000020>
    3   0.298971 0.089383925          41 |20000+0-020000-0+0>
    4   0.298971 0.089383925          20 |20000-0+020000+0-0>
    5  -0.185057 0.034246239         158 |20000+0+020000-0-0>
    6  -0.185057 0.034246239           2 |20000-0-020000+0+0>
    7   0.113914 0.012976411          40 |20000-0+020000-0+0>
    8   0.113914 0.012976411          23 |20000+0-020000+0-0>
    9  -0.045116 0.002035467          17 |20000-+00200002000>

  Spin state for root 0: S^2 = 0.000000, S = 0.000, singlet
  Cycle 0 took: 0.046474 s

  ==> Cycle 1 <==

  Initial P space dimension: 83
  Spin-complete dimension of the P space: 131 determinants

  ==> Computing Coupling Lists <==
  --------------------------------
        α          0.000645 s
        β          0.000634 s
        αα         0.000887 s
        ββ         0.000875 s
        αβ         0.002253 s
  --------------------------------
  Time spent diagonalizing H:   0.008111 s

    P-space  CI Energy Root   0        = -75.347640791795 Eh =   0.0000 eV

  Using 1 threads.
  Dimension of the SD space: 33220 determinants
  Time spent building the external space: 0.096286 s

  Dimension of the P + Q space: 203 determinants
  Time spent screening the model space: 0.016886 s
  Time spent building the model space: 0.121704
  Spin-complete dimension of the PQ space: 309

  ==> Computing Coupling Lists <==
  --------------------------------
        α          0.001781 s
        β          0.001495 s
        αα         0.002066 s
        ββ         0.002109 s
        αβ         0.005190 s
  --------------------------------

  Davidson-Liu solver algorithm
  Using SPARSE sigma builder
  Initial guess space is incomplete!
  Trying to add 67 determinant(s).  67 determinant(s) added.
  Initial guess found 50 solutions with 2S+1 = 1 *
  Initial guess found 72 solutions with 2S+1 = 3  
  Initial guess found 36 solutions with 2S+1 = 5  
  Initial guess found 8 solutions with 2S+1 = 7  
  Initial guess found 1 solutions with 2S+1 = 9  
  Adding guess 0 (multiplicity = 1.000000)
  Adding guess 1 (multiplicity = 1.000000)

  ==> Diagonalizing Hamiltonian <==

  ----------------------------------------
    Iter.      Avg. Energy       Delta_E
  ----------------------------------------
      1      -82.653882325544  -8.265e+01
      2      -82.667592890971  -1.371e-02
      3      -82.668582273606  -9.894e-04
      4      -82.668961171973  -3.789e-04
      5      -82.669568084235  -6.069e-04
      6      -82.669700155006  -1.321e-04
      7      -82.669718055985  -1.790e-05
      8      -82.669726450815  -8.395e-06
      9      -82.669737495563  -1.104e-05
     10      -82.669740316288  -2.821e-06
     11      -82.669740843149  -5.269e-07
     12      -82.669741108128  -2.650e-07
     13      -82.669741410472  -3.023e-07
     14      -82.669741493872  -8.340e-08
     15      -82.669741508191  -1.432e-08
     16      -82.669741516116  -7.925e-09
     17      -82.669741525172  -9.056e-09
     18      -82.669741527727  -2.555e-09
     19      -82.669741528182  -4.558e-10
     20      -82.669741528433  -2.501e-10
     21      -82.669741528718  -2.859e-10
     22      -82.669741528804  -8.524e-11
  ----------------------------------------
  The Davidson-Liu algorithm converged in 23 iterations.
  Davidson-Liu procedure took  0.049066 s
  Total time spent diagonalizing H:   0.049572 s

    PQ-space CI Energy Root   0        = -75.342672457988 Eh =   0.0000 eV
    PQ-space CI Energy + EPT2 Root   0 = -75.386412788323 Eh =   0.0000 eV


  Most important contributions to root   0:
    0   0.490483 0.240573336           0 |200000000200002020>
    1   0.398384 0.158709707          15 |20000+0-020000-0+0>
    2   0.398384 0.158709707           6 |20000-0+020000+0-0>
    3  -0.333270 0.111069009          69 |200002000200002000>
    4  -0.333270 0.111069009          57 |200000020200000020>
    5  -0.238506 0.056885032          59 |20000+0+020000-0-0>
    6  -0.238506 0.056885032           1 |20000-0-020000+0+0>
    7   0.159878 0.025560987          14 |20000-0+020000-0+0>
    8   0.159878 0.025560987           8 |20000+0-020000+0-0>
    9  -0.042960 0.001845532           4 |20000+-00200002000>

  Spin state for root 0: S^2 = 0.000000, S = 0.000, singlet
  Cycle 1 took: 0.200972 s

  ==> Cycle 2 <==

  Initial P space dimension: 113
  Spin-complete dimension of the P space: 205 determinants

  ==> Computing Coupling Lists <==
  --------------------------------
        α          0.001092 s
        β          0.001049 s
        αα         0.001423 s
        ββ         0.001409 s
        αβ         0.003552 s
  --------------------------------

  Davidson-Liu solver algorithm
  Using SPARSE sigma builder
  Initial guess space is incomplete!
  Trying to add 53 determinant(s).  53 determinant(s) added.
  Initial guess found 47 solutions with 2S+1 = 1 *
  Initial guess found 66 solutions with 2S+1 = 3  
  Initial guess found 32 solutions with 2S+1 = 5  
  Initial guess found 7 solutions with 2S+1 = 7  
  Initial guess found 1 solutions with 2S+1 = 9  
  Adding guess 0 (multiplicity = 1.000000)
  Adding guess 1 (multiplicity = 1.000000)

  ==> Diagonalizing Hamiltonian <==

  ----------------------------------------
    Iter.      Avg. Energy       Delta_E
  ----------------------------------------
      1      -82.654789780493  -8.265e+01
      2      -82.664211252603  -9.421e-03
      3      -82.664979275101  -7.680e-04
      4      -82.665117167538  -1.379e-04
      5      -82.665252598436  -1.354e-04
      6      -82.665290206566  -3.761e-05
      7      -82.665302143998  -1.194e-05
      8      -82.665307250095  -5.106e-06
      9      -82.665311328605  -4.079e-06
     10      -82.665312812024  -1.483e-06
     11      -82.665313273299  -4.613e-07
     12      -82.665313506923  -2.336e-07
     13      -82.665313681841  -1.749e-07
     14      -82.665313748283  -6.644e-08
     15      -82.665313769126  -2.084e-08
     16      -82.665313779914  -1.079e-08
     17      -82.665313787730  -7.816e-09
     18      -82.665313790762  -3.033e-09
     19      -82.665313791713  -9.505e-10
     20      -82.665313792211  -4.977e-10
     21      -82.665313792566  -3.552e-10
     22      -82.665313792705  -1.394e-10
     23      -82.665313792749  -4.361e-11
  ----------------------------------------
  The Davidson-Liu algorithm converged in 24 iterations.
  Davidson-Liu procedure took  0.036166 s
  Time spent diagonalizing H:   0.036615 s

    P-space  CI Energy Root   0        = -75.338244721933 Eh =   0.0000 eV

  Using 1 threads.
  Dimension of the SD space: 49084 determinants
  Time spent building the external space: 0.135069 s

  Dimension of the P + Q space: 268 determinants
  Time spent screening the model space: 0.024631 s
  Time spent building the model space: 0.172180
  Spin-complete dimension of the PQ space: 366

  ==> Computing Coupling Lists <==
  --------------------------------
        α          0.001726 s
        β          0.001792 s
        αα         0.002510 s
        ββ         0.002432 s
        αβ         0.006005 s
  --------------------------------

  Davidson-Liu solver algorithm
  Using SPARSE sigma builder
  Initial guess space is incomplete!
  Trying to add 70 determinant(s).  70 determinant(s) added.
  Initial guess found 56 solutions with 2S+1 = 1 *
  Initial guess found 73 solutions with 2S+1 = 3  
  Initial guess found 33 solutions with 2S+1 = 5  
  Initial guess found 7 solutions with 2S+1 = 7  
  Initial guess found 1 solutions with 2S+1 = 9  
  Adding guess 0 (multiplicity = 1.000000)
  Adding guess 1 (multiplicity = 1.000000)

  ==> Diagonalizing Hamiltonian <==

  ----------------------------------------
    Iter.      Avg. Energy       Delta_E
  ----------------------------------------
      1      -82.693857375010  -8.269e+01
      2      -82.715882902903  -2.203e-02
      3      -82.717278458985  -1.396e-03
      4      -82.717418025181  -1.396e-04
      5      -82.717450144366  -3.212e-05
      6      -82.717460060602  -9.916e-06
      7      -82.717467739894  -7.679e-06
      8      -82.717470291472  -2.552e-06
      9      -82.717471067499  -7.760e-07
     10      -82.717471459485  -3.920e-07
     11      -82.717471751359  -2.919e-07
     12      -82.717471863907  -1.125e-07
     13      -82.717471898472  -3.457e-08
     14      -82.717471916803  -1.833e-08
     15      -82.717471930041  -1.324e-08
     16      -82.717471935223  -5.182e-09
     17      -82.717471936817  -1.593e-09
     18      -82.717471937664  -8.470e-10
     19      -82.717471938267  -6.034e-10
     20      -82.717471938505  -2.375e-10
     21      -82.717471938577  -7.299e-11
  ----------------------------------------
  The Davidson-Liu algorithm converged in 22 iterations.
  Davidson-Liu procedure took  0.051955 s
  Total time spent diagonalizing H:   0.052481 s

    PQ-space CI Energy Root   0        = -75.390402867762 Eh =   0.0000 eV
    PQ-space CI Energy + EPT2 Root   0 = -75.435030756277 Eh =   0.0000 eV


  Most important contributions to root   0:
    0   0.555039 0.308068253           0 |200000000200002020>
    1  -0.399054 0.159243873          46 |200002000200002000>
    2  -0.399054 0.159243873          39 |200000020200000020>
    3   0.296304 0.087795953         220 |200002020200000000>
    4   0.273367 0.074729690          13 |20000+0-020000-0+0>
    5   0.273367 0.074729690           5 |20000-0+020000+0-0>
    6   0.151368 0.022912379          12 |20000-0+020000-0+0>
    7   0.151368 0.022912379           7 |20000+0-020000+0-0>
    8  -0.121999 0.014883747          41 |20000+0+020000-0-0>
    9  -0.121999 0.014883747           1 |20000-0-020000+0+0>

  Spin state for root 0: S^2 = 0.000000, S = 0.000, singlet
  Cycle 2 took: 0.289580 s

  ==> Cycle 3 <==

  Initial P space dimension: 108
  Spin-complete dimension of the P space: 244 determinants

  ==> Computing Coupling Lists <==
  --------------------------------
        α          0.001170 s
        β          0.001163 s
        αα         0.001627 s
        ββ         0.001651 s
        αβ         0.004180 s
  --------------------------------

  Davidson-Liu solver algorithm
  Using SPARSE sigma builder
  Initial guess space is incomplete!
  Trying to add 60 determinant(s).  60 determinant(s) added.
  Initial guess found 50 solutions with 2S+1 = 1 *
  Initial guess found 70 solutions with 2S+1 = 3  
  Initial guess found 32 solutions with 2S+1 = 5  
  Initial guess found 7 solutions with 2S+1 = 7  
  Initial guess found 1 solutions with 2S+1 = 9  
  Adding guess 0 (multiplicity = 1.000000)
  Adding guess 1 (multiplicity = 1.000000)

  ==> Diagonalizing Hamiltonian <==

  ----------------------------------------
    Iter.      Avg. Energy       Delta_E
  ----------------------------------------
      1      -82.695078139834  -8.270e+01
      2      -82.712199415493  -1.712e-02
      3      -82.714024981336  -1.826e-03
      4      -82.714234478179  -2.095e-04
      5      -82.714308256537  -7.378e-05
      6      -82.714322592594  -1.434e-05
      7      -82.714333957030  -1.136e-05
      8      -82.714336817096  -2.860e-06
      9      -82.714337682556  -8.655e-07
     10      -82.714338012074  -3.295e-07
     11      -82.714338258629  -2.466e-07
     12      -82.714338338054  -7.943e-08
     13      -82.714338359282  -2.123e-08
     14      -82.714338369686  -1.040e-08
     15      -82.714338377125  -7.439e-09
     16      -82.714338379627  -2.502e-09
     17      -82.714338380298  -6.707e-10
     18      -82.714338380631  -3.335e-10
     19      -82.714338380865  -2.336e-10
     20      -82.714338380944  -7.991e-11
  ----------------------------------------
  The Davidson-Liu algorithm converged in 21 iterations.
  Davidson-Liu procedure took  0.039799 s
  Time spent diagonalizing H:   0.040275 s

    P-space  CI Energy Root   0        = -75.387269310129 Eh =   0.0000 eV

  Using 1 threads.
  Dimension of the SD space: 57218 determinants
  Time spent building the external space: 0.170824 s

  Dimension of the P + Q space: 264 determinants
  Time spent screening the model space: 0.029648 s
  Time spent building the model space: 0.216206
  Spin-complete dimension of the PQ space: 274

  ==> Computing Coupling Lists <==
  --------------------------------
        α          0.001295 s
        β          0.001299 s
        αα         0.001975 s
        ββ         0.001834 s
        αβ         0.004457 s
  --------------------------------

  Davidson-Liu solver algorithm
  Using SPARSE sigma builder
  Initial guess space is incomplete!
  Trying to add 70 determinant(s).  70 determinant(s) added.
  Initial guess found 54 solutions with 2S+1 = 1 *
  Initial guess found 75 solutions with 2S+1 = 3  
  Initial guess found 33 solutions with 2S+1 = 5  
  Initial guess found 7 solutions with 2S+1 = 7  
  Initial guess found 1 solutions with 2S+1 = 9  
  Adding guess 0 (multiplicity = 1.000000)
  Adding guess 1 (multiplicity = 1.000000)

  ==> Diagonalizing Hamiltonian <==

  ----------------------------------------
    Iter.      Avg. Energy       Delta_E
  ----------------------------------------
      1      -82.698387104401  -8.270e+01
      2      -82.721396237004  -2.301e-02
      3      -82.722741658724  -1.345e-03
      4      -82.722870366693  -1.287e-04
      5      -82.722897971951  -2.761e-05
      6      -82.722904222930  -6.251e-06
      7      -82.722905989990  -1.767e-06
      8      -82.722906470546  -4.806e-07
      9      -82.722906617875  -1.473e-07
     10      -82.722906665373  -4.750e-08
     11      -82.722906683086  -1.771e-08
     12      -82.722906689402  -6.316e-09
     13      -82.722906691865  -2.463e-09
     14      -82.722906692839  -9.743e-10
     15      -82.722906693256  -4.171e-10
     16      -82.722906693426  -1.696e-10
     17      -82.722906693497  -7.134e-11
  ----------------------------------------
  The Davidson-Liu algorithm converged in 18 iterations.
  Davidson-Liu procedure took  0.042868 s
  Total time spent diagonalizing H:   0.043362 s

    PQ-space CI Energy Root   0        = -75.395837622682 Eh =   0.0000 eV
    PQ-space CI Energy + EPT2 Root   0 = -75.437776233195 Eh =   0.0000 eV


  Most important contributions to root   0:
    0  -0.540826 0.292493271           0 |200000000200002020>
    1   0.406992 0.165642564          37 |200002000200002000>
    2   0.406992 0.165642564          32 |200000020200000020>
    3  -0.333257 0.111059920          82 |200002020200000000>
    4  -0.255333 0.065194760           4 |20000-0+020000+0-0>
    5  -0.255333 0.065194760          12 |20000+0-020000-0+0>
    6  -0.140470 0.019731772           6 |20000+0-020000+0-0>
    7  -0.140470 0.019731772          11 |20000-0+020000-0+0>
    8   0.114863 0.013193467          34 |20000+0+020000-0-0>
    9   0.114863 0.013193467           1 |20000-0-020000+0+0>

  Spin state for root 0: S^2 = 0.000000, S = 0.000, singlet
  Cycle 3 took: 0.325424 s

  ==> Cycle 4 <==

  Initial P space dimension: 118
  Spin-complete dimension of the P space: 236 determinants

  ==> Computing Coupling Lists <==
  --------------------------------
        α          0.001117 s
        β          0.001121 s
        αα         0.001603 s
        ββ         0.001654 s
        αβ         0.004026 s
  --------------------------------

  Davidson-Liu solver algorithm
  Using SPARSE sigma builder
  Initial guess space is incomplete!
  Trying to add 52 determinant(s).  52 determinant(s) added.
  Initial guess found 48 solutions with 2S+1 = 1 *
  Initial guess found 66 solutions with 2S+1 = 3  
  Initial guess found 30 solutions with 2S+1 = 5  
  Initial guess found 7 solutions with 2S+1 = 7  
  Initial guess found 1 solutions with 2S+1 = 9  
  Adding guess 0 (multiplicity = 1.000000)
  Adding guess 1 (multiplicity = 1.000000)

  ==> Diagonalizing Hamiltonian <==

  ----------------------------------------
    Iter.      Avg. Energy       Delta_E
  ----------------------------------------
      1      -82.699085070985  -8.270e+01
      2      -82.718307904053  -1.922e-02
      3      -82.720601539587  -2.294e-03
      4      -82.720822266154  -2.207e-04
      5      -82.720875690413  -5.342e-05
      6      -82.720884827470  -9.137e-06
      7      -82.720889326116  -4.499e-06
      8      -82.720890321791  -9.957e-07
      9      -82.720890729629  -4.078e-07
     10      -82.720890872349  -1.427e-07
     11      -82.720890952053  -7.970e-08
     12      -82.720890979327  -2.727e-08
     13      -82.720890990893  -1.157e-08
     14      -82.720890995230  -4.337e-09
     15      -82.720890997837  -2.608e-09
     16      -82.720890998761  -9.237e-10
     17      -82.720890999131  -3.700e-10
     18      -82.720890999282  -1.512e-10
     19      -82.720890999376  -9.312e-11
  ----------------------------------------
  The Davidson-Liu algorithm converged in 20 iterations.
  Davidson-Liu procedure took  0.035460 s
  Time spent diagonalizing H:   0.035866 s

    P-space  CI Energy Root   0        = -75.393821928560 Eh =   0.0000 eV

  Using 1 threads.
  Dimension of the SD space: 55817 determinants
  Time spent building the external space: 0.164340 s

  Dimension of the P + Q space: 240 determinants
  Time spent screening the model space: 0.029165 s
  Time spent building the model space: 0.208456
  Spin-complete dimension of the PQ space: 248

  ==> Computing Coupling Lists <==
  --------------------------------
        α          0.001279 s
        β          0.001375 s
        αα         0.001748 s
        ββ         0.001844 s
        αβ         0.004212 s
  --------------------------------

  Davidson-Liu solver algorithm
  Using SPARSE sigma builder
  Initial guess space is incomplete!
  Trying to add 64 determinant(s).  64 determinant(s) added.
  Initial guess found 52 solutions with 2S+1 = 1 *
  Initial guess found 72 solutions with 2S+1 = 3  
  Initial guess found 32 solutions with 2S+1 = 5  
  Initial guess found 7 solutions with 2S+1 = 7  
  Initial guess found 1 solutions with 2S+1 = 9  
  Adding guess 0 (multiplicity = 1.000000)
  Adding guess 1 (multiplicity = 1.000000)

  ==> Diagonalizing Hamiltonian <==

  ----------------------------------------
    Iter.      Avg. Energy       Delta_E
  ----------------------------------------
      1      -82.699720454565  -8.270e+01
      2      -82.718891671240  -1.917e-02
      3      -82.721173620810  -2.282e-03
      4      -82.721394389090  -2.208e-04
      5      -82.721448716150  -5.433e-05
      6      -82.721458904138  -1.019e-05
      7      -82.721463786724  -4.883e-06
      8      -82.721464995551  -1.209e-06
      9      -82.721465477582  -4.820e-07
     10      -82.721465662648  -1.851e-07
     11      -82.721465763923  -1.013e-07
     12      -82.721465802110  -3.819e-08
     13      -82.721465817818  -1.571e-08
     14      -82.721465824426  -6.608e-09
     15      -82.721465828112  -3.686e-09
     16      -82.721465829530  -1.419e-09
     17      -82.721465830116  -5.855e-10
     18      -82.721465830367  -2.509e-10
     19      -82.721465830509  -1.424e-10
     20      -82.721465830565  -5.539e-11
  ----------------------------------------
  The Davidson-Liu algorithm converged in 21 iterations.
  Davidson-Liu procedure took  0.042162 s
  Total time spent diagonalizing H:   0.042637 s

    PQ-space CI Energy Root   0        = -75.394396759749 Eh =   0.0000 eV
    PQ-space CI Energy + EPT2 Root   0 = -75.437282606139 Eh =   0.0000 eV


  Most important contributions to root   0:
    0   0.539737 0.291315636           0 |200000000200002020>
    1  -0.407894 0.166377620          35 |200002000200002000>
    2  -0.407894 0.166377620          30 |200000020200000020>
    3   0.334690 0.112017356          72 |200002020200000000>
    4   0.254435 0.064737392           4 |20000-0+020000+0-0>
    5   0.254435 0.064737392          11 |20000+0-020000-0+0>
    6   0.139519 0.019465624          10 |20000-0+020000-0+0>
    7   0.139519 0.019465624           6 |20000+0-020000+0-0>
    8  -0.114916 0.013205728          32 |20000+0+020000-0-0>
    9  -0.114916 0.013205728           1 |20000-0-020000+0+0>

  Spin state for root 0: S^2 = 0.000000, S = 0.000, singlet
  Cycle 4 took: 0.311651 s

  ==> Cycle 5 <==

  Initial P space dimension: 118
  Spin-complete dimension of the P space: 236 determinants

  ==> Computing Coupling Lists <==
  --------------------------------
        α          0.001130 s
        β          0.001122 s
        αα         0.001587 s
        ββ         0.001570 s
        αβ         0.004105 s
  --------------------------------

  Davidson-Liu solver algorithm
  Using SPARSE sigma builder
  Initial guess space is incomplete!
  Trying to add 52 determinant(s).  52 determinant(s) added.
  Initial guess found 48 solutions with 2S+1 = 1 *
  Initial guess found 66 solutions with 2S+1 = 3  
  Initial guess found 30 solutions with 2S+1 = 5  
  Initial guess found 7 solutions with 2S+1 = 7  
  Initial guess found 1 solutions with 2S+1 = 9  
  Adding guess 0 (multiplicity = 1.000000)
  Adding guess 1 (multiplicity = 1.000000)

  ==> Diagonalizing Hamiltonian <==

  ----------------------------------------
    Iter.      Avg. Energy       Delta_E
  ----------------------------------------
      1      -82.699085070985  -8.270e+01
      2      -82.718307904053  -1.922e-02
      3      -82.720601539587  -2.294e-03
      4      -82.720822266154  -2.207e-04
      5      -82.720875690413  -5.342e-05
      6      -82.720884827470  -9.137e-06
      7      -82.720889326116  -4.499e-06
      8      -82.720890321791  -9.957e-07
      9      -82.720890729629  -4.078e-07
     10      -82.720890872349  -1.427e-07
     11      -82.720890952053  -7.970e-08
     12      -82.720890979327  -2.727e-08
     13      -82.720890990893  -1.157e-08
     14      -82.720890995230  -4.337e-09
     15      -82.720890997837  -2.608e-09
     16      -82.720890998761  -9.237e-10
     17      -82.720890999131  -3.700e-10
     18      -82.720890999282  -1.512e-10
     19      -82.720890999376  -9.312e-11
  ----------------------------------------
  The Davidson-Liu algorithm converged in 20 iterations.
  Davidson-Liu procedure took  0.035411 s
  Time spent diagonalizing H:   0.035835 s

    P-space  CI Energy Root   0        = -75.393821928560 Eh =   0.0000 eV

  Using 1 threads.
  Dimension of the SD space: 55817 determinants
  Time spent building the external space: 0.162803 s

  Dimension of the P + Q space: 240 determinants
  Time spent screening the model space: 0.028974 s
  Time spent building the model space: 0.206664
  Spin-complete dimension of the PQ space: 248

  ==> Computing Coupling Lists <==
  --------------------------------
        α          0.001190 s
        β          0.001182 s
        αα         0.001659 s
        ββ         0.001662 s
        αβ         0.004247 s
  --------------------------------

  Davidson-Liu solver algorithm
  Using SPARSE sigma builder
  Initial guess space is incomplete!
  Trying to add 64 determinant(s).  64 determinant(s) added.
  Initial guess found 52 solutions with 2S+1 = 1 *
  Initial guess found 72 solutions with 2S+1 = 3  
  Initial guess found 32 solutions with 2S+1 = 5  
  Initial guess found 7 solutions with 2S+1 = 7  
  Initial guess found 1 solutions with 2S+1 = 9  
  Adding guess 0 (multiplicity = 1.000000)
  Adding guess 1 (multiplicity = 1.000000)

  ==> Diagonalizing Hamiltonian <==

  ----------------------------------------
    Iter.      Avg. Energy       Delta_E
  ----------------------------------------
      1      -82.699720454565  -8.270e+01
      2      -82.718891671240  -1.917e-02
      3      -82.721173620810  -2.282e-03
      4      -82.721394389090  -2.208e-04
      5      -82.721448716150  -5.433e-05
      6      -82.721458904138  -1.019e-05
      7      -82.721463786724  -4.883e-06
      8      -82.721464995551  -1.209e-06
      9      -82.721465477582  -4.820e-07
     10      -82.721465662648  -1.851e-07
     11      -82.721465763923  -1.013e-07
     12      -82.721465802110  -3.819e-08
     13      -82.721465817818  -1.571e-08
     14      -82.721465824426  -6.608e-09
     15      -82.721465828112  -3.686e-09
     16      -82.721465829530  -1.419e-09
     17      -82.721465830116  -5.855e-10
     18      -82.721465830367  -2.509e-10
     19      -82.721465830509  -1.424e-10
     20      -82.721465830565  -5.539e-11
  ----------------------------------------
  The Davidson-Liu algorithm converged in 21 iterations.
  Davidson-Liu procedure took  0.041892 s
  Total time spent diagonalizing H:   0.042353 s

    PQ-space CI Energy Root   0        = -75.394396759749 Eh =   0.0000 eV
    PQ-space CI Energy + EPT2 Root   0 = -75.437282606139 Eh =   0.0000 eV

  ***** Calculation Converged *****
  Saving root 0, ref_root is 0
  Number of old roots: 1

  ==> ACI Summary <==

  Iterations required:                         5
  Dimension of optimized determinant space:    248

  * Adaptive-CI Energy Root   0        = -75.394396759749 Eh =   0.0000 eV
  * Adaptive-CI Energy Root   0 + EPT2 = -75.437282606139 Eh =   0.0000 eV

  ==> Wavefunction Information <==

  Most important contributions to root   0:
    0   0.539737 0.291315636           0 |200000000200002020>
    1  -0.407894 0.166377620          35 |200002000200002000>
    2  -0.407894 0.166377620          30 |200000020200000020>
    3   0.334690 0.112017356          72 |200002020200000000>
    4   0.254435 0.064737392           4 |20000-0+020000+0-0>
    5   0.254435 0.064737392          11 |20000+0-020000-0+0>
    6   0.139519 0.019465624          10 |20000-0+020000-0+0>
    7   0.139519 0.019465624           6 |20000+0-020000+0-0>
    8  -0.114916 0.013205728          32 |20000+0+020000-0-0>
    9  -0.114916 0.013205728           1 |20000-0-020000+0+0>

  Spin state for root 0: S^2 = 0.000000, S = 0.000, singlet

  ==> Computing Coupling Lists <==
  --------------------------------
        α          0.001217 s
        β          0.001365 s
        αα         0.001660 s
        ββ         0.001643 s
        αβ         0.004071 s
  --------------------------------
  1-RDM  took 0.001161 s (determinant)

  ==> NATURAL ORBITALS <==

        1Ag     1.974565      1B1u    1.968453      1B2u    1.188701  
        1B3u    1.188701      1B2g    0.807145      1B3g    0.807145  
        2Ag     0.033860      2B1u    0.022043      2B3u    0.002701  
        2B2u    0.002701      2B2g    0.001678      2B3g    0.001678  
        3B1u    0.000391      3Ag     0.000236      5B1u    0.000000  
        4B1u    0.000000      5Ag     0.000000      4Ag     0.000000  


  RDMS took 0.011776

  Adaptive-CI ran in : 1.495083 s

  Saving information for root: 0	ACI energy........................................................PASSED
	ACI+PT2 energy....................................................PASSED

    Psi4 stopped on: Thursday, 25 October 2018 03:58PM
    Psi4 wall time for execution: 0:00:02.31

*** Psi4 exiting successfully. Buy a developer a beer!
